******************************************************************************
                  TI ARM Linker PC v18.1.2                     
******************************************************************************
>> Linked Thu May  9 10:48:25 2019

OUTPUT FILE NAME:   <Final.out>
ENTRY POINT SYMBOL: "_c_int00_noargs"  address: 00004875


MEMORY CONFIGURATION

         name            origin    length      used     unused   attr    fill
----------------------  --------  ---------  --------  --------  ----  --------
  MAIN                  00000000   00040000  000059c6  0003a63a  R  X
  INFO                  00200000   00004000  00000000  00004000  R  X
  SRAM_CODE             01000000   00010000  00000664  0000f99c  RW X
  SRAM_DATA             20000000   00010000  00000664  0000f99c  RW  


SEGMENT ALLOCATION MAP

run origin  load origin   length   init length attrs members
----------  ----------- ---------- ----------- ----- -------
00000000    00000000    000059c8   000059c8    r-x
  00000000    00000000    000000e4   000000e4    r-- .intvecs
  000000e4    000000e4    000048bc   000048bc    r-x .text
  000049a0    000049a0    00000fbe   00000fbe    r-- .const
  00005960    00005960    00000068   00000068    r-- .cinit
20000000    20000000    00000466   00000000    rw-
  20000000    20000000    00000412   00000000    rw- .bss
  20000414    20000414    00000052   00000000    rw- .data
2000fe00    2000fe00    00000200   00000000    rw-
  2000fe00    2000fe00    00000200   00000000    rw- .stack


SECTION ALLOCATION MAP

 output                                  attributes/
section   page    origin      length       input sections
--------  ----  ----------  ----------   ----------------
.intvecs   0    00000000    000000e4     
                  00000000    000000e4     startup_msp432p401r_ccs.obj (.intvecs:retain)

.text      0    000000e4    000048bc     
                  000000e4    0000104c     lib_PAE2.lib : graphics.obj (.text)
                  00001130    00000a5e     rtsv7M4_T_le_v4SPD16_eabi.lib : _printfi.c.obj (.text:__TI_printfi)
                  00001b8e    00000002                                   : div0.asm.obj (.text)
                  00001b90    000008a8     lib_PAE2.lib : lcd.obj (.text)
                  00002438    00000538     Practica_04 PAE_Alumnes.obj (.text)
                  00002970    000003b8     lib_UART.obj (.text)
                  00002d28    00000384     lib_motor.obj (.text)
                  000030ac    00000334     system_msp432p401r.obj (.text)
                  000033e0    00000270     rtsv7M4_T_le_v4SPD16_eabi.lib : _printfi.c.obj (.text:_pconv_a)
                  00003650    000001d0                                   : _printfi.c.obj (.text:_pconv_g)
                  00003820    000001b6                                   : fd_add_t2.asm.obj (.text)
                  000039d6    00000002     --HOLE-- [fill = 0]
                  000039d8    00000188     lib_PAE2.lib : msp_LCD.obj (.text)
                  00003b60    0000013c     rtsv7M4_T_le_v4SPD16_eabi.lib : _printfi.c.obj (.text:_pconv_e)
                  00003c9c    00000136                                   : fd_div_t2.asm.obj (.text)
                  00003dd2    00000002     --HOLE-- [fill = 0]
                  00003dd4    00000120                                   : _printfi.c.obj (.text:fcvt)
                  00003ef4    00000110                                   : s_scalbn.c.obj (.text:scalbn)
                  00004004    000000fc                                   : fd_mul_t2.asm.obj (.text)
                  00004100    000000b1                                   : _printfi.c.obj (.text:_ltostr)
                  000041b1    00000001     --HOLE-- [fill = 0]
                  000041b2    0000009c                                   : memcpy_t2.asm.obj (.text)
                  0000424e    00000096                                   : ull_div_t2.asm.obj (.text)
                  000042e4    00000086                                   : fd_cmp_t2.asm.obj (.text:__aeabi_cdcmple)
                  0000436a    00000086                                   : fd_cmp_t2.asm.obj (.text:__aeabi_cdrcmple)
                  000043f0    0000007a                                   : memset_t2.asm.obj (.text)
                  0000446a    00000002     --HOLE-- [fill = 0]
                  0000446c    00000078     lib_PAE2.lib : Inicializacion.obj (.text)
                  000044e4    0000006e     rtsv7M4_T_le_v4SPD16_eabi.lib : _printfi.c.obj (.text:_mcpy)
                  00004552    00000068                                   : copy_decompress_lzss.c.obj (.text:decompress:lzss:__TI_decompress_lzss)
                  000045ba    00000002     --HOLE-- [fill = 0]
                  000045bc    00000064                                   : s_frexp.c.obj (.text:frexp)
                  00004620    00000056                                   : _printfi.c.obj (.text:_pconv_f)
                  00004676    00000054                                   : ltoa.c.obj (.text:ltoa)
                  000046ca    00000052                                   : _printfi.c.obj (.text:_ecpy)
                  0000471c    0000004c                                   : atoi.c.obj (.text:atoi)
                  00004768    00000048                                   : fd_toi_t2.asm.obj (.text)
                  000047b0    00000044                                   : autoinit.c.obj (.text:__TI_auto_init_nobinit_nopinit:__TI_auto_init_nobinit_nopinit)
                  000047f4    00000040                                   : sprintf.c.obj (.text:sprintf)
                  00004834    0000003e                                   : _printfi.c.obj (.text:_fcpy)
                  00004872    00000002     --HOLE-- [fill = 0]
                  00004874    00000038                                   : boot_cortex_m.c.obj (.text:_c_int00_noargs:_c_int00_noargs)
                  000048ac    0000002e                                   : i_tofd_t2.asm.obj (.text)
                  000048da    0000001c                                   : memccpy.c.obj (.text:memccpy)
                  000048f6    00000018                                   : sprintf.c.obj (.text:_outs)
                  0000490e    00000016                                   : strchr.c.obj (.text:strchr)
                  00004924    00000014                                   : s_copysign.c.obj (.text:copysign)
                  00004938    00000014                                   : strlen.c.obj (.text:strlen)
                  0000494c    00000012                                   : wcslen.c.obj (.text:wcslen)
                  0000495e    0000000e                                   : copy_decompress_none.c.obj (.text:decompress:none:__TI_decompress_none)
                  0000496c    0000000e     startup_msp432p401r_ccs.obj (.text)
                  0000497a    0000000c     rtsv7M4_T_le_v4SPD16_eabi.lib : copy_zero_init.c.obj (.text:decompress:ZI:__TI_zero_init)
                  00004986    0000000a                                   : sprintf.c.obj (.text:_outc)
                  00004990    00000008                                   : errno.c.obj (.text:__aeabi_errno_addr)
                  00004998    00000004                                   : pre_init.c.obj (.text:_system_pre_init)
                  0000499c    00000004                                   : exit.c.obj (.text:abort:abort)

.const     0    000049a0    00000fbe     
                  000049a0    0000082a     lib_PAE2.lib : graphics.obj (.const:font_11x16)
                  000051ca    00000474                  : graphics.obj (.const:font_8x12)
                  0000563e    000001e0                  : graphics.obj (.const:font_5x7)
                  0000581e    00000101     rtsv7M4_T_le_v4SPD16_eabi.lib : ctype.c.obj (.const:.string:_ctypes_)
                  0000591f    00000010     lib_PAE2.lib : lcd.obj (.const:.string:$P$T0$1)
                  0000592f    00000010                  : lcd.obj (.const:.string:$P$T1$2)
                  0000593f    00000003     lib_motor.obj (.const:.string:$P$T0$1)
                  00005942    00000003     lib_motor.obj (.const:.string:$P$T1$2)
                  00005945    00000003     lib_motor.obj (.const:.string:$P$T2$3)
                  00005948    00000003     lib_motor.obj (.const:.string:$P$T3$4)
                  0000594b    00000003     lib_motor.obj (.const:.string:$P$T4$5)
                  0000594e    00000003     lib_motor.obj (.const:.string:$P$T5$6)
                  00005951    00000003     lib_motor.obj (.const:.string:$P$T6$7)
                  00005954    00000002     lib_motor.obj (.const:.string:$P$T10$11)
                  00005956    00000002     lib_motor.obj (.const:.string:$P$T11$12)
                  00005958    00000002     lib_motor.obj (.const:.string:$P$T7$8)
                  0000595a    00000002     lib_motor.obj (.const:.string:$P$T8$9)
                  0000595c    00000002     lib_motor.obj (.const:.string:$P$T9$10)

.cinit     0    00005960    00000068     
                  00005960    00000043     (.cinit..data.load) [load image, compression = lzss]
                  000059a3    00000001     --HOLE-- [fill = 0]
                  000059a4    0000000c     (__TI_handler_table)
                  000059b0    00000008     (.cinit..bss.load) [load image, compression = zero_init]
                  000059b8    00000010     (__TI_cinit_table)

.init_array 
*          0    00000000    00000000     UNINITIALIZED

.binit     0    00000000    00000000     

.bss       0    20000000    00000412     UNINITIALIZED
                  20000000    00000400     lib_PAE2.lib : graphics.obj (.bss:g_pulConvertedPalette)
                  20000400    00000010     (.common:cadena)
                  20000410    00000002     (.common:count_ms)

.data      0    20000414    00000052     UNINITIALIZED
                  20000414    00000013     Practica_04 PAE_Alumnes.obj (.data)
                  20000427    00000010     lib_UART.obj (.data:borrado)
                  20000437    00000010     Practica_04 PAE_Alumnes.obj (.data:saludo)
                  20000447    00000001     --HOLE--
                  20000448    0000000a     lib_PAE2.lib : lcd.obj (.data)
                  20000452    00000005     lib_UART.obj (.data)
                  20000457    00000004     lib_PAE2.lib : graphics.obj (.data)
                  2000045b    00000001     --HOLE--
                  2000045c    00000004     rtsv7M4_T_le_v4SPD16_eabi.lib : errno.c.obj (.data)
                  20000460    00000004     system_msp432p401r.obj (.data)
                  20000464    00000002     lib_motor.obj (.data)

.stack     0    2000fe00    00000200     UNINITIALIZED
                  2000fe00    00000004     rtsv7M4_T_le_v4SPD16_eabi.lib : boot_cortex_m.c.obj (.stack)
                  2000fe04    000001fc     --HOLE--

MODULE SUMMARY

       Module                        code    ro data   rw data
       ------                        ----    -------   -------
    .\
       Practica_04 PAE_Alumnes.obj   1336    0         70     
       lib_UART.obj                  952     0         46     
       lib_motor.obj                 900     31        36     
       system_msp432p401r.obj        820     0         8      
       startup_msp432p401r_ccs.obj   14      228       0      
    +--+-----------------------------+-------+---------+---------+
       Total:                        4022    259       160    
                                                              
    ../lib_PAE2.lib
       graphics.obj                  4172    3710      2056   
       lcd.obj                       2216    32        20     
       msp_LCD.obj                   392     0         0      
       Inicializacion.obj            120     0         0      
    +--+-----------------------------+-------+---------+---------+
       Total:                        6900    3742      2076   
                                                              
    C:\ti\ccsv8\tools\compiler\ti-cgt-arm_18.1.2.LTS\lib\rtsv7M4_T_le_v4SPD16_eabi.lib
       _printfi.c.obj                4863    0         0      
       fd_add_t2.asm.obj             438     0         0      
       fd_div_t2.asm.obj             310     0         0      
       s_scalbn.c.obj                272     0         0      
       fd_cmp_t2.asm.obj             268     0         0      
       ctype.c.obj                   0       257       0      
       fd_mul_t2.asm.obj             252     0         0      
       memcpy_t2.asm.obj             156     0         0      
       ull_div_t2.asm.obj            150     0         0      
       memset_t2.asm.obj             122     0         0      
       copy_decompress_lzss.c.obj    104     0         0      
       s_frexp.c.obj                 100     0         0      
       sprintf.c.obj                 98      0         0      
       ltoa.c.obj                    84      0         0      
       atoi.c.obj                    76      0         0      
       fd_toi_t2.asm.obj             72      0         0      
       autoinit.c.obj                68      0         0      
       boot_cortex_m.c.obj           56      0         0      
       i_tofd_t2.asm.obj             46      0         0      
       memccpy.c.obj                 28      0         0      
       strchr.c.obj                  22      0         0      
       s_copysign.c.obj              20      0         0      
       strlen.c.obj                  20      0         0      
       wcslen.c.obj                  18      0         0      
       errno.c.obj                   8       0         8      
       copy_decompress_none.c.obj    14      0         0      
       copy_zero_init.c.obj          12      0         0      
       exit.c.obj                    4       0         0      
       pre_init.c.obj                4       0         0      
       div0.asm.obj                  2       0         0      
    +--+-----------------------------+-------+---------+---------+
       Total:                        7687    257       8      
                                                              
       Stack:                        0       0         1024   
       Linker Generated:             0       103       0      
    +--+-----------------------------+-------+---------+---------+
       Grand Total:                  18609   4361      3268   


LINKER GENERATED COPY TABLES

__TI_cinit_table @ 000059b8 records: 2, size/record: 8, table size: 16
	.data: load addr=00005960, load size=00000043 bytes, run addr=20000414, run size=00000052 bytes, compression=lzss
	.bss: load addr=000059b0, load size=00000008 bytes, run addr=20000000, run size=00000412 bytes, compression=zero_init


LINKER GENERATED HANDLER TABLE

__TI_handler_table @ 000059a4 records: 3, size/record: 4, table size: 12
	index: 0, handler: __TI_decompress_lzss
	index: 1, handler: __TI_decompress_none
	index: 2, handler: __TI_zero_init


GLOBAL SYMBOLS: SORTED ALPHABETICALLY BY Name 

address   name                          
-------   ----                          
00004979  ADC14_IRQHandler              
00004979  AES256_IRQHandler             
00002a01  Activa_TimerA1_TimeOut        
00002a0d  Apaga_TimerA1_TimeOut         
00004979  BusFault_Handler              
20000456  Byte_Recibido                 
0000499d  C$$EXIT                       
00004979  COMP_E0_IRQHandler            
00004979  COMP_E1_IRQHandler            
00004979  CS_IRQHandler                 
2000044a  Color_Fondo                   
2000044e  Color_Fondo_Inv               
2000044c  Color_Texto                   
20000450  Color_Texto_Inv               
00004979  DMA_ERR_IRQHandler            
00004979  DMA_INT0_IRQHandler           
00004979  DMA_INT1_IRQHandler           
00004979  DMA_INT2_IRQHandler           
00004979  DMA_INT3_IRQHandler           
20000452  DatoLeido_UART                
00004979  DebugMon_Handler              
00004979  Default_Handler               
00004979  EUSCIA0_IRQHandler            
00004979  EUSCIA1_IRQHandler            
00002c75  EUSCIA2_IRQHandler            
00002c75  EUSCIA2_IRQHandler            
00004979  EUSCIA3_IRQHandler            
00004979  EUSCIB0_IRQHandler            
00004979  EUSCIB1_IRQHandler            
00004979  EUSCIB2_IRQHandler            
00004979  EUSCIB3_IRQHandler            
00004979  FLCTL_IRQHandler              
00004979  FPU_IRQHandler                
20000449  Fuente                        
00004979  HardFault_Handler             
00004979  MemManage_Handler             
00004979  NMI_Handler                   
00004979  PCM_IRQHandler                
00004979  PORT1_IRQHandler              
00004979  PORT2_IRQHandler              
00002695  PORT3_IRQHandler              
00002695  PORT3_IRQHandler              
000026d1  PORT4_IRQHandler              
000026d1  PORT4_IRQHandler              
00002725  PORT5_IRQHandler              
00002725  PORT5_IRQHandler              
00004979  PORT6_IRQHandler              
00004979  PSS_IRQHandler                
00004979  PendSV_Handler                
00004979  RTC_C_IRQHandler              
0000496d  Reset_Handler                 
00002b13  RxPacket                      
00004979  SVC_Handler                   
00004979  SysTick_Handler               
20000460  SystemCoreClock               
000030ad  SystemCoreClockUpdate         
00003325  SystemInit                    
00004979  T32_INT1_IRQHandler           
00004979  T32_INT2_IRQHandler           
00004979  T32_INTC_IRQHandler           
00002c9b  TA0_0_IRQHandler              
00002c9b  TA0_0_IRQHandler              
00004979  TA0_N_IRQHandler              
00002cc3  TA1_0_IRQHandler              
00002cc3  TA1_0_IRQHandler              
00004979  TA1_N_IRQHandler              
00004979  TA2_0_IRQHandler              
00004979  TA2_N_IRQHandler              
00004979  TA3_0_IRQHandler              
00004979  TA3_N_IRQHandler              
000029e3  TimeOut_check                 
00002a15  TxPacket                      
000029bf  TxUAC2                        
00004979  UsageFault_Handler            
4000480c  WDTCTL_SYM                    
00004979  WDT_A_IRQHandler              
20010000  __STACK_END                   
00000200  __STACK_SIZE                  
000059b8  __TI_CINIT_Base               
000059c8  __TI_CINIT_Limit              
000059a4  __TI_Handler_Table_Base       
000059b0  __TI_Handler_Table_Limit      
000047b1  __TI_auto_init_nobinit_nopinit
00004553  __TI_decompress_lzss          
0000495f  __TI_decompress_none          
ffffffff  __TI_pprof_out_hndl           
00001131  __TI_printfi                  
ffffffff  __TI_prof_data_size           
ffffffff  __TI_prof_data_start          
00000000  __TI_static_base__            
0000497b  __TI_zero_init                
000042e5  __aeabi_cdcmpeq               
000042e5  __aeabi_cdcmple               
0000436b  __aeabi_cdrcmple              
00004769  __aeabi_d2iz                  
0000382b  __aeabi_dadd                  
00003c9d  __aeabi_ddiv                  
00004005  __aeabi_dmul                  
00003821  __aeabi_dsub                  
00004991  __aeabi_errno_addr            
000048ad  __aeabi_i2d                   
00001b8f  __aeabi_idiv0                 
00001b8f  __aeabi_ldiv0                 
000043f1  __aeabi_memclr                
000043f1  __aeabi_memclr4               
000043f1  __aeabi_memclr8               
000041b3  __aeabi_memcpy                
000041b3  __aeabi_memcpy4               
000041b3  __aeabi_memcpy8               
000043f3  __aeabi_memset                
000043f3  __aeabi_memset4               
000043f3  __aeabi_memset8               
0000424f  __aeabi_uldivmod              
ffffffff  __binit__                     
ffffffff  __c_args__                    
UNDEFED   __mpu_init                    
2000fe00  __stack                       
00004875  _c_int00_noargs               
0000581e  _ctypes_                      
20000448  _orientation                  
UNDEFED   _system_post_cinit            
00004999  _system_pre_init              
0000499d  abort                         
0000471d  atoi                          
2000045a  bgColorHighByte               
20000459  bgColorLowByte                
ffffffff  binit                         
20000427  borrado                       
0000297d  borrar                        
20000400  cadena                        
00001fc1  cambiar_orientacion           
20000423  cambio_estado                 
00002f63  change_detection_distance     
00000121  clearScreen                   
000001af  clearScreenBkg                
20000458  colorHighByte                 
20000457  colorLowByte                  
00004925  copysign                      
00004925  copysignl                     
20000410  count_ms                      
20000455  count_timeout                 
00002eb5  decrease_speed                
00003afd  delay                         
00002c47  delay_t                       
20000426  detected                      
20000425  direccio_LED                  
00000521  drawCharLg                    
000005c9  drawCharLgBkg                 
000006ad  drawCharMd                    
0000075b  drawCharMdBkg                 
000003a1  drawCharSm                    
00000447  drawCharSmBkg                 
00000d9b  drawCircle                    
000008bd  drawImage                     
000008d5  drawImageLut                  
000009e3  drawImageMono                 
00000b41  drawLine                      
00000a01  drawLogicLine                 
00000237  drawPixel                     
00000d37  drawRect                      
00000267  drawString                    
00002781  drift                         
2000045c  errno                         
00002991  escribir                      
20000415  estado                        
20000416  estado_anterior               
00000fb9  fillCircle                    
00000f1b  fillRect                      
20000422  flag_retraso                  
000049a0  font_11x16                    
0000563e  font_5x7                      
000051ca  font_8x12                     
000045bd  frexp                         
000045bd  frexpl                        
00001c3b  getAltura                     
00001be9  getColumna                    
00001b97  getLinea                      
00001b91  getOrientacion                
00001c97  getScreenHeight               
00001c81  getScreenWidth                
00002151  halLcdClearLine               
00001fef  halLcdClearScreen             
00002013  halLcdClearScreenBkg          
000022c5  halLcdDrawCircle              
000023cd  halLcdDrawImageLut            
00002219  halLcdDrawLine                
000021c7  halLcdDrawPixel               
0000226d  halLcdDrawRect                
00002371  halLcdFillCircle              
00002315  halLcdFillRect                
00001fe3  halLcdInit                    
00002033  halLcdPrintLine               
000020b3  halLcdPrintLineCol            
2000041c  hora                          
20000420  hora_alarma                   
00002ea1  increase_speed                
00001e0d  initLCD                       
00002971  init_LCD                      
00002577  init_botons                   
000024dd  init_clock                    
00002439  init_interrupciones           
000039d9  init_spi_lcd_tactil           
000024b5  init_timer                    
00002505  init_uart                     
0000446d  init_ucs_16MHz                
000044a5  init_ucs_24MHz                
00000000  interruptVectors              
00003ef5  ldexp                         
00003ef5  ldexpl                        
20000414  linea                         
00004677  ltoa                          
00002871  main                          
000048db  memccpy                       
000041b3  memcpy                        
000043f9  memset                        
2000041f  min_alarma                    
2000041e  modifica_alarma               
2000041d  modifica_hora                 
00002d97  move_backward                 
00002d29  move_forward                  
00002e05  move_left                     
00002e55  move_right                    
20000454  no                            
00002ff7  obstacle_detected             
00002f01  print_distance                
00003029  print_obstacle                
00002f7b  read_sensors                  
20000418  retraso                       
20000437  saludo                        
00003ef5  scalbn                        
00003ef5  scalbnl                       
20000421  seg_alarma                    
000029a7  sentit_dades_rx               
000029b3  sentit_dades_tx               
00001cad  setArea                       
00000103  setBackgroundColor            
000000e5  setColor                      
00001f53  setOrientation                
20000453  si                            
000047f5  sprintf                       
00002ec7  stop                          
0000490f  strchr                        
00004939  strlen                        
000029db  timeOut_Reset                 
20000464  velocidad                     
20000424  velocitat                     
0000494d  wcslen                        
00003ad7  writeCommand                  
00003ab1  writeData                     


GLOBAL SYMBOLS: SORTED BY Symbol Address 

address   name                          
-------   ----                          
00000000  __TI_static_base__            
00000000  interruptVectors              
000000e5  setColor                      
00000103  setBackgroundColor            
00000121  clearScreen                   
000001af  clearScreenBkg                
00000200  __STACK_SIZE                  
00000237  drawPixel                     
00000267  drawString                    
000003a1  drawCharSm                    
00000447  drawCharSmBkg                 
00000521  drawCharLg                    
000005c9  drawCharLgBkg                 
000006ad  drawCharMd                    
0000075b  drawCharMdBkg                 
000008bd  drawImage                     
000008d5  drawImageLut                  
000009e3  drawImageMono                 
00000a01  drawLogicLine                 
00000b41  drawLine                      
00000d37  drawRect                      
00000d9b  drawCircle                    
00000f1b  fillRect                      
00000fb9  fillCircle                    
00001131  __TI_printfi                  
00001b8f  __aeabi_idiv0                 
00001b8f  __aeabi_ldiv0                 
00001b91  getOrientacion                
00001b97  getLinea                      
00001be9  getColumna                    
00001c3b  getAltura                     
00001c81  getScreenWidth                
00001c97  getScreenHeight               
00001cad  setArea                       
00001e0d  initLCD                       
00001f53  setOrientation                
00001fc1  cambiar_orientacion           
00001fe3  halLcdInit                    
00001fef  halLcdClearScreen             
00002013  halLcdClearScreenBkg          
00002033  halLcdPrintLine               
000020b3  halLcdPrintLineCol            
00002151  halLcdClearLine               
000021c7  halLcdDrawPixel               
00002219  halLcdDrawLine                
0000226d  halLcdDrawRect                
000022c5  halLcdDrawCircle              
00002315  halLcdFillRect                
00002371  halLcdFillCircle              
000023cd  halLcdDrawImageLut            
00002439  init_interrupciones           
000024b5  init_timer                    
000024dd  init_clock                    
00002505  init_uart                     
00002577  init_botons                   
00002695  PORT3_IRQHandler              
00002695  PORT3_IRQHandler              
000026d1  PORT4_IRQHandler              
000026d1  PORT4_IRQHandler              
00002725  PORT5_IRQHandler              
00002725  PORT5_IRQHandler              
00002781  drift                         
00002871  main                          
00002971  init_LCD                      
0000297d  borrar                        
00002991  escribir                      
000029a7  sentit_dades_rx               
000029b3  sentit_dades_tx               
000029bf  TxUAC2                        
000029db  timeOut_Reset                 
000029e3  TimeOut_check                 
00002a01  Activa_TimerA1_TimeOut        
00002a0d  Apaga_TimerA1_TimeOut         
00002a15  TxPacket                      
00002b13  RxPacket                      
00002c47  delay_t                       
00002c75  EUSCIA2_IRQHandler            
00002c75  EUSCIA2_IRQHandler            
00002c9b  TA0_0_IRQHandler              
00002c9b  TA0_0_IRQHandler              
00002cc3  TA1_0_IRQHandler              
00002cc3  TA1_0_IRQHandler              
00002d29  move_forward                  
00002d97  move_backward                 
00002e05  move_left                     
00002e55  move_right                    
00002ea1  increase_speed                
00002eb5  decrease_speed                
00002ec7  stop                          
00002f01  print_distance                
00002f63  change_detection_distance     
00002f7b  read_sensors                  
00002ff7  obstacle_detected             
00003029  print_obstacle                
000030ad  SystemCoreClockUpdate         
00003325  SystemInit                    
00003821  __aeabi_dsub                  
0000382b  __aeabi_dadd                  
000039d9  init_spi_lcd_tactil           
00003ab1  writeData                     
00003ad7  writeCommand                  
00003afd  delay                         
00003c9d  __aeabi_ddiv                  
00003ef5  ldexp                         
00003ef5  ldexpl                        
00003ef5  scalbn                        
00003ef5  scalbnl                       
00004005  __aeabi_dmul                  
000041b3  __aeabi_memcpy                
000041b3  __aeabi_memcpy4               
000041b3  __aeabi_memcpy8               
000041b3  memcpy                        
0000424f  __aeabi_uldivmod              
000042e5  __aeabi_cdcmpeq               
000042e5  __aeabi_cdcmple               
0000436b  __aeabi_cdrcmple              
000043f1  __aeabi_memclr                
000043f1  __aeabi_memclr4               
000043f1  __aeabi_memclr8               
000043f3  __aeabi_memset                
000043f3  __aeabi_memset4               
000043f3  __aeabi_memset8               
000043f9  memset                        
0000446d  init_ucs_16MHz                
000044a5  init_ucs_24MHz                
00004553  __TI_decompress_lzss          
000045bd  frexp                         
000045bd  frexpl                        
00004677  ltoa                          
0000471d  atoi                          
00004769  __aeabi_d2iz                  
000047b1  __TI_auto_init_nobinit_nopinit
000047f5  sprintf                       
00004875  _c_int00_noargs               
000048ad  __aeabi_i2d                   
000048db  memccpy                       
0000490f  strchr                        
00004925  copysign                      
00004925  copysignl                     
00004939  strlen                        
0000494d  wcslen                        
0000495f  __TI_decompress_none          
0000496d  Reset_Handler                 
00004979  ADC14_IRQHandler              
00004979  AES256_IRQHandler             
00004979  BusFault_Handler              
00004979  COMP_E0_IRQHandler            
00004979  COMP_E1_IRQHandler            
00004979  CS_IRQHandler                 
00004979  DMA_ERR_IRQHandler            
00004979  DMA_INT0_IRQHandler           
00004979  DMA_INT1_IRQHandler           
00004979  DMA_INT2_IRQHandler           
00004979  DMA_INT3_IRQHandler           
00004979  DebugMon_Handler              
00004979  Default_Handler               
00004979  EUSCIA0_IRQHandler            
00004979  EUSCIA1_IRQHandler            
00004979  EUSCIA3_IRQHandler            
00004979  EUSCIB0_IRQHandler            
00004979  EUSCIB1_IRQHandler            
00004979  EUSCIB2_IRQHandler            
00004979  EUSCIB3_IRQHandler            
00004979  FLCTL_IRQHandler              
00004979  FPU_IRQHandler                
00004979  HardFault_Handler             
00004979  MemManage_Handler             
00004979  NMI_Handler                   
00004979  PCM_IRQHandler                
00004979  PORT1_IRQHandler              
00004979  PORT2_IRQHandler              
00004979  PORT6_IRQHandler              
00004979  PSS_IRQHandler                
00004979  PendSV_Handler                
00004979  RTC_C_IRQHandler              
00004979  SVC_Handler                   
00004979  SysTick_Handler               
00004979  T32_INT1_IRQHandler           
00004979  T32_INT2_IRQHandler           
00004979  T32_INTC_IRQHandler           
00004979  TA0_N_IRQHandler              
00004979  TA1_N_IRQHandler              
00004979  TA2_0_IRQHandler              
00004979  TA2_N_IRQHandler              
00004979  TA3_0_IRQHandler              
00004979  TA3_N_IRQHandler              
00004979  UsageFault_Handler            
00004979  WDT_A_IRQHandler              
0000497b  __TI_zero_init                
00004991  __aeabi_errno_addr            
00004999  _system_pre_init              
0000499d  C$$EXIT                       
0000499d  abort                         
000049a0  font_11x16                    
000051ca  font_8x12                     
0000563e  font_5x7                      
0000581e  _ctypes_                      
000059a4  __TI_Handler_Table_Base       
000059b0  __TI_Handler_Table_Limit      
000059b8  __TI_CINIT_Base               
000059c8  __TI_CINIT_Limit              
20000400  cadena                        
20000410  count_ms                      
20000414  linea                         
20000415  estado                        
20000416  estado_anterior               
20000418  retraso                       
2000041c  hora                          
2000041d  modifica_hora                 
2000041e  modifica_alarma               
2000041f  min_alarma                    
20000420  hora_alarma                   
20000421  seg_alarma                    
20000422  flag_retraso                  
20000423  cambio_estado                 
20000424  velocitat                     
20000425  direccio_LED                  
20000426  detected                      
20000427  borrado                       
20000437  saludo                        
20000448  _orientation                  
20000449  Fuente                        
2000044a  Color_Fondo                   
2000044c  Color_Texto                   
2000044e  Color_Fondo_Inv               
20000450  Color_Texto_Inv               
20000452  DatoLeido_UART                
20000453  si                            
20000454  no                            
20000455  count_timeout                 
20000456  Byte_Recibido                 
20000457  colorLowByte                  
20000458  colorHighByte                 
20000459  bgColorLowByte                
2000045a  bgColorHighByte               
2000045c  errno                         
20000460  SystemCoreClock               
20000464  velocidad                     
2000fe00  __stack                       
20010000  __STACK_END                   
4000480c  WDTCTL_SYM                    
ffffffff  __TI_pprof_out_hndl           
ffffffff  __TI_prof_data_size           
ffffffff  __TI_prof_data_start          
ffffffff  __binit__                     
ffffffff  __c_args__                    
ffffffff  binit                         
UNDEFED   __mpu_init                    
UNDEFED   _system_post_cinit            

[249 symbols]
