******************************************************************************
                  TI ARM Linker PC v18.1.2                     
******************************************************************************
>> Linked Thu May 30 10:51:00 2019

OUTPUT FILE NAME:   <Final.out>
ENTRY POINT SYMBOL: "_c_int00_noargs"  address: 00004dd5


MEMORY CONFIGURATION

         name            origin    length      used     unused   attr    fill
----------------------  --------  ---------  --------  --------  ----  --------
  MAIN                  00000000   00040000  00005f22  0003a0de  R  X
  INFO                  00200000   00004000  00000000  00004000  R  X
  SRAM_CODE             01000000   00010000  00000664  0000f99c  RW X
  SRAM_DATA             20000000   00010000  00000664  0000f99c  RW  


SEGMENT ALLOCATION MAP

run origin  load origin   length   init length attrs members
----------  ----------- ---------- ----------- ----- -------
00000000    00000000    00005f28   00005f28    r-x
  00000000    00000000    000000e4   000000e4    r-- .intvecs
  000000e4    000000e4    00004e1c   00004e1c    r-x .text
  00004f00    00004f00    00000fba   00000fba    r-- .const
  00005ec0    00005ec0    00000068   00000068    r-- .cinit
20000000    20000000    00000466   00000000    rw-
  20000000    20000000    00000412   00000000    rw- .bss
  20000414    20000414    00000052   00000000    rw- .data
2000fe00    2000fe00    00000200   00000000    rw-
  2000fe00    2000fe00    00000200   00000000    rw- .stack


SECTION ALLOCATION MAP

 output                                  attributes/
section   page    origin      length       input sections
--------  ----  ----------  ----------   ----------------
.intvecs   0    00000000    000000e4     
                  00000000    000000e4     startup_msp432p401r_ccs.obj (.intvecs:retain)

.text      0    000000e4    00004e1c     
                  000000e4    0000104c     lib_PAE2.lib : graphics.obj (.text)
                  00001130    00000af0     Practica_04 PAE_Alumnes.obj (.text)
                  00001c20    00000a5e     rtsv7M4_T_le_v4SPD16_eabi.lib : _printfi.c.obj (.text:__TI_printfi)
                  0000267e    00000002                                   : div0.asm.obj (.text)
                  00002680    000008a8     lib_PAE2.lib : lcd.obj (.text)
                  00002f28    000003b8     lib_UART.obj (.text)
                  000032e0    00000334     system_msp432p401r.obj (.text)
                  00003614    0000032c     lib_motor.obj (.text)
                  00003940    00000270     rtsv7M4_T_le_v4SPD16_eabi.lib : _printfi.c.obj (.text:_pconv_a)
                  00003bb0    000001d0                                   : _printfi.c.obj (.text:_pconv_g)
                  00003d80    000001b6                                   : fd_add_t2.asm.obj (.text)
                  00003f36    00000002     --HOLE-- [fill = 0]
                  00003f38    00000188     lib_PAE2.lib : msp_LCD.obj (.text)
                  000040c0    0000013c     rtsv7M4_T_le_v4SPD16_eabi.lib : _printfi.c.obj (.text:_pconv_e)
                  000041fc    00000136                                   : fd_div_t2.asm.obj (.text)
                  00004332    00000002     --HOLE-- [fill = 0]
                  00004334    00000120                                   : _printfi.c.obj (.text:fcvt)
                  00004454    00000110                                   : s_scalbn.c.obj (.text:scalbn)
                  00004564    000000fc                                   : fd_mul_t2.asm.obj (.text)
                  00004660    000000b1                                   : _printfi.c.obj (.text:_ltostr)
                  00004711    00000001     --HOLE-- [fill = 0]
                  00004712    0000009c                                   : memcpy_t2.asm.obj (.text)
                  000047ae    00000096                                   : ull_div_t2.asm.obj (.text)
                  00004844    00000086                                   : fd_cmp_t2.asm.obj (.text:__aeabi_cdcmple)
                  000048ca    00000086                                   : fd_cmp_t2.asm.obj (.text:__aeabi_cdrcmple)
                  00004950    0000007a                                   : memset_t2.asm.obj (.text)
                  000049ca    00000002     --HOLE-- [fill = 0]
                  000049cc    00000078     lib_PAE2.lib : Inicializacion.obj (.text)
                  00004a44    0000006e     rtsv7M4_T_le_v4SPD16_eabi.lib : _printfi.c.obj (.text:_mcpy)
                  00004ab2    00000068                                   : copy_decompress_lzss.c.obj (.text:decompress:lzss:__TI_decompress_lzss)
                  00004b1a    00000002     --HOLE-- [fill = 0]
                  00004b1c    00000064                                   : s_frexp.c.obj (.text:frexp)
                  00004b80    00000056                                   : _printfi.c.obj (.text:_pconv_f)
                  00004bd6    00000054                                   : ltoa.c.obj (.text:ltoa)
                  00004c2a    00000052                                   : _printfi.c.obj (.text:_ecpy)
                  00004c7c    0000004c                                   : atoi.c.obj (.text:atoi)
                  00004cc8    00000048                                   : fd_toi_t2.asm.obj (.text)
                  00004d10    00000044                                   : autoinit.c.obj (.text:__TI_auto_init_nobinit_nopinit:__TI_auto_init_nobinit_nopinit)
                  00004d54    00000040                                   : sprintf.c.obj (.text:sprintf)
                  00004d94    0000003e                                   : _printfi.c.obj (.text:_fcpy)
                  00004dd2    00000002     --HOLE-- [fill = 0]
                  00004dd4    00000038                                   : boot_cortex_m.c.obj (.text:_c_int00_noargs:_c_int00_noargs)
                  00004e0c    0000002e                                   : i_tofd_t2.asm.obj (.text)
                  00004e3a    0000001c                                   : memccpy.c.obj (.text:memccpy)
                  00004e56    00000018                                   : sprintf.c.obj (.text:_outs)
                  00004e6e    00000016                                   : strchr.c.obj (.text:strchr)
                  00004e84    00000014                                   : s_copysign.c.obj (.text:copysign)
                  00004e98    00000014                                   : strlen.c.obj (.text:strlen)
                  00004eac    00000012                                   : wcslen.c.obj (.text:wcslen)
                  00004ebe    0000000e                                   : copy_decompress_none.c.obj (.text:decompress:none:__TI_decompress_none)
                  00004ecc    0000000e     startup_msp432p401r_ccs.obj (.text)
                  00004eda    0000000c     rtsv7M4_T_le_v4SPD16_eabi.lib : copy_zero_init.c.obj (.text:decompress:ZI:__TI_zero_init)
                  00004ee6    0000000a                                   : sprintf.c.obj (.text:_outc)
                  00004ef0    00000008                                   : errno.c.obj (.text:__aeabi_errno_addr)
                  00004ef8    00000004                                   : pre_init.c.obj (.text:_system_pre_init)
                  00004efc    00000004                                   : exit.c.obj (.text:abort:abort)

.const     0    00004f00    00000fba     
                  00004f00    0000082a     lib_PAE2.lib : graphics.obj (.const:font_11x16)
                  0000572a    00000474                  : graphics.obj (.const:font_8x12)
                  00005b9e    000001e0                  : graphics.obj (.const:font_5x7)
                  00005d7e    00000101     rtsv7M4_T_le_v4SPD16_eabi.lib : ctype.c.obj (.const:.string:_ctypes_)
                  00005e7f    00000010     lib_PAE2.lib : lcd.obj (.const:.string:$P$T0$1)
                  00005e8f    00000010                  : lcd.obj (.const:.string:$P$T1$2)
                  00005e9f    00000003     lib_motor.obj (.const:.string:$P$T0$1)
                  00005ea2    00000003     lib_motor.obj (.const:.string:$P$T1$2)
                  00005ea5    00000003     lib_motor.obj (.const:.string:$P$T2$3)
                  00005ea8    00000003     lib_motor.obj (.const:.string:$P$T3$4)
                  00005eab    00000003     lib_motor.obj (.const:.string:$P$T4$5)
                  00005eae    00000003     lib_motor.obj (.const:.string:$P$T5$6)
                  00005eb1    00000003     lib_motor.obj (.const:.string:$P$T6$7)
                  00005eb4    00000002     lib_motor.obj (.const:.string:$P$T7$8)
                  00005eb6    00000002     lib_motor.obj (.const:.string:$P$T8$9)
                  00005eb8    00000002     lib_motor.obj (.const:.string:$P$T9$10)

.cinit     0    00005ec0    00000068     
                  00005ec0    00000044     (.cinit..data.load) [load image, compression = lzss]
                  00005f04    0000000c     (__TI_handler_table)
                  00005f10    00000008     (.cinit..bss.load) [load image, compression = zero_init]
                  00005f18    00000010     (__TI_cinit_table)

.init_array 
*          0    00000000    00000000     UNINITIALIZED

.binit     0    00000000    00000000     

.bss       0    20000000    00000412     UNINITIALIZED
                  20000000    00000400     lib_PAE2.lib : graphics.obj (.bss:g_pulConvertedPalette)
                  20000400    00000010     (.common:cadena)
                  20000410    00000002     (.common:count_ms)

.data      0    20000414    00000052     UNINITIALIZED
                  20000414    00000014     Practica_04 PAE_Alumnes.obj (.data)
                  20000428    00000010     lib_UART.obj (.data:borrado)
                  20000438    00000010     Practica_04 PAE_Alumnes.obj (.data:saludo)
                  20000448    0000000a     lib_PAE2.lib : lcd.obj (.data)
                  20000452    00000005     lib_UART.obj (.data)
                  20000457    00000004     lib_PAE2.lib : graphics.obj (.data)
                  2000045b    00000001     --HOLE--
                  2000045c    00000004     rtsv7M4_T_le_v4SPD16_eabi.lib : errno.c.obj (.data)
                  20000460    00000004     system_msp432p401r.obj (.data)
                  20000464    00000002     lib_motor.obj (.data)

.stack     0    2000fe00    00000200     UNINITIALIZED
                  2000fe00    00000004     rtsv7M4_T_le_v4SPD16_eabi.lib : boot_cortex_m.c.obj (.stack)
                  2000fe04    000001fc     --HOLE--

MODULE SUMMARY

       Module                        code    ro data   rw data
       ------                        ----    -------   -------
    .\
       Practica_04 PAE_Alumnes.obj   2800    0         104    
       lib_UART.obj                  952     0         46     
       lib_motor.obj                 812     27        4      
       system_msp432p401r.obj        820     0         8      
       startup_msp432p401r_ccs.obj   14      228       0      
    +--+-----------------------------+-------+---------+---------+
       Total:                        5398    255       162    
                                                              
    ../lib_PAE2.lib
       graphics.obj                  4172    3710      2056   
       lcd.obj                       2216    32        20     
       msp_LCD.obj                   392     0         0      
       Inicializacion.obj            120     0         0      
    +--+-----------------------------+-------+---------+---------+
       Total:                        6900    3742      2076   
                                                              
    C:\ti\ccsv8\tools\compiler\ti-cgt-arm_18.1.2.LTS\lib\rtsv7M4_T_le_v4SPD16_eabi.lib
       _printfi.c.obj                4863    0         0      
       fd_add_t2.asm.obj             438     0         0      
       fd_div_t2.asm.obj             310     0         0      
       s_scalbn.c.obj                272     0         0      
       fd_cmp_t2.asm.obj             268     0         0      
       ctype.c.obj                   0       257       0      
       fd_mul_t2.asm.obj             252     0         0      
       memcpy_t2.asm.obj             156     0         0      
       ull_div_t2.asm.obj            150     0         0      
       memset_t2.asm.obj             122     0         0      
       copy_decompress_lzss.c.obj    104     0         0      
       s_frexp.c.obj                 100     0         0      
       sprintf.c.obj                 98      0         0      
       ltoa.c.obj                    84      0         0      
       atoi.c.obj                    76      0         0      
       fd_toi_t2.asm.obj             72      0         0      
       autoinit.c.obj                68      0         0      
       boot_cortex_m.c.obj           56      0         0      
       i_tofd_t2.asm.obj             46      0         0      
       memccpy.c.obj                 28      0         0      
       strchr.c.obj                  22      0         0      
       s_copysign.c.obj              20      0         0      
       strlen.c.obj                  20      0         0      
       wcslen.c.obj                  18      0         0      
       errno.c.obj                   8       0         8      
       copy_decompress_none.c.obj    14      0         0      
       copy_zero_init.c.obj          12      0         0      
       exit.c.obj                    4       0         0      
       pre_init.c.obj                4       0         0      
       div0.asm.obj                  2       0         0      
    +--+-----------------------------+-------+---------+---------+
       Total:                        7687    257       8      
                                                              
       Stack:                        0       0         1024   
       Linker Generated:             0       104       0      
    +--+-----------------------------+-------+---------+---------+
       Grand Total:                  19985   4358      3270   


LINKER GENERATED COPY TABLES

__TI_cinit_table @ 00005f18 records: 2, size/record: 8, table size: 16
	.data: load addr=00005ec0, load size=00000044 bytes, run addr=20000414, run size=00000052 bytes, compression=lzss
	.bss: load addr=00005f10, load size=00000008 bytes, run addr=20000000, run size=00000412 bytes, compression=zero_init


LINKER GENERATED HANDLER TABLE

__TI_handler_table @ 00005f04 records: 3, size/record: 4, table size: 12
	index: 0, handler: __TI_decompress_lzss
	index: 1, handler: __TI_decompress_none
	index: 2, handler: __TI_zero_init


GLOBAL SYMBOLS: SORTED ALPHABETICALLY BY Name 

address   name                          
-------   ----                          
00004ed9  ADC14_IRQHandler              
00004ed9  AES256_IRQHandler             
00002fb9  Activa_TimerA1_TimeOut        
00002fc5  Apaga_TimerA1_TimeOut         
00004ed9  BusFault_Handler              
20000456  Byte_Recibido                 
00004efd  C$$EXIT                       
00004ed9  COMP_E0_IRQHandler            
00004ed9  COMP_E1_IRQHandler            
00004ed9  CS_IRQHandler                 
2000044a  Color_Fondo                   
2000044e  Color_Fondo_Inv               
2000044c  Color_Texto                   
20000450  Color_Texto_Inv               
00004ed9  DMA_ERR_IRQHandler            
00004ed9  DMA_INT0_IRQHandler           
00004ed9  DMA_INT1_IRQHandler           
00004ed9  DMA_INT2_IRQHandler           
00004ed9  DMA_INT3_IRQHandler           
20000452  DatoLeido_UART                
00004ed9  DebugMon_Handler              
00004ed9  Default_Handler               
00004ed9  EUSCIA0_IRQHandler            
00004ed9  EUSCIA1_IRQHandler            
0000322d  EUSCIA2_IRQHandler            
0000322d  EUSCIA2_IRQHandler            
00004ed9  EUSCIA3_IRQHandler            
00004ed9  EUSCIB0_IRQHandler            
00004ed9  EUSCIB1_IRQHandler            
00004ed9  EUSCIB2_IRQHandler            
00004ed9  EUSCIB3_IRQHandler            
00004ed9  FLCTL_IRQHandler              
00004ed9  FPU_IRQHandler                
20000449  Fuente                        
00004ed9  HardFault_Handler             
00004ed9  MemManage_Handler             
00004ed9  NMI_Handler                   
00004ed9  PCM_IRQHandler                
00004ed9  PORT1_IRQHandler              
00004ed9  PORT2_IRQHandler              
0000138d  PORT3_IRQHandler              
0000138d  PORT3_IRQHandler              
000013cf  PORT4_IRQHandler              
000013cf  PORT4_IRQHandler              
00001423  PORT5_IRQHandler              
00001423  PORT5_IRQHandler              
00004ed9  PORT6_IRQHandler              
00004ed9  PSS_IRQHandler                
00004ed9  PendSV_Handler                
00004ed9  RTC_C_IRQHandler              
00004ecd  Reset_Handler                 
000030cb  RxPacket                      
00004ed9  SVC_Handler                   
00004ed9  SysTick_Handler               
20000460  SystemCoreClock               
000032e1  SystemCoreClockUpdate         
00003559  SystemInit                    
00004ed9  T32_INT1_IRQHandler           
00004ed9  T32_INT2_IRQHandler           
00004ed9  T32_INTC_IRQHandler           
00003253  TA0_0_IRQHandler              
00003253  TA0_0_IRQHandler              
00004ed9  TA0_N_IRQHandler              
0000327b  TA1_0_IRQHandler              
0000327b  TA1_0_IRQHandler              
00004ed9  TA1_N_IRQHandler              
00004ed9  TA2_0_IRQHandler              
00004ed9  TA2_N_IRQHandler              
00004ed9  TA3_0_IRQHandler              
00004ed9  TA3_N_IRQHandler              
00002f9b  TimeOut_check                 
00002fcd  TxPacket                      
00002f77  TxUAC2                        
00004ed9  UsageFault_Handler            
4000480c  WDTCTL_SYM                    
00004ed9  WDT_A_IRQHandler              
20010000  __STACK_END                   
00000200  __STACK_SIZE                  
00005f18  __TI_CINIT_Base               
00005f28  __TI_CINIT_Limit              
00005f04  __TI_Handler_Table_Base       
00005f10  __TI_Handler_Table_Limit      
00004d11  __TI_auto_init_nobinit_nopinit
00004ab3  __TI_decompress_lzss          
00004ebf  __TI_decompress_none          
ffffffff  __TI_pprof_out_hndl           
00001c21  __TI_printfi                  
ffffffff  __TI_prof_data_size           
ffffffff  __TI_prof_data_start          
00000000  __TI_static_base__            
00004edb  __TI_zero_init                
00004845  __aeabi_cdcmpeq               
00004845  __aeabi_cdcmple               
000048cb  __aeabi_cdrcmple              
00004cc9  __aeabi_d2iz                  
00003d8b  __aeabi_dadd                  
000041fd  __aeabi_ddiv                  
00004565  __aeabi_dmul                  
00003d81  __aeabi_dsub                  
00004ef1  __aeabi_errno_addr            
00004e0d  __aeabi_i2d                   
0000267f  __aeabi_idiv0                 
0000267f  __aeabi_ldiv0                 
00004951  __aeabi_memclr                
00004951  __aeabi_memclr4               
00004951  __aeabi_memclr8               
00004713  __aeabi_memcpy                
00004713  __aeabi_memcpy4               
00004713  __aeabi_memcpy8               
00004953  __aeabi_memset                
00004953  __aeabi_memset4               
00004953  __aeabi_memset8               
000047af  __aeabi_uldivmod              
ffffffff  __binit__                     
ffffffff  __c_args__                    
UNDEFED   __mpu_init                    
2000fe00  __stack                       
00004dd5  _c_int00_noargs               
00005d7e  _ctypes_                      
20000448  _orientation                  
UNDEFED   _system_post_cinit            
00004ef9  _system_pre_init              
00004efd  abort                         
00004c7d  atoi                          
2000045a  bgColorHighByte               
20000459  bgColorLowByte                
ffffffff  binit                         
20000428  borrado                       
00002f35  borrar                        
00001a09  borrar_menu                   
20000400  cadena                        
00002ab1  cambiar_orientacion           
20000421  center_sensor                 
00003839  change_detection_center       
00001645  changed                       
00000121  clearScreen                   
000001af  clearScreenBkg                
20000458  colorHighByte                 
20000457  colorLowByte                  
00004e85  copysign                      
00004e85  copysignl                     
20000410  count_ms                      
20000455  count_timeout                 
000037a1  decrease_speed                
0000405d  delay                         
000031ff  delay_t                       
2000041e  detected                      
2000041d  direccio_LED                  
00000521  drawCharLg                    
000005c9  drawCharLgBkg                 
000006ad  drawCharMd                    
0000075b  drawCharMdBkg                 
000003a1  drawCharSm                    
00000447  drawCharSmBkg                 
00000d9b  drawCircle                    
000008bd  drawImage                     
000008d5  drawImageLut                  
000009e3  drawImageMono                 
00000b41  drawLine                      
00000a01  drawLogicLine                 
00000237  drawPixel                     
00000d37  drawRect                      
00000267  drawString                    
000014ad  drift                         
2000041f  encontrar_pared               
2000045c  errno                         
00002f49  escribir                      
20000415  estado                        
20000416  estado_anterior               
00000fb9  fillCircle                    
00000f1b  fillRect                      
000016f5  follow_left                   
000017fd  follow_right                  
00004f00  font_11x16                    
00005b9e  font_5x7                      
0000572a  font_8x12                     
00004b1d  frexp                         
00004b1d  frexpl                        
0000272b  getAltura                     
000026d9  getColumna                    
00002687  getLinea                      
00002681  getOrientacion                
00002787  getScreenHeight               
00002771  getScreenWidth                
00002c41  halLcdClearLine               
00002adf  halLcdClearScreen             
00002b03  halLcdClearScreenBkg          
00002db5  halLcdDrawCircle              
00002ebd  halLcdDrawImageLut            
00002d09  halLcdDrawLine                
00002cb7  halLcdDrawPixel               
00002d5d  halLcdDrawRect                
00002e61  halLcdFillCircle              
00002e05  halLcdFillRect                
00002ad3  halLcdInit                    
00002b23  halLcdPrintLine               
00002ba3  halLcdPrintLineCol            
0000378d  increase_speed                
000028fd  initLCD                       
00002f29  init_LCD                      
0000126f  init_botons                   
000011d5  init_clock                    
00001131  init_interrupciones           
00003f39  init_spi_lcd_tactil           
000011ad  init_timer                    
000011fd  init_uart                     
000049cd  init_ucs_16MHz                
00004a05  init_ucs_24MHz                
00000000  interruptVectors              
00004455  ldexp                         
00004455  ldexpl                        
20000422  left_sensor                   
20000414  linea                         
00004bd7  ltoa                          
00001a35  main                          
00004e3b  memccpy                       
00004713  memcpy                        
00004959  memset                        
20000420  menu                          
00001969  menu_principal                
20000424  min_center_sensor             
20000425  min_left_sensor               
20000426  min_right_sensor              
00003683  move_backward                 
00003615  move_forward                  
000036f1  move_left                     
00003741  move_right                    
000015c5  move_to                       
20000454  no                            
00003893  obstacle_detected             
20000427  option                        
000037ed  print_distance                
000038c5  print_obstacle                
00003851  read_sensors                  
20000418  retraso                       
20000423  right_sensor                  
20000438  saludo                        
00004455  scalbn                        
00004455  scalbnl                       
00002f5f  sentit_dades_rx               
00002f6b  sentit_dades_tx               
0000279d  setArea                       
00000103  setBackgroundColor            
000000e5  setColor                      
00002a43  setOrientation                
000018ff  set_distance_center           
00001921  set_distance_left             
00001943  set_distance_right            
20000453  si                            
00004d55  sprintf                       
000037b3  stop                          
00004e6f  strchr                        
00004e99  strlen                        
00002f93  timeOut_Reset                 
20000464  velocidad                     
2000041c  velocitat                     
00004ead  wcslen                        
00004037  writeCommand                  
00004011  writeData                     


GLOBAL SYMBOLS: SORTED BY Symbol Address 

address   name                          
-------   ----                          
00000000  __TI_static_base__            
00000000  interruptVectors              
000000e5  setColor                      
00000103  setBackgroundColor            
00000121  clearScreen                   
000001af  clearScreenBkg                
00000200  __STACK_SIZE                  
00000237  drawPixel                     
00000267  drawString                    
000003a1  drawCharSm                    
00000447  drawCharSmBkg                 
00000521  drawCharLg                    
000005c9  drawCharLgBkg                 
000006ad  drawCharMd                    
0000075b  drawCharMdBkg                 
000008bd  drawImage                     
000008d5  drawImageLut                  
000009e3  drawImageMono                 
00000a01  drawLogicLine                 
00000b41  drawLine                      
00000d37  drawRect                      
00000d9b  drawCircle                    
00000f1b  fillRect                      
00000fb9  fillCircle                    
00001131  init_interrupciones           
000011ad  init_timer                    
000011d5  init_clock                    
000011fd  init_uart                     
0000126f  init_botons                   
0000138d  PORT3_IRQHandler              
0000138d  PORT3_IRQHandler              
000013cf  PORT4_IRQHandler              
000013cf  PORT4_IRQHandler              
00001423  PORT5_IRQHandler              
00001423  PORT5_IRQHandler              
000014ad  drift                         
000015c5  move_to                       
00001645  changed                       
000016f5  follow_left                   
000017fd  follow_right                  
000018ff  set_distance_center           
00001921  set_distance_left             
00001943  set_distance_right            
00001969  menu_principal                
00001a09  borrar_menu                   
00001a35  main                          
00001c21  __TI_printfi                  
0000267f  __aeabi_idiv0                 
0000267f  __aeabi_ldiv0                 
00002681  getOrientacion                
00002687  getLinea                      
000026d9  getColumna                    
0000272b  getAltura                     
00002771  getScreenWidth                
00002787  getScreenHeight               
0000279d  setArea                       
000028fd  initLCD                       
00002a43  setOrientation                
00002ab1  cambiar_orientacion           
00002ad3  halLcdInit                    
00002adf  halLcdClearScreen             
00002b03  halLcdClearScreenBkg          
00002b23  halLcdPrintLine               
00002ba3  halLcdPrintLineCol            
00002c41  halLcdClearLine               
00002cb7  halLcdDrawPixel               
00002d09  halLcdDrawLine                
00002d5d  halLcdDrawRect                
00002db5  halLcdDrawCircle              
00002e05  halLcdFillRect                
00002e61  halLcdFillCircle              
00002ebd  halLcdDrawImageLut            
00002f29  init_LCD                      
00002f35  borrar                        
00002f49  escribir                      
00002f5f  sentit_dades_rx               
00002f6b  sentit_dades_tx               
00002f77  TxUAC2                        
00002f93  timeOut_Reset                 
00002f9b  TimeOut_check                 
00002fb9  Activa_TimerA1_TimeOut        
00002fc5  Apaga_TimerA1_TimeOut         
00002fcd  TxPacket                      
000030cb  RxPacket                      
000031ff  delay_t                       
0000322d  EUSCIA2_IRQHandler            
0000322d  EUSCIA2_IRQHandler            
00003253  TA0_0_IRQHandler              
00003253  TA0_0_IRQHandler              
0000327b  TA1_0_IRQHandler              
0000327b  TA1_0_IRQHandler              
000032e1  SystemCoreClockUpdate         
00003559  SystemInit                    
00003615  move_forward                  
00003683  move_backward                 
000036f1  move_left                     
00003741  move_right                    
0000378d  increase_speed                
000037a1  decrease_speed                
000037b3  stop                          
000037ed  print_distance                
00003839  change_detection_center       
00003851  read_sensors                  
00003893  obstacle_detected             
000038c5  print_obstacle                
00003d81  __aeabi_dsub                  
00003d8b  __aeabi_dadd                  
00003f39  init_spi_lcd_tactil           
00004011  writeData                     
00004037  writeCommand                  
0000405d  delay                         
000041fd  __aeabi_ddiv                  
00004455  ldexp                         
00004455  ldexpl                        
00004455  scalbn                        
00004455  scalbnl                       
00004565  __aeabi_dmul                  
00004713  __aeabi_memcpy                
00004713  __aeabi_memcpy4               
00004713  __aeabi_memcpy8               
00004713  memcpy                        
000047af  __aeabi_uldivmod              
00004845  __aeabi_cdcmpeq               
00004845  __aeabi_cdcmple               
000048cb  __aeabi_cdrcmple              
00004951  __aeabi_memclr                
00004951  __aeabi_memclr4               
00004951  __aeabi_memclr8               
00004953  __aeabi_memset                
00004953  __aeabi_memset4               
00004953  __aeabi_memset8               
00004959  memset                        
000049cd  init_ucs_16MHz                
00004a05  init_ucs_24MHz                
00004ab3  __TI_decompress_lzss          
00004b1d  frexp                         
00004b1d  frexpl                        
00004bd7  ltoa                          
00004c7d  atoi                          
00004cc9  __aeabi_d2iz                  
00004d11  __TI_auto_init_nobinit_nopinit
00004d55  sprintf                       
00004dd5  _c_int00_noargs               
00004e0d  __aeabi_i2d                   
00004e3b  memccpy                       
00004e6f  strchr                        
00004e85  copysign                      
00004e85  copysignl                     
00004e99  strlen                        
00004ead  wcslen                        
00004ebf  __TI_decompress_none          
00004ecd  Reset_Handler                 
00004ed9  ADC14_IRQHandler              
00004ed9  AES256_IRQHandler             
00004ed9  BusFault_Handler              
00004ed9  COMP_E0_IRQHandler            
00004ed9  COMP_E1_IRQHandler            
00004ed9  CS_IRQHandler                 
00004ed9  DMA_ERR_IRQHandler            
00004ed9  DMA_INT0_IRQHandler           
00004ed9  DMA_INT1_IRQHandler           
00004ed9  DMA_INT2_IRQHandler           
00004ed9  DMA_INT3_IRQHandler           
00004ed9  DebugMon_Handler              
00004ed9  Default_Handler               
00004ed9  EUSCIA0_IRQHandler            
00004ed9  EUSCIA1_IRQHandler            
00004ed9  EUSCIA3_IRQHandler            
00004ed9  EUSCIB0_IRQHandler            
00004ed9  EUSCIB1_IRQHandler            
00004ed9  EUSCIB2_IRQHandler            
00004ed9  EUSCIB3_IRQHandler            
00004ed9  FLCTL_IRQHandler              
00004ed9  FPU_IRQHandler                
00004ed9  HardFault_Handler             
00004ed9  MemManage_Handler             
00004ed9  NMI_Handler                   
00004ed9  PCM_IRQHandler                
00004ed9  PORT1_IRQHandler              
00004ed9  PORT2_IRQHandler              
00004ed9  PORT6_IRQHandler              
00004ed9  PSS_IRQHandler                
00004ed9  PendSV_Handler                
00004ed9  RTC_C_IRQHandler              
00004ed9  SVC_Handler                   
00004ed9  SysTick_Handler               
00004ed9  T32_INT1_IRQHandler           
00004ed9  T32_INT2_IRQHandler           
00004ed9  T32_INTC_IRQHandler           
00004ed9  TA0_N_IRQHandler              
00004ed9  TA1_N_IRQHandler              
00004ed9  TA2_0_IRQHandler              
00004ed9  TA2_N_IRQHandler              
00004ed9  TA3_0_IRQHandler              
00004ed9  TA3_N_IRQHandler              
00004ed9  UsageFault_Handler            
00004ed9  WDT_A_IRQHandler              
00004edb  __TI_zero_init                
00004ef1  __aeabi_errno_addr            
00004ef9  _system_pre_init              
00004efd  C$$EXIT                       
00004efd  abort                         
00004f00  font_11x16                    
0000572a  font_8x12                     
00005b9e  font_5x7                      
00005d7e  _ctypes_                      
00005f04  __TI_Handler_Table_Base       
00005f10  __TI_Handler_Table_Limit      
00005f18  __TI_CINIT_Base               
00005f28  __TI_CINIT_Limit              
20000400  cadena                        
20000410  count_ms                      
20000414  linea                         
20000415  estado                        
20000416  estado_anterior               
20000418  retraso                       
2000041c  velocitat                     
2000041d  direccio_LED                  
2000041e  detected                      
2000041f  encontrar_pared               
20000420  menu                          
20000421  center_sensor                 
20000422  left_sensor                   
20000423  right_sensor                  
20000424  min_center_sensor             
20000425  min_left_sensor               
20000426  min_right_sensor              
20000427  option                        
20000428  borrado                       
20000438  saludo                        
20000448  _orientation                  
20000449  Fuente                        
2000044a  Color_Fondo                   
2000044c  Color_Texto                   
2000044e  Color_Fondo_Inv               
20000450  Color_Texto_Inv               
20000452  DatoLeido_UART                
20000453  si                            
20000454  no                            
20000455  count_timeout                 
20000456  Byte_Recibido                 
20000457  colorLowByte                  
20000458  colorHighByte                 
20000459  bgColorLowByte                
2000045a  bgColorHighByte               
2000045c  errno                         
20000460  SystemCoreClock               
20000464  velocidad                     
2000fe00  __stack                       
20010000  __STACK_END                   
4000480c  WDTCTL_SYM                    
ffffffff  __TI_pprof_out_hndl           
ffffffff  __TI_prof_data_size           
ffffffff  __TI_prof_data_start          
ffffffff  __binit__                     
ffffffff  __c_args__                    
ffffffff  binit                         
UNDEFED   __mpu_init                    
UNDEFED   _system_post_cinit            

[259 symbols]
