<?xml version="1.0" encoding="ISO-8859-1" ?>
<link_info>
   <banner>TI ARM Linker PC v18.1.2.LTS</banner>
   <copyright>Copyright (c) 1996-2017 Texas Instruments Incorporated</copyright>
   <link_time>0x5cecf74d</link_time>
   <link_errors>0x0</link_errors>
   <output_file>Final.out</output_file>
   <entry_point>
      <name>_c_int00_noargs</name>
      <address>0x4b1d</address>
   </entry_point>
   <input_file_list>
      <input_file id="fl-2">
         <path>.\</path>
         <kind>object</kind>
         <file>Practica_04 PAE_Alumnes.obj</file>
         <name>Practica_04 PAE_Alumnes.obj</name>
      </input_file>
      <input_file id="fl-3">
         <path>.\</path>
         <kind>object</kind>
         <file>lib_UART.obj</file>
         <name>lib_UART.obj</name>
      </input_file>
      <input_file id="fl-4">
         <path>.\</path>
         <kind>object</kind>
         <file>lib_motor.obj</file>
         <name>lib_motor.obj</name>
      </input_file>
      <input_file id="fl-5">
         <path>.\</path>
         <kind>object</kind>
         <file>startup_msp432p401r_ccs.obj</file>
         <name>startup_msp432p401r_ccs.obj</name>
      </input_file>
      <input_file id="fl-6">
         <path>.\</path>
         <kind>object</kind>
         <file>system_msp432p401r.obj</file>
         <name>system_msp432p401r.obj</name>
      </input_file>
      <input_file id="fl-b">
         <kind>object</kind>
         <file>&lt;internal&gt;</file>
         <name>&lt;internal&gt;</name>
      </input_file>
      <input_file id="fl-c">
         <path>..\</path>
         <kind>archive</kind>
         <file>lib_PAE2.lib</file>
         <name>Inicializacion.obj</name>
      </input_file>
      <input_file id="fl-d">
         <path>..\</path>
         <kind>archive</kind>
         <file>lib_PAE2.lib</file>
         <name>lcd.obj</name>
      </input_file>
      <input_file id="fl-e">
         <path>..\</path>
         <kind>archive</kind>
         <file>lib_PAE2.lib</file>
         <name>msp_LCD.obj</name>
      </input_file>
      <input_file id="fl-f">
         <path>..\</path>
         <kind>archive</kind>
         <file>lib_PAE2.lib</file>
         <name>graphics.obj</name>
      </input_file>
      <input_file id="fl-c5">
         <path>C:\ti\ccsv8\tools\compiler\ti-cgt-arm_18.1.2.LTS\lib\</path>
         <kind>archive</kind>
         <file>rtsv7M4_T_le_v4SPD16_eabi.lib</file>
         <name>memcpy_t2.asm.obj</name>
      </input_file>
      <input_file id="fl-c6">
         <path>C:\ti\ccsv8\tools\compiler\ti-cgt-arm_18.1.2.LTS\lib\</path>
         <kind>archive</kind>
         <file>rtsv7M4_T_le_v4SPD16_eabi.lib</file>
         <name>copy_zero_init.c.obj</name>
      </input_file>
      <input_file id="fl-c7">
         <path>C:\ti\ccsv8\tools\compiler\ti-cgt-arm_18.1.2.LTS\lib\</path>
         <kind>archive</kind>
         <file>rtsv7M4_T_le_v4SPD16_eabi.lib</file>
         <name>copy_decompress_none.c.obj</name>
      </input_file>
      <input_file id="fl-c8">
         <path>C:\ti\ccsv8\tools\compiler\ti-cgt-arm_18.1.2.LTS\lib\</path>
         <kind>archive</kind>
         <file>rtsv7M4_T_le_v4SPD16_eabi.lib</file>
         <name>copy_decompress_lzss.c.obj</name>
      </input_file>
      <input_file id="fl-c9">
         <path>C:\ti\ccsv8\tools\compiler\ti-cgt-arm_18.1.2.LTS\lib\</path>
         <kind>archive</kind>
         <file>rtsv7M4_T_le_v4SPD16_eabi.lib</file>
         <name>boot_cortex_m.c.obj</name>
      </input_file>
      <input_file id="fl-ca">
         <path>C:\ti\ccsv8\tools\compiler\ti-cgt-arm_18.1.2.LTS\lib\</path>
         <kind>archive</kind>
         <file>rtsv7M4_T_le_v4SPD16_eabi.lib</file>
         <name>exit.c.obj</name>
      </input_file>
      <input_file id="fl-cb">
         <path>C:\ti\ccsv8\tools\compiler\ti-cgt-arm_18.1.2.LTS\lib\</path>
         <kind>archive</kind>
         <file>rtsv7M4_T_le_v4SPD16_eabi.lib</file>
         <name>_lock.c.obj</name>
      </input_file>
      <input_file id="fl-cc">
         <path>C:\ti\ccsv8\tools\compiler\ti-cgt-arm_18.1.2.LTS\lib\</path>
         <kind>archive</kind>
         <file>rtsv7M4_T_le_v4SPD16_eabi.lib</file>
         <name>args_main.c.obj</name>
      </input_file>
      <input_file id="fl-cd">
         <path>C:\ti\ccsv8\tools\compiler\ti-cgt-arm_18.1.2.LTS\lib\</path>
         <kind>archive</kind>
         <file>rtsv7M4_T_le_v4SPD16_eabi.lib</file>
         <name>sprintf.c.obj</name>
      </input_file>
      <input_file id="fl-ce">
         <path>C:\ti\ccsv8\tools\compiler\ti-cgt-arm_18.1.2.LTS\lib\</path>
         <kind>archive</kind>
         <file>rtsv7M4_T_le_v4SPD16_eabi.lib</file>
         <name>memset_t2.asm.obj</name>
      </input_file>
      <input_file id="fl-cf">
         <path>C:\ti\ccsv8\tools\compiler\ti-cgt-arm_18.1.2.LTS\lib\</path>
         <kind>archive</kind>
         <file>rtsv7M4_T_le_v4SPD16_eabi.lib</file>
         <name>autoinit.c.obj</name>
      </input_file>
      <input_file id="fl-d0">
         <path>C:\ti\ccsv8\tools\compiler\ti-cgt-arm_18.1.2.LTS\lib\</path>
         <kind>archive</kind>
         <file>rtsv7M4_T_le_v4SPD16_eabi.lib</file>
         <name>pre_init.c.obj</name>
      </input_file>
      <input_file id="fl-d1">
         <path>C:\ti\ccsv8\tools\compiler\ti-cgt-arm_18.1.2.LTS\lib\</path>
         <kind>archive</kind>
         <file>rtsv7M4_T_le_v4SPD16_eabi.lib</file>
         <name>cpy_tbl.c.obj</name>
      </input_file>
      <input_file id="fl-d2">
         <path>C:\ti\ccsv8\tools\compiler\ti-cgt-arm_18.1.2.LTS\lib\</path>
         <kind>archive</kind>
         <file>rtsv7M4_T_le_v4SPD16_eabi.lib</file>
         <name>_printfi.c.obj</name>
      </input_file>
      <input_file id="fl-d3">
         <path>C:\ti\ccsv8\tools\compiler\ti-cgt-arm_18.1.2.LTS\lib\</path>
         <kind>archive</kind>
         <file>rtsv7M4_T_le_v4SPD16_eabi.lib</file>
         <name>atoi.c.obj</name>
      </input_file>
      <input_file id="fl-d4">
         <path>C:\ti\ccsv8\tools\compiler\ti-cgt-arm_18.1.2.LTS\lib\</path>
         <kind>archive</kind>
         <file>rtsv7M4_T_le_v4SPD16_eabi.lib</file>
         <name>ctype.c.obj</name>
      </input_file>
      <input_file id="fl-d5">
         <path>C:\ti\ccsv8\tools\compiler\ti-cgt-arm_18.1.2.LTS\lib\</path>
         <kind>archive</kind>
         <file>rtsv7M4_T_le_v4SPD16_eabi.lib</file>
         <name>ltoa.c.obj</name>
      </input_file>
      <input_file id="fl-d6">
         <path>C:\ti\ccsv8\tools\compiler\ti-cgt-arm_18.1.2.LTS\lib\</path>
         <kind>archive</kind>
         <file>rtsv7M4_T_le_v4SPD16_eabi.lib</file>
         <name>memccpy.c.obj</name>
      </input_file>
      <input_file id="fl-d7">
         <path>C:\ti\ccsv8\tools\compiler\ti-cgt-arm_18.1.2.LTS\lib\</path>
         <kind>archive</kind>
         <file>rtsv7M4_T_le_v4SPD16_eabi.lib</file>
         <name>strchr.c.obj</name>
      </input_file>
      <input_file id="fl-d8">
         <path>C:\ti\ccsv8\tools\compiler\ti-cgt-arm_18.1.2.LTS\lib\</path>
         <kind>archive</kind>
         <file>rtsv7M4_T_le_v4SPD16_eabi.lib</file>
         <name>strlen.c.obj</name>
      </input_file>
      <input_file id="fl-d9">
         <path>C:\ti\ccsv8\tools\compiler\ti-cgt-arm_18.1.2.LTS\lib\</path>
         <kind>archive</kind>
         <file>rtsv7M4_T_le_v4SPD16_eabi.lib</file>
         <name>s_frexp.c.obj</name>
      </input_file>
      <input_file id="fl-da">
         <path>C:\ti\ccsv8\tools\compiler\ti-cgt-arm_18.1.2.LTS\lib\</path>
         <kind>archive</kind>
         <file>rtsv7M4_T_le_v4SPD16_eabi.lib</file>
         <name>s_scalbn.c.obj</name>
      </input_file>
      <input_file id="fl-db">
         <path>C:\ti\ccsv8\tools\compiler\ti-cgt-arm_18.1.2.LTS\lib\</path>
         <kind>archive</kind>
         <file>rtsv7M4_T_le_v4SPD16_eabi.lib</file>
         <name>s_copysign.c.obj</name>
      </input_file>
      <input_file id="fl-dc">
         <path>C:\ti\ccsv8\tools\compiler\ti-cgt-arm_18.1.2.LTS\lib\</path>
         <kind>archive</kind>
         <file>rtsv7M4_T_le_v4SPD16_eabi.lib</file>
         <name>wcslen.c.obj</name>
      </input_file>
      <input_file id="fl-dd">
         <path>C:\ti\ccsv8\tools\compiler\ti-cgt-arm_18.1.2.LTS\lib\</path>
         <kind>archive</kind>
         <file>rtsv7M4_T_le_v4SPD16_eabi.lib</file>
         <name>fd_add_t2.asm.obj</name>
      </input_file>
      <input_file id="fl-de">
         <path>C:\ti\ccsv8\tools\compiler\ti-cgt-arm_18.1.2.LTS\lib\</path>
         <kind>archive</kind>
         <file>rtsv7M4_T_le_v4SPD16_eabi.lib</file>
         <name>fd_cmp_t2.asm.obj</name>
      </input_file>
      <input_file id="fl-df">
         <path>C:\ti\ccsv8\tools\compiler\ti-cgt-arm_18.1.2.LTS\lib\</path>
         <kind>archive</kind>
         <file>rtsv7M4_T_le_v4SPD16_eabi.lib</file>
         <name>fd_div_t2.asm.obj</name>
      </input_file>
      <input_file id="fl-e0">
         <path>C:\ti\ccsv8\tools\compiler\ti-cgt-arm_18.1.2.LTS\lib\</path>
         <kind>archive</kind>
         <file>rtsv7M4_T_le_v4SPD16_eabi.lib</file>
         <name>fd_mul_t2.asm.obj</name>
      </input_file>
      <input_file id="fl-e1">
         <path>C:\ti\ccsv8\tools\compiler\ti-cgt-arm_18.1.2.LTS\lib\</path>
         <kind>archive</kind>
         <file>rtsv7M4_T_le_v4SPD16_eabi.lib</file>
         <name>fd_toi_t2.asm.obj</name>
      </input_file>
      <input_file id="fl-e2">
         <path>C:\ti\ccsv8\tools\compiler\ti-cgt-arm_18.1.2.LTS\lib\</path>
         <kind>archive</kind>
         <file>rtsv7M4_T_le_v4SPD16_eabi.lib</file>
         <name>i_tofd_t2.asm.obj</name>
      </input_file>
      <input_file id="fl-e3">
         <path>C:\ti\ccsv8\tools\compiler\ti-cgt-arm_18.1.2.LTS\lib\</path>
         <kind>archive</kind>
         <file>rtsv7M4_T_le_v4SPD16_eabi.lib</file>
         <name>ull_div_t2.asm.obj</name>
      </input_file>
      <input_file id="fl-e4">
         <path>C:\ti\ccsv8\tools\compiler\ti-cgt-arm_18.1.2.LTS\lib\</path>
         <kind>archive</kind>
         <file>rtsv7M4_T_le_v4SPD16_eabi.lib</file>
         <name>errno.c.obj</name>
      </input_file>
      <input_file id="fl-e5">
         <path>C:\ti\ccsv8\tools\compiler\ti-cgt-arm_18.1.2.LTS\lib\</path>
         <kind>archive</kind>
         <file>rtsv7M4_T_le_v4SPD16_eabi.lib</file>
         <name>div0.asm.obj</name>
      </input_file>
   </input_file_list>
   <object_component_list>
      <object_component id="oc-23">
         <name>.intvecs:retain</name>
         <load_address>0x0</load_address>
         <run_address>0x0</run_address>
         <size>0xe4</size>
         <input_file_ref idref="fl-5"/>
      </object_component>
      <object_component id="oc-13e">
         <name>.text</name>
         <load_address>0xe4</load_address>
         <run_address>0xe4</run_address>
         <size>0x104c</size>
         <input_file_ref idref="fl-f"/>
      </object_component>
      <object_component id="oc-1e0">
         <name>.text:__TI_printfi</name>
         <load_address>0x1130</load_address>
         <run_address>0x1130</run_address>
         <size>0xa5e</size>
         <input_file_ref idref="fl-d2"/>
      </object_component>
      <object_component id="oc-331">
         <name>.text</name>
         <load_address>0x1b8e</load_address>
         <run_address>0x1b8e</run_address>
         <size>0x2</size>
         <input_file_ref idref="fl-e5"/>
      </object_component>
      <object_component id="oc-af">
         <name>.text</name>
         <load_address>0x1b90</load_address>
         <run_address>0x1b90</run_address>
         <size>0x8a8</size>
         <input_file_ref idref="fl-d"/>
      </object_component>
      <object_component id="oc-70">
         <name>.text</name>
         <load_address>0x2438</load_address>
         <run_address>0x2438</run_address>
         <size>0x838</size>
         <input_file_ref idref="fl-2"/>
      </object_component>
      <object_component id="oc-6a">
         <name>.text</name>
         <load_address>0x2c70</load_address>
         <run_address>0x2c70</run_address>
         <size>0x3b8</size>
         <input_file_ref idref="fl-3"/>
      </object_component>
      <object_component id="oc-a8">
         <name>.text</name>
         <load_address>0x3028</load_address>
         <run_address>0x3028</run_address>
         <size>0x334</size>
         <input_file_ref idref="fl-6"/>
      </object_component>
      <object_component id="oc-c9">
         <name>.text</name>
         <load_address>0x335c</load_address>
         <run_address>0x335c</run_address>
         <size>0x32c</size>
         <input_file_ref idref="fl-4"/>
      </object_component>
      <object_component id="oc-26d">
         <name>.text:_pconv_a</name>
         <load_address>0x3688</load_address>
         <run_address>0x3688</run_address>
         <size>0x270</size>
         <input_file_ref idref="fl-d2"/>
      </object_component>
      <object_component id="oc-25b">
         <name>.text:_pconv_g</name>
         <load_address>0x38f8</load_address>
         <run_address>0x38f8</run_address>
         <size>0x1d0</size>
         <input_file_ref idref="fl-d2"/>
      </object_component>
      <object_component id="oc-2d8">
         <name>.text</name>
         <load_address>0x3ac8</load_address>
         <run_address>0x3ac8</run_address>
         <size>0x1b6</size>
         <input_file_ref idref="fl-dd"/>
      </object_component>
      <object_component id="oc-135">
         <name>.text</name>
         <load_address>0x3c80</load_address>
         <run_address>0x3c80</run_address>
         <size>0x188</size>
         <input_file_ref idref="fl-e"/>
      </object_component>
      <object_component id="oc-267">
         <name>.text:_pconv_e</name>
         <load_address>0x3e08</load_address>
         <run_address>0x3e08</run_address>
         <size>0x13c</size>
         <input_file_ref idref="fl-d2"/>
      </object_component>
      <object_component id="oc-2be">
         <name>.text</name>
         <load_address>0x3f44</load_address>
         <run_address>0x3f44</run_address>
         <size>0x136</size>
         <input_file_ref idref="fl-df"/>
      </object_component>
      <object_component id="oc-2ea">
         <name>.text:fcvt</name>
         <load_address>0x407c</load_address>
         <run_address>0x407c</run_address>
         <size>0x120</size>
         <input_file_ref idref="fl-d2"/>
      </object_component>
      <object_component id="oc-2fe">
         <name>.text:scalbn</name>
         <load_address>0x419c</load_address>
         <run_address>0x419c</run_address>
         <size>0x110</size>
         <input_file_ref idref="fl-da"/>
      </object_component>
      <object_component id="oc-2b9">
         <name>.text</name>
         <load_address>0x42ac</load_address>
         <run_address>0x42ac</run_address>
         <size>0xfc</size>
         <input_file_ref idref="fl-e0"/>
      </object_component>
      <object_component id="oc-250">
         <name>.text:_ltostr</name>
         <load_address>0x43a8</load_address>
         <run_address>0x43a8</run_address>
         <size>0xb1</size>
         <input_file_ref idref="fl-d2"/>
      </object_component>
      <object_component id="oc-34">
         <name>.text</name>
         <load_address>0x445a</load_address>
         <run_address>0x445a</run_address>
         <size>0x9c</size>
         <input_file_ref idref="fl-c5"/>
      </object_component>
      <object_component id="oc-2b2">
         <name>.text</name>
         <load_address>0x44f6</load_address>
         <run_address>0x44f6</run_address>
         <size>0x96</size>
         <input_file_ref idref="fl-e3"/>
      </object_component>
      <object_component id="oc-256">
         <name>.text:__aeabi_cdcmple</name>
         <load_address>0x458c</load_address>
         <run_address>0x458c</run_address>
         <size>0x86</size>
         <input_file_ref idref="fl-de"/>
      </object_component>
      <object_component id="oc-2c3">
         <name>.text:__aeabi_cdrcmple</name>
         <load_address>0x4612</load_address>
         <run_address>0x4612</run_address>
         <size>0x86</size>
         <input_file_ref idref="fl-de"/>
      </object_component>
      <object_component id="oc-90">
         <name>.text</name>
         <load_address>0x4698</load_address>
         <run_address>0x4698</run_address>
         <size>0x7a</size>
         <input_file_ref idref="fl-ce"/>
      </object_component>
      <object_component id="oc-d2">
         <name>.text</name>
         <load_address>0x4714</load_address>
         <run_address>0x4714</run_address>
         <size>0x78</size>
         <input_file_ref idref="fl-c"/>
      </object_component>
      <object_component id="oc-2e3">
         <name>.text:_mcpy</name>
         <load_address>0x478c</load_address>
         <run_address>0x478c</run_address>
         <size>0x6e</size>
         <input_file_ref idref="fl-d2"/>
      </object_component>
      <object_component id="oc-14">
         <name>.text:decompress:lzss:__TI_decompress_lzss</name>
         <load_address>0x47fa</load_address>
         <run_address>0x47fa</run_address>
         <size>0x68</size>
         <input_file_ref idref="fl-c8"/>
      </object_component>
      <object_component id="oc-2f8">
         <name>.text:frexp</name>
         <load_address>0x4864</load_address>
         <run_address>0x4864</run_address>
         <size>0x64</size>
         <input_file_ref idref="fl-d9"/>
      </object_component>
      <object_component id="oc-261">
         <name>.text:_pconv_f</name>
         <load_address>0x48c8</load_address>
         <run_address>0x48c8</run_address>
         <size>0x56</size>
         <input_file_ref idref="fl-d2"/>
      </object_component>
      <object_component id="oc-2cd">
         <name>.text:ltoa</name>
         <load_address>0x491e</load_address>
         <run_address>0x491e</run_address>
         <size>0x54</size>
         <input_file_ref idref="fl-d5"/>
      </object_component>
      <object_component id="oc-2dd">
         <name>.text:_ecpy</name>
         <load_address>0x4972</load_address>
         <run_address>0x4972</run_address>
         <size>0x52</size>
         <input_file_ref idref="fl-d2"/>
      </object_component>
      <object_component id="oc-24a">
         <name>.text:atoi</name>
         <load_address>0x49c4</load_address>
         <run_address>0x49c4</run_address>
         <size>0x4c</size>
         <input_file_ref idref="fl-d3"/>
      </object_component>
      <object_component id="oc-2c8">
         <name>.text</name>
         <load_address>0x4a10</load_address>
         <run_address>0x4a10</run_address>
         <size>0x48</size>
         <input_file_ref idref="fl-e1"/>
      </object_component>
      <object_component id="oc-ff">
         <name>.text:__TI_auto_init_nobinit_nopinit:__TI_auto_init_nobinit_nopinit</name>
         <load_address>0x4a58</load_address>
         <run_address>0x4a58</run_address>
         <size>0x44</size>
         <input_file_ref idref="fl-cf"/>
      </object_component>
      <object_component id="oc-168">
         <name>.text:sprintf</name>
         <load_address>0x4a9c</load_address>
         <run_address>0x4a9c</run_address>
         <size>0x40</size>
         <input_file_ref idref="fl-cd"/>
      </object_component>
      <object_component id="oc-2f0">
         <name>.text:_fcpy</name>
         <load_address>0x4adc</load_address>
         <run_address>0x4adc</run_address>
         <size>0x3e</size>
         <input_file_ref idref="fl-d2"/>
      </object_component>
      <object_component id="oc-52">
         <name>.text:_c_int00_noargs:_c_int00_noargs</name>
         <load_address>0x4b1c</load_address>
         <run_address>0x4b1c</run_address>
         <size>0x38</size>
         <input_file_ref idref="fl-c9"/>
      </object_component>
      <object_component id="oc-2d3">
         <name>.text</name>
         <load_address>0x4b54</load_address>
         <run_address>0x4b54</run_address>
         <size>0x2e</size>
         <input_file_ref idref="fl-e2"/>
      </object_component>
      <object_component id="oc-273">
         <name>.text:memccpy</name>
         <load_address>0x4b82</load_address>
         <run_address>0x4b82</run_address>
         <size>0x1c</size>
         <input_file_ref idref="fl-d6"/>
      </object_component>
      <object_component id="oc-1e6">
         <name>.text:_outs</name>
         <load_address>0x4b9e</load_address>
         <run_address>0x4b9e</run_address>
         <size>0x18</size>
         <input_file_ref idref="fl-cd"/>
      </object_component>
      <object_component id="oc-304">
         <name>.text:strchr</name>
         <load_address>0x4bb6</load_address>
         <run_address>0x4bb6</run_address>
         <size>0x16</size>
         <input_file_ref idref="fl-d7"/>
      </object_component>
      <object_component id="oc-34a">
         <name>.text:copysign</name>
         <load_address>0x4bcc</load_address>
         <run_address>0x4bcc</run_address>
         <size>0x14</size>
         <input_file_ref idref="fl-db"/>
      </object_component>
      <object_component id="oc-244">
         <name>.text:strlen</name>
         <load_address>0x4be0</load_address>
         <run_address>0x4be0</run_address>
         <size>0x14</size>
         <input_file_ref idref="fl-d8"/>
      </object_component>
      <object_component id="oc-279">
         <name>.text:wcslen</name>
         <load_address>0x4bf4</load_address>
         <run_address>0x4bf4</run_address>
         <size>0x12</size>
         <input_file_ref idref="fl-dc"/>
      </object_component>
      <object_component id="oc-1a">
         <name>.text:decompress:none:__TI_decompress_none</name>
         <load_address>0x4c06</load_address>
         <run_address>0x4c06</run_address>
         <size>0xe</size>
         <input_file_ref idref="fl-c7"/>
      </object_component>
      <object_component id="oc-64">
         <name>.text</name>
         <load_address>0x4c14</load_address>
         <run_address>0x4c14</run_address>
         <size>0xe</size>
         <input_file_ref idref="fl-5"/>
      </object_component>
      <object_component id="oc-46">
         <name>.text:decompress:ZI:__TI_zero_init</name>
         <load_address>0x4c22</load_address>
         <run_address>0x4c22</run_address>
         <size>0xc</size>
         <input_file_ref idref="fl-c6"/>
      </object_component>
      <object_component id="oc-1ec">
         <name>.text:_outc</name>
         <load_address>0x4c2e</load_address>
         <run_address>0x4c2e</run_address>
         <size>0xa</size>
         <input_file_ref idref="fl-cd"/>
      </object_component>
      <object_component id="oc-27f">
         <name>.text:__aeabi_errno_addr</name>
         <load_address>0x4c38</load_address>
         <run_address>0x4c38</run_address>
         <size>0x8</size>
         <input_file_ref idref="fl-e4"/>
      </object_component>
      <object_component id="oc-96">
         <name>.text:_system_pre_init</name>
         <load_address>0x4c40</load_address>
         <run_address>0x4c40</run_address>
         <size>0x4</size>
         <input_file_ref idref="fl-d0"/>
      </object_component>
      <object_component id="oc-f3">
         <name>.text:abort:abort</name>
         <load_address>0x4c44</load_address>
         <run_address>0x4c44</run_address>
         <size>0x4</size>
         <input_file_ref idref="fl-ca"/>
      </object_component>
      <object_component id="oc-1c3">
         <name>.const:font_11x16</name>
         <load_address>0x4c48</load_address>
         <run_address>0x4c48</run_address>
         <size>0x82a</size>
         <input_file_ref idref="fl-f"/>
      </object_component>
      <object_component id="oc-1c6">
         <name>.const:font_8x12</name>
         <load_address>0x5472</load_address>
         <run_address>0x5472</run_address>
         <size>0x474</size>
         <input_file_ref idref="fl-f"/>
      </object_component>
      <object_component id="oc-1c0">
         <name>.const:font_5x7</name>
         <load_address>0x58e6</load_address>
         <run_address>0x58e6</run_address>
         <size>0x1e0</size>
         <input_file_ref idref="fl-f"/>
      </object_component>
      <object_component id="oc-2ad">
         <name>.const:.string:_ctypes_</name>
         <load_address>0x5ac6</load_address>
         <run_address>0x5ac6</run_address>
         <size>0x101</size>
         <input_file_ref idref="fl-d4"/>
      </object_component>
      <object_component id="oc-144">
         <name>.const:.string:$P$T0$1</name>
         <load_address>0x5bc7</load_address>
         <run_address>0x5bc7</run_address>
         <size>0x10</size>
         <input_file_ref idref="fl-d"/>
      </object_component>
      <object_component id="oc-147">
         <name>.const:.string:$P$T1$2</name>
         <load_address>0x5bd7</load_address>
         <run_address>0x5bd7</run_address>
         <size>0x10</size>
         <input_file_ref idref="fl-d"/>
      </object_component>
      <object_component id="oc-16e">
         <name>.const:.string:$P$T0$1</name>
         <load_address>0x5be7</load_address>
         <run_address>0x5be7</run_address>
         <size>0x3</size>
         <input_file_ref idref="fl-4"/>
      </object_component>
      <object_component id="oc-174">
         <name>.const:.string:$P$T1$2</name>
         <load_address>0x5bea</load_address>
         <run_address>0x5bea</run_address>
         <size>0x3</size>
         <input_file_ref idref="fl-4"/>
      </object_component>
      <object_component id="oc-177">
         <name>.const:.string:$P$T2$3</name>
         <load_address>0x5bed</load_address>
         <run_address>0x5bed</run_address>
         <size>0x3</size>
         <input_file_ref idref="fl-4"/>
      </object_component>
      <object_component id="oc-17a">
         <name>.const:.string:$P$T3$4</name>
         <load_address>0x5bf0</load_address>
         <run_address>0x5bf0</run_address>
         <size>0x3</size>
         <input_file_ref idref="fl-4"/>
      </object_component>
      <object_component id="oc-17d">
         <name>.const:.string:$P$T4$5</name>
         <load_address>0x5bf3</load_address>
         <run_address>0x5bf3</run_address>
         <size>0x3</size>
         <input_file_ref idref="fl-4"/>
      </object_component>
      <object_component id="oc-180">
         <name>.const:.string:$P$T5$6</name>
         <load_address>0x5bf6</load_address>
         <run_address>0x5bf6</run_address>
         <size>0x3</size>
         <input_file_ref idref="fl-4"/>
      </object_component>
      <object_component id="oc-183">
         <name>.const:.string:$P$T6$7</name>
         <load_address>0x5bf9</load_address>
         <run_address>0x5bf9</run_address>
         <size>0x3</size>
         <input_file_ref idref="fl-4"/>
      </object_component>
      <object_component id="oc-189">
         <name>.const:.string:$P$T7$8</name>
         <load_address>0x5bfc</load_address>
         <run_address>0x5bfc</run_address>
         <size>0x2</size>
         <input_file_ref idref="fl-4"/>
      </object_component>
      <object_component id="oc-18c">
         <name>.const:.string:$P$T8$9</name>
         <load_address>0x5bfe</load_address>
         <run_address>0x5bfe</run_address>
         <size>0x2</size>
         <input_file_ref idref="fl-4"/>
      </object_component>
      <object_component id="oc-18f">
         <name>.const:.string:$P$T9$10</name>
         <load_address>0x5c00</load_address>
         <run_address>0x5c00</run_address>
         <size>0x2</size>
         <input_file_ref idref="fl-4"/>
      </object_component>
      <object_component id="oc-3a6">
         <name>.cinit..data.load</name>
         <load_address>0x5c08</load_address>
         <run_address>0x5c08</run_address>
         <size>0x43</size>
      </object_component>
      <object_component id="oc-3a4">
         <name>__TI_handler_table</name>
         <load_address>0x5c4c</load_address>
         <run_address>0x5c4c</run_address>
         <size>0xc</size>
      </object_component>
      <object_component id="oc-3a7">
         <name>.cinit..bss.load</name>
         <load_address>0x5c58</load_address>
         <run_address>0x5c58</run_address>
         <size>0x8</size>
      </object_component>
      <object_component id="oc-3a5">
         <name>__TI_cinit_table</name>
         <load_address>0x5c60</load_address>
         <run_address>0x5c60</run_address>
         <size>0x10</size>
      </object_component>
      <object_component id="oc-379">
         <name>.binit</name>
         <load_address>0x0</load_address>
         <run_address>0x0</run_address>
         <size>0x0</size>
      </object_component>
      <object_component id="oc-d8">
         <name>.data:saludo</name>
         <load_address>0x20000438</load_address>
         <run_address>0x20000438</run_address>
         <size>0x10</size>
         <input_file_ref idref="fl-2"/>
      </object_component>
      <object_component id="oc-cf">
         <name>.data</name>
         <load_address>0x20000414</load_address>
         <run_address>0x20000414</run_address>
         <size>0x14</size>
         <input_file_ref idref="fl-2"/>
      </object_component>
      <object_component id="oc-b8">
         <name>.data</name>
         <load_address>0x20000452</load_address>
         <run_address>0x20000452</run_address>
         <size>0x5</size>
         <input_file_ref idref="fl-3"/>
      </object_component>
      <object_component id="oc-b5">
         <name>.data:borrado</name>
         <load_address>0x20000428</load_address>
         <run_address>0x20000428</run_address>
         <size>0x10</size>
         <input_file_ref idref="fl-3"/>
      </object_component>
      <object_component id="oc-171">
         <name>.data</name>
         <load_address>0x20000464</load_address>
         <run_address>0x20000464</run_address>
         <size>0x2</size>
         <input_file_ref idref="fl-4"/>
      </object_component>
      <object_component id="oc-131">
         <name>.data</name>
         <load_address>0x20000460</load_address>
         <run_address>0x20000460</run_address>
         <size>0x4</size>
         <input_file_ref idref="fl-6"/>
      </object_component>
      <object_component id="oc-13b">
         <name>.data</name>
         <load_address>0x20000448</load_address>
         <run_address>0x20000448</run_address>
         <size>0xa</size>
         <input_file_ref idref="fl-d"/>
      </object_component>
      <object_component id="oc-1bd">
         <name>.data</name>
         <load_address>0x20000457</load_address>
         <run_address>0x20000457</run_address>
         <size>0x4</size>
         <input_file_ref idref="fl-f"/>
      </object_component>
      <object_component id="oc-314">
         <name>.data</name>
         <load_address>0x2000045c</load_address>
         <run_address>0x2000045c</run_address>
         <size>0x4</size>
         <input_file_ref idref="fl-e4"/>
      </object_component>
      <object_component id="oc-1c9">
         <name>.bss:g_pulConvertedPalette</name>
         <uninitialized>true</uninitialized>
         <run_address>0x20000000</run_address>
         <size>0x400</size>
         <input_file_ref idref="fl-f"/>
      </object_component>
      <object_component id="oc-bb">
         <name>.common:count_ms</name>
         <uninitialized>true</uninitialized>
         <run_address>0x20000410</run_address>
         <size>0x2</size>
      </object_component>
      <object_component id="oc-186">
         <name>.common:cadena</name>
         <uninitialized>true</uninitialized>
         <run_address>0x20000400</run_address>
         <size>0x10</size>
      </object_component>
      <object_component id="oc-26">
         <name>.stack</name>
         <uninitialized>true</uninitialized>
         <run_address>0x2000fe00</run_address>
         <size>0x4</size>
         <input_file_ref idref="fl-c9"/>
      </object_component>
      <object_component id="oc-3a8">
         <name>.stack</name>
         <uninitialized>true</uninitialized>
         <run_address>0x2000fe00</run_address>
         <size>0x0</size>
      </object_component>
      <object_component id="oc-166">
         <name>.debug_info</name>
         <load_address>0x0</load_address>
         <run_address>0x0</run_address>
         <size>0x882</size>
         <input_file_ref idref="fl-2"/>
      </object_component>
      <object_component id="oc-d9">
         <name>.debug_info</name>
         <load_address>0x882</load_address>
         <run_address>0x882</run_address>
         <size>0xcb</size>
         <input_file_ref idref="fl-2"/>
      </object_component>
      <object_component id="oc-d0">
         <name>.debug_info</name>
         <load_address>0x94d</load_address>
         <run_address>0x94d</run_address>
         <size>0x308</size>
         <input_file_ref idref="fl-2"/>
      </object_component>
      <object_component id="oc-71">
         <name>.debug_info</name>
         <load_address>0xc55</load_address>
         <run_address>0xc55</run_address>
         <size>0xf12</size>
         <input_file_ref idref="fl-2"/>
      </object_component>
      <object_component id="oc-15c">
         <name>.debug_info</name>
         <load_address>0x1b67</load_address>
         <run_address>0x1b67</run_address>
         <size>0x1055</size>
         <input_file_ref idref="fl-2"/>
      </object_component>
      <object_component id="oc-de">
         <name>.debug_info</name>
         <load_address>0x2bbc</load_address>
         <run_address>0x2bbc</run_address>
         <size>0x26b</size>
         <input_file_ref idref="fl-2"/>
      </object_component>
      <object_component id="oc-157">
         <name>.debug_info</name>
         <load_address>0x2e27</load_address>
         <run_address>0x2e27</run_address>
         <size>0x37e2</size>
         <input_file_ref idref="fl-2"/>
      </object_component>
      <object_component id="oc-c4">
         <name>.debug_info</name>
         <load_address>0x6609</load_address>
         <run_address>0x6609</run_address>
         <size>0xc0</size>
         <input_file_ref idref="fl-2"/>
      </object_component>
      <object_component id="oc-2f">
         <name>.debug_info</name>
         <load_address>0x66c9</load_address>
         <run_address>0x66c9</run_address>
         <size>0x84</size>
         <input_file_ref idref="fl-2"/>
      </object_component>
      <object_component id="oc-161">
         <name>.debug_info</name>
         <load_address>0x674d</load_address>
         <run_address>0x674d</run_address>
         <size>0x297</size>
         <input_file_ref idref="fl-2"/>
      </object_component>
      <object_component id="oc-bf">
         <name>.debug_info</name>
         <load_address>0x69e4</load_address>
         <run_address>0x69e4</run_address>
         <size>0xbb</size>
         <input_file_ref idref="fl-2"/>
      </object_component>
      <object_component id="oc-1f4">
         <name>.debug_info</name>
         <load_address>0x6a9f</load_address>
         <run_address>0x6a9f</run_address>
         <size>0x2c</size>
         <input_file_ref idref="fl-2"/>
      </object_component>
      <object_component id="oc-bc">
         <name>.debug_info</name>
         <load_address>0x6acb</load_address>
         <run_address>0x6acb</run_address>
         <size>0x60a</size>
         <input_file_ref idref="fl-3"/>
      </object_component>
      <object_component id="oc-b9">
         <name>.debug_info</name>
         <load_address>0x70d5</load_address>
         <run_address>0x70d5</run_address>
         <size>0x14c</size>
         <input_file_ref idref="fl-3"/>
      </object_component>
      <object_component id="oc-b6">
         <name>.debug_info</name>
         <load_address>0x7221</load_address>
         <run_address>0x7221</run_address>
         <size>0xbe</size>
         <input_file_ref idref="fl-3"/>
      </object_component>
      <object_component id="oc-6b">
         <name>.debug_info</name>
         <load_address>0x72df</load_address>
         <run_address>0x72df</run_address>
         <size>0xa0f</size>
         <input_file_ref idref="fl-3"/>
      </object_component>
      <object_component id="oc-187">
         <name>.debug_info</name>
         <load_address>0x7cee</load_address>
         <run_address>0x7cee</run_address>
         <size>0x714</size>
         <input_file_ref idref="fl-4"/>
      </object_component>
      <object_component id="oc-172">
         <name>.debug_info</name>
         <load_address>0x8402</load_address>
         <run_address>0x8402</run_address>
         <size>0xc3</size>
         <input_file_ref idref="fl-4"/>
      </object_component>
      <object_component id="oc-16f">
         <name>.debug_info</name>
         <load_address>0x84c5</load_address>
         <run_address>0x84c5</run_address>
         <size>0xbe</size>
         <input_file_ref idref="fl-4"/>
      </object_component>
      <object_component id="oc-175">
         <name>.debug_info</name>
         <load_address>0x8583</load_address>
         <run_address>0x8583</run_address>
         <size>0xbe</size>
         <input_file_ref idref="fl-4"/>
      </object_component>
      <object_component id="oc-178">
         <name>.debug_info</name>
         <load_address>0x8641</load_address>
         <run_address>0x8641</run_address>
         <size>0xbe</size>
         <input_file_ref idref="fl-4"/>
      </object_component>
      <object_component id="oc-17b">
         <name>.debug_info</name>
         <load_address>0x86ff</load_address>
         <run_address>0x86ff</run_address>
         <size>0xbe</size>
         <input_file_ref idref="fl-4"/>
      </object_component>
      <object_component id="oc-17e">
         <name>.debug_info</name>
         <load_address>0x87bd</load_address>
         <run_address>0x87bd</run_address>
         <size>0xbe</size>
         <input_file_ref idref="fl-4"/>
      </object_component>
      <object_component id="oc-181">
         <name>.debug_info</name>
         <load_address>0x887b</load_address>
         <run_address>0x887b</run_address>
         <size>0xbe</size>
         <input_file_ref idref="fl-4"/>
      </object_component>
      <object_component id="oc-184">
         <name>.debug_info</name>
         <load_address>0x8939</load_address>
         <run_address>0x8939</run_address>
         <size>0xbe</size>
         <input_file_ref idref="fl-4"/>
      </object_component>
      <object_component id="oc-18a">
         <name>.debug_info</name>
         <load_address>0x89f7</load_address>
         <run_address>0x89f7</run_address>
         <size>0xbe</size>
         <input_file_ref idref="fl-4"/>
      </object_component>
      <object_component id="oc-18d">
         <name>.debug_info</name>
         <load_address>0x8ab5</load_address>
         <run_address>0x8ab5</run_address>
         <size>0xbe</size>
         <input_file_ref idref="fl-4"/>
      </object_component>
      <object_component id="oc-190">
         <name>.debug_info</name>
         <load_address>0x8b73</load_address>
         <run_address>0x8b73</run_address>
         <size>0xc0</size>
         <input_file_ref idref="fl-4"/>
      </object_component>
      <object_component id="oc-ca">
         <name>.debug_info</name>
         <load_address>0x8c33</load_address>
         <run_address>0x8c33</run_address>
         <size>0x8d5</size>
         <input_file_ref idref="fl-4"/>
      </object_component>
      <object_component id="oc-20b">
         <name>.debug_info</name>
         <load_address>0x9508</load_address>
         <run_address>0x9508</run_address>
         <size>0x37e2</size>
         <input_file_ref idref="fl-4"/>
      </object_component>
      <object_component id="oc-78">
         <name>.debug_info</name>
         <load_address>0xccea</load_address>
         <run_address>0xccea</run_address>
         <size>0x2b3</size>
         <input_file_ref idref="fl-5"/>
      </object_component>
      <object_component id="oc-24">
         <name>.debug_info</name>
         <load_address>0xcf9d</load_address>
         <run_address>0xcf9d</run_address>
         <size>0xdf</size>
         <input_file_ref idref="fl-5"/>
      </object_component>
      <object_component id="oc-65">
         <name>.debug_info</name>
         <load_address>0xd07c</load_address>
         <run_address>0xd07c</run_address>
         <size>0x1a6</size>
         <input_file_ref idref="fl-5"/>
      </object_component>
      <object_component id="oc-132">
         <name>.debug_info</name>
         <load_address>0xd222</load_address>
         <run_address>0xd222</run_address>
         <size>0xd8</size>
         <input_file_ref idref="fl-6"/>
      </object_component>
      <object_component id="oc-a9">
         <name>.debug_info</name>
         <load_address>0xd2fa</load_address>
         <run_address>0xd2fa</run_address>
         <size>0x24a</size>
         <input_file_ref idref="fl-6"/>
      </object_component>
      <object_component id="oc-243">
         <name>.debug_info</name>
         <load_address>0xd544</load_address>
         <run_address>0xd544</run_address>
         <size>0x395</size>
         <input_file_ref idref="fl-c"/>
      </object_component>
      <object_component id="oc-d5">
         <name>.debug_info</name>
         <load_address>0xd8d9</load_address>
         <run_address>0xd8d9</run_address>
         <size>0x181</size>
         <input_file_ref idref="fl-c"/>
      </object_component>
      <object_component id="oc-2a6">
         <name>.debug_info</name>
         <load_address>0xda5a</load_address>
         <run_address>0xda5a</run_address>
         <size>0x37cd</size>
         <input_file_ref idref="fl-c"/>
      </object_component>
      <object_component id="oc-1d9">
         <name>.debug_info</name>
         <load_address>0x11227</load_address>
         <run_address>0x11227</run_address>
         <size>0x1055</size>
         <input_file_ref idref="fl-c"/>
      </object_component>
      <object_component id="oc-14b">
         <name>.debug_info</name>
         <load_address>0x1227c</load_address>
         <run_address>0x1227c</run_address>
         <size>0x18b</size>
         <input_file_ref idref="fl-c"/>
      </object_component>
      <object_component id="oc-150">
         <name>.debug_info</name>
         <load_address>0x12407</load_address>
         <run_address>0x12407</run_address>
         <size>0x689</size>
         <input_file_ref idref="fl-d"/>
      </object_component>
      <object_component id="oc-13c">
         <name>.debug_info</name>
         <load_address>0x12a90</load_address>
         <run_address>0x12a90</run_address>
         <size>0x19a</size>
         <input_file_ref idref="fl-d"/>
      </object_component>
      <object_component id="oc-145">
         <name>.debug_info</name>
         <load_address>0x12c2a</load_address>
         <run_address>0x12c2a</run_address>
         <size>0xc6</size>
         <input_file_ref idref="fl-d"/>
      </object_component>
      <object_component id="oc-148">
         <name>.debug_info</name>
         <load_address>0x12cf0</load_address>
         <run_address>0x12cf0</run_address>
         <size>0xc6</size>
         <input_file_ref idref="fl-d"/>
      </object_component>
      <object_component id="oc-b1">
         <name>.debug_info</name>
         <load_address>0x12db6</load_address>
         <run_address>0x12db6</run_address>
         <size>0x1818</size>
         <input_file_ref idref="fl-d"/>
      </object_component>
      <object_component id="oc-1d4">
         <name>.debug_info</name>
         <load_address>0x145ce</load_address>
         <run_address>0x145ce</run_address>
         <size>0x37cd</size>
         <input_file_ref idref="fl-d"/>
      </object_component>
      <object_component id="oc-136">
         <name>.debug_info</name>
         <load_address>0x17d9b</load_address>
         <run_address>0x17d9b</run_address>
         <size>0x28b</size>
         <input_file_ref idref="fl-e"/>
      </object_component>
      <object_component id="oc-1cd">
         <name>.debug_info</name>
         <load_address>0x18026</load_address>
         <run_address>0x18026</run_address>
         <size>0x1f1</size>
         <input_file_ref idref="fl-f"/>
      </object_component>
      <object_component id="oc-1c1">
         <name>.debug_info</name>
         <load_address>0x18217</load_address>
         <run_address>0x18217</run_address>
         <size>0xce</size>
         <input_file_ref idref="fl-f"/>
      </object_component>
      <object_component id="oc-1c7">
         <name>.debug_info</name>
         <load_address>0x182e5</load_address>
         <run_address>0x182e5</run_address>
         <size>0xd0</size>
         <input_file_ref idref="fl-f"/>
      </object_component>
      <object_component id="oc-1c4">
         <name>.debug_info</name>
         <load_address>0x183b5</load_address>
         <run_address>0x183b5</run_address>
         <size>0xd2</size>
         <input_file_ref idref="fl-f"/>
      </object_component>
      <object_component id="oc-1be">
         <name>.debug_info</name>
         <load_address>0x18487</load_address>
         <run_address>0x18487</run_address>
         <size>0x15d</size>
         <input_file_ref idref="fl-f"/>
      </object_component>
      <object_component id="oc-1ca">
         <name>.debug_info</name>
         <load_address>0x185e4</load_address>
         <run_address>0x185e4</run_address>
         <size>0xe7</size>
         <input_file_ref idref="fl-f"/>
      </object_component>
      <object_component id="oc-13f">
         <name>.debug_info</name>
         <load_address>0x186cb</load_address>
         <run_address>0x186cb</run_address>
         <size>0x1a6f</size>
         <input_file_ref idref="fl-f"/>
      </object_component>
      <object_component id="oc-35">
         <name>.debug_info</name>
         <load_address>0x1a13a</load_address>
         <run_address>0x1a13a</run_address>
         <size>0x111</size>
         <input_file_ref idref="fl-c5"/>
      </object_component>
      <object_component id="oc-8f">
         <name>.debug_info</name>
         <load_address>0x1a24b</load_address>
         <run_address>0x1a24b</run_address>
         <size>0x313</size>
         <input_file_ref idref="fl-c6"/>
      </object_component>
      <object_component id="oc-49">
         <name>.debug_info</name>
         <load_address>0x1a55e</load_address>
         <run_address>0x1a55e</run_address>
         <size>0x1aa</size>
         <input_file_ref idref="fl-c6"/>
      </object_component>
      <object_component id="oc-8a">
         <name>.debug_info</name>
         <load_address>0x1a708</load_address>
         <run_address>0x1a708</run_address>
         <size>0x46</size>
         <input_file_ref idref="fl-c6"/>
      </object_component>
      <object_component id="oc-ea">
         <name>.debug_info</name>
         <load_address>0x1a74e</load_address>
         <run_address>0x1a74e</run_address>
         <size>0x2c</size>
         <input_file_ref idref="fl-c6"/>
      </object_component>
      <object_component id="oc-3f">
         <name>.debug_info</name>
         <load_address>0x1a77a</load_address>
         <run_address>0x1a77a</run_address>
         <size>0x29d</size>
         <input_file_ref idref="fl-c7"/>
      </object_component>
      <object_component id="oc-1b">
         <name>.debug_info</name>
         <load_address>0x1aa17</load_address>
         <run_address>0x1aa17</run_address>
         <size>0x1df</size>
         <input_file_ref idref="fl-c7"/>
      </object_component>
      <object_component id="oc-3a">
         <name>.debug_info</name>
         <load_address>0x1abf6</load_address>
         <run_address>0x1abf6</run_address>
         <size>0x46</size>
         <input_file_ref idref="fl-c7"/>
      </object_component>
      <object_component id="oc-82">
         <name>.debug_info</name>
         <load_address>0x1ac3c</load_address>
         <run_address>0x1ac3c</run_address>
         <size>0x2c</size>
         <input_file_ref idref="fl-c7"/>
      </object_component>
      <object_component id="oc-80">
         <name>.debug_info</name>
         <load_address>0x1ac68</load_address>
         <run_address>0x1ac68</run_address>
         <size>0x293</size>
         <input_file_ref idref="fl-c8"/>
      </object_component>
      <object_component id="oc-15">
         <name>.debug_info</name>
         <load_address>0x1aefb</load_address>
         <run_address>0x1aefb</run_address>
         <size>0x245</size>
         <input_file_ref idref="fl-c8"/>
      </object_component>
      <object_component id="oc-2a">
         <name>.debug_info</name>
         <load_address>0x1b140</load_address>
         <run_address>0x1b140</run_address>
         <size>0x60</size>
         <input_file_ref idref="fl-c8"/>
      </object_component>
      <object_component id="oc-e3">
         <name>.debug_info</name>
         <load_address>0x1b1a0</load_address>
         <run_address>0x1b1a0</run_address>
         <size>0x46</size>
         <input_file_ref idref="fl-c8"/>
      </object_component>
      <object_component id="oc-7b">
         <name>.debug_info</name>
         <load_address>0x1b1e6</load_address>
         <run_address>0x1b1e6</run_address>
         <size>0x39</size>
         <input_file_ref idref="fl-c8"/>
      </object_component>
      <object_component id="oc-27">
         <name>.debug_info</name>
         <load_address>0x1b21f</load_address>
         <run_address>0x1b21f</run_address>
         <size>0x100</size>
         <input_file_ref idref="fl-c9"/>
      </object_component>
      <object_component id="oc-53">
         <name>.debug_info</name>
         <load_address>0x1b31f</load_address>
         <run_address>0x1b31f</run_address>
         <size>0x1a4</size>
         <input_file_ref idref="fl-c9"/>
      </object_component>
      <object_component id="oc-f4">
         <name>.debug_info</name>
         <load_address>0x1b4c3</load_address>
         <run_address>0x1b4c3</run_address>
         <size>0x117</size>
         <input_file_ref idref="fl-ca"/>
      </object_component>
      <object_component id="oc-1f3">
         <name>.debug_info</name>
         <load_address>0x1b5da</load_address>
         <run_address>0x1b5da</run_address>
         <size>0x328</size>
         <input_file_ref idref="fl-cd"/>
      </object_component>
      <object_component id="oc-169">
         <name>.debug_info</name>
         <load_address>0x1b902</load_address>
         <run_address>0x1b902</run_address>
         <size>0x1c6</size>
         <input_file_ref idref="fl-cd"/>
      </object_component>
      <object_component id="oc-1e7">
         <name>.debug_info</name>
         <load_address>0x1bac8</load_address>
         <run_address>0x1bac8</run_address>
         <size>0x182</size>
         <input_file_ref idref="fl-cd"/>
      </object_component>
      <object_component id="oc-1ed">
         <name>.debug_info</name>
         <load_address>0x1bc4a</load_address>
         <run_address>0x1bc4a</run_address>
         <size>0x162</size>
         <input_file_ref idref="fl-cd"/>
      </object_component>
      <object_component id="oc-31b">
         <name>.debug_info</name>
         <load_address>0x1bdac</load_address>
         <run_address>0x1bdac</run_address>
         <size>0x2c</size>
         <input_file_ref idref="fl-cd"/>
      </object_component>
      <object_component id="oc-93">
         <name>.debug_info</name>
         <load_address>0x1bdd8</load_address>
         <run_address>0x1bdd8</run_address>
         <size>0x13f</size>
         <input_file_ref idref="fl-ce"/>
      </object_component>
      <object_component id="oc-1a3">
         <name>.debug_info</name>
         <load_address>0x1bf17</load_address>
         <run_address>0x1bf17</run_address>
         <size>0x547</size>
         <input_file_ref idref="fl-cf"/>
      </object_component>
      <object_component id="oc-100">
         <name>.debug_info</name>
         <load_address>0x1c45e</load_address>
         <run_address>0x1c45e</run_address>
         <size>0x19b</size>
         <input_file_ref idref="fl-cf"/>
      </object_component>
      <object_component id="oc-226">
         <name>.debug_info</name>
         <load_address>0x1c5f9</load_address>
         <run_address>0x1c5f9</run_address>
         <size>0x39</size>
         <input_file_ref idref="fl-cf"/>
      </object_component>
      <object_component id="oc-298">
         <name>.debug_info</name>
         <load_address>0x1c632</load_address>
         <run_address>0x1c632</run_address>
         <size>0x39</size>
         <input_file_ref idref="fl-cf"/>
      </object_component>
      <object_component id="oc-22b">
         <name>.debug_info</name>
         <load_address>0x1c66b</load_address>
         <run_address>0x1c66b</run_address>
         <size>0x39</size>
         <input_file_ref idref="fl-cf"/>
      </object_component>
      <object_component id="oc-230">
         <name>.debug_info</name>
         <load_address>0x1c6a4</load_address>
         <run_address>0x1c6a4</run_address>
         <size>0xcd</size>
         <input_file_ref idref="fl-cf"/>
      </object_component>
      <object_component id="oc-97">
         <name>.debug_info</name>
         <load_address>0x1c771</load_address>
         <run_address>0x1c771</run_address>
         <size>0x148</size>
         <input_file_ref idref="fl-d0"/>
      </object_component>
      <object_component id="oc-286">
         <name>.debug_info</name>
         <load_address>0x1c8b9</load_address>
         <run_address>0x1c8b9</run_address>
         <size>0x8a6</size>
         <input_file_ref idref="fl-d2"/>
      </object_component>
      <object_component id="oc-251">
         <name>.debug_info</name>
         <load_address>0x1d15f</load_address>
         <run_address>0x1d15f</run_address>
         <size>0x213</size>
         <input_file_ref idref="fl-d2"/>
      </object_component>
      <object_component id="oc-2de">
         <name>.debug_info</name>
         <load_address>0x1d372</load_address>
         <run_address>0x1d372</run_address>
         <size>0x1a8</size>
         <input_file_ref idref="fl-d2"/>
      </object_component>
      <object_component id="oc-2e4">
         <name>.debug_info</name>
         <load_address>0x1d51a</load_address>
         <run_address>0x1d51a</run_address>
         <size>0x210</size>
         <input_file_ref idref="fl-d2"/>
      </object_component>
      <object_component id="oc-25c">
         <name>.debug_info</name>
         <load_address>0x1d72a</load_address>
         <run_address>0x1d72a</run_address>
         <size>0x3b0</size>
         <input_file_ref idref="fl-d2"/>
      </object_component>
      <object_component id="oc-2eb">
         <name>.debug_info</name>
         <load_address>0x1dada</load_address>
         <run_address>0x1dada</run_address>
         <size>0x2fa</size>
         <input_file_ref idref="fl-d2"/>
      </object_component>
      <object_component id="oc-2f1">
         <name>.debug_info</name>
         <load_address>0x1ddd4</load_address>
         <run_address>0x1ddd4</run_address>
         <size>0x20a</size>
         <input_file_ref idref="fl-d2"/>
      </object_component>
      <object_component id="oc-262">
         <name>.debug_info</name>
         <load_address>0x1dfde</load_address>
         <run_address>0x1dfde</run_address>
         <size>0x20a</size>
         <input_file_ref idref="fl-d2"/>
      </object_component>
      <object_component id="oc-268">
         <name>.debug_info</name>
         <load_address>0x1e1e8</load_address>
         <run_address>0x1e1e8</run_address>
         <size>0x2f9</size>
         <input_file_ref idref="fl-d2"/>
      </object_component>
      <object_component id="oc-26e">
         <name>.debug_info</name>
         <load_address>0x1e4e1</load_address>
         <run_address>0x1e4e1</run_address>
         <size>0x4a5</size>
         <input_file_ref idref="fl-d2"/>
      </object_component>
      <object_component id="oc-1e1">
         <name>.debug_info</name>
         <load_address>0x1e986</load_address>
         <run_address>0x1e986</run_address>
         <size>0x5cd</size>
         <input_file_ref idref="fl-d2"/>
      </object_component>
      <object_component id="oc-287">
         <name>.debug_info</name>
         <load_address>0x1ef53</load_address>
         <run_address>0x1ef53</run_address>
         <size>0x86</size>
         <input_file_ref idref="fl-d2"/>
      </object_component>
      <object_component id="oc-320">
         <name>.debug_info</name>
         <load_address>0x1efd9</load_address>
         <run_address>0x1efd9</run_address>
         <size>0x39</size>
         <input_file_ref idref="fl-d2"/>
      </object_component>
      <object_component id="oc-361">
         <name>.debug_info</name>
         <load_address>0x1f012</load_address>
         <run_address>0x1f012</run_address>
         <size>0xb6</size>
         <input_file_ref idref="fl-d2"/>
      </object_component>
      <object_component id="oc-325">
         <name>.debug_info</name>
         <load_address>0x1f0c8</load_address>
         <run_address>0x1f0c8</run_address>
         <size>0x46</size>
         <input_file_ref idref="fl-d2"/>
      </object_component>
      <object_component id="oc-28c">
         <name>.debug_info</name>
         <load_address>0x1f10e</load_address>
         <run_address>0x1f10e</run_address>
         <size>0x46</size>
         <input_file_ref idref="fl-d2"/>
      </object_component>
      <object_component id="oc-2b1">
         <name>.debug_info</name>
         <load_address>0x1f154</load_address>
         <run_address>0x1f154</run_address>
         <size>0x2ae</size>
         <input_file_ref idref="fl-d3"/>
      </object_component>
      <object_component id="oc-24b">
         <name>.debug_info</name>
         <load_address>0x1f402</load_address>
         <run_address>0x1f402</run_address>
         <size>0x171</size>
         <input_file_ref idref="fl-d3"/>
      </object_component>
      <object_component id="oc-32e">
         <name>.debug_info</name>
         <load_address>0x1f573</load_address>
         <run_address>0x1f573</run_address>
         <size>0xee</size>
         <input_file_ref idref="fl-d4"/>
      </object_component>
      <object_component id="oc-2ae">
         <name>.debug_info</name>
         <load_address>0x1f661</load_address>
         <run_address>0x1f661</run_address>
         <size>0xfa</size>
         <input_file_ref idref="fl-d4"/>
      </object_component>
      <object_component id="oc-33c">
         <name>.debug_info</name>
         <load_address>0x1f75b</load_address>
         <run_address>0x1f75b</run_address>
         <size>0x290</size>
         <input_file_ref idref="fl-d5"/>
      </object_component>
      <object_component id="oc-2ce">
         <name>.debug_info</name>
         <load_address>0x1f9eb</load_address>
         <run_address>0x1f9eb</run_address>
         <size>0x1c2</size>
         <input_file_ref idref="fl-d5"/>
      </object_component>
      <object_component id="oc-30c">
         <name>.debug_info</name>
         <load_address>0x1fbad</load_address>
         <run_address>0x1fbad</run_address>
         <size>0x28b</size>
         <input_file_ref idref="fl-d6"/>
      </object_component>
      <object_component id="oc-274">
         <name>.debug_info</name>
         <load_address>0x1fe38</load_address>
         <run_address>0x1fe38</run_address>
         <size>0x1ab</size>
         <input_file_ref idref="fl-d6"/>
      </object_component>
      <object_component id="oc-353">
         <name>.debug_info</name>
         <load_address>0x1ffe3</load_address>
         <run_address>0x1ffe3</run_address>
         <size>0x28f</size>
         <input_file_ref idref="fl-d7"/>
      </object_component>
      <object_component id="oc-305">
         <name>.debug_info</name>
         <load_address>0x20272</load_address>
         <run_address>0x20272</run_address>
         <size>0x247</size>
         <input_file_ref idref="fl-d7"/>
      </object_component>
      <object_component id="oc-2ac">
         <name>.debug_info</name>
         <load_address>0x204b9</load_address>
         <run_address>0x204b9</run_address>
         <size>0x284</size>
         <input_file_ref idref="fl-d8"/>
      </object_component>
      <object_component id="oc-245">
         <name>.debug_info</name>
         <load_address>0x2073d</load_address>
         <run_address>0x2073d</run_address>
         <size>0x22a</size>
         <input_file_ref idref="fl-d8"/>
      </object_component>
      <object_component id="oc-344">
         <name>.debug_info</name>
         <load_address>0x20967</load_address>
         <run_address>0x20967</run_address>
         <size>0x28f</size>
         <input_file_ref idref="fl-d9"/>
      </object_component>
      <object_component id="oc-2f9">
         <name>.debug_info</name>
         <load_address>0x20bf6</load_address>
         <run_address>0x20bf6</run_address>
         <size>0x18a</size>
         <input_file_ref idref="fl-d9"/>
      </object_component>
      <object_component id="oc-36d">
         <name>.debug_info</name>
         <load_address>0x20d80</load_address>
         <run_address>0x20d80</run_address>
         <size>0x39</size>
         <input_file_ref idref="fl-d9"/>
      </object_component>
      <object_component id="oc-345">
         <name>.debug_info</name>
         <load_address>0x20db9</load_address>
         <run_address>0x20db9</run_address>
         <size>0x2c</size>
         <input_file_ref idref="fl-d9"/>
      </object_component>
      <object_component id="oc-351">
         <name>.debug_info</name>
         <load_address>0x20de5</load_address>
         <run_address>0x20de5</run_address>
         <size>0x2f2</size>
         <input_file_ref idref="fl-da"/>
      </object_component>
      <object_component id="oc-2ff">
         <name>.debug_info</name>
         <load_address>0x210d7</load_address>
         <run_address>0x210d7</run_address>
         <size>0x21a</size>
         <input_file_ref idref="fl-da"/>
      </object_component>
      <object_component id="oc-34b">
         <name>.debug_info</name>
         <load_address>0x212f1</load_address>
         <run_address>0x212f1</run_address>
         <size>0x156</size>
         <input_file_ref idref="fl-db"/>
      </object_component>
      <object_component id="oc-313">
         <name>.debug_info</name>
         <load_address>0x21447</load_address>
         <run_address>0x21447</run_address>
         <size>0x284</size>
         <input_file_ref idref="fl-dc"/>
      </object_component>
      <object_component id="oc-27d">
         <name>.debug_info</name>
         <load_address>0x216cb</load_address>
         <run_address>0x216cb</run_address>
         <size>0x14f</size>
         <input_file_ref idref="fl-dc"/>
      </object_component>
      <object_component id="oc-356">
         <name>.debug_info</name>
         <load_address>0x2181a</load_address>
         <run_address>0x2181a</run_address>
         <size>0x46</size>
         <input_file_ref idref="fl-dc"/>
      </object_component>
      <object_component id="oc-30e">
         <name>.debug_info</name>
         <load_address>0x21860</load_address>
         <run_address>0x21860</run_address>
         <size>0x39</size>
         <input_file_ref idref="fl-dc"/>
      </object_component>
      <object_component id="oc-2d9">
         <name>.debug_info</name>
         <load_address>0x21899</load_address>
         <run_address>0x21899</run_address>
         <size>0x144</size>
         <input_file_ref idref="fl-dd"/>
      </object_component>
      <object_component id="oc-259">
         <name>.debug_info</name>
         <load_address>0x219dd</load_address>
         <run_address>0x219dd</run_address>
         <size>0x120</size>
         <input_file_ref idref="fl-de"/>
      </object_component>
      <object_component id="oc-2c6">
         <name>.debug_info</name>
         <load_address>0x21afd</load_address>
         <run_address>0x21afd</run_address>
         <size>0x122</size>
         <input_file_ref idref="fl-de"/>
      </object_component>
      <object_component id="oc-2c1">
         <name>.debug_info</name>
         <load_address>0x21c1f</load_address>
         <run_address>0x21c1f</run_address>
         <size>0x132</size>
         <input_file_ref idref="fl-df"/>
      </object_component>
      <object_component id="oc-2bc">
         <name>.debug_info</name>
         <load_address>0x21d51</load_address>
         <run_address>0x21d51</run_address>
         <size>0x132</size>
         <input_file_ref idref="fl-e0"/>
      </object_component>
      <object_component id="oc-2cb">
         <name>.debug_info</name>
         <load_address>0x21e83</load_address>
         <run_address>0x21e83</run_address>
         <size>0x126</size>
         <input_file_ref idref="fl-e1"/>
      </object_component>
      <object_component id="oc-2d5">
         <name>.debug_info</name>
         <load_address>0x21fa9</load_address>
         <run_address>0x21fa9</run_address>
         <size>0x124</size>
         <input_file_ref idref="fl-e2"/>
      </object_component>
      <object_component id="oc-2b3">
         <name>.debug_info</name>
         <load_address>0x220cd</load_address>
         <run_address>0x220cd</run_address>
         <size>0x12c</size>
         <input_file_ref idref="fl-e3"/>
      </object_component>
      <object_component id="oc-318">
         <name>.debug_info</name>
         <load_address>0x221f9</load_address>
         <run_address>0x221f9</run_address>
         <size>0x27e</size>
         <input_file_ref idref="fl-e4"/>
      </object_component>
      <object_component id="oc-315">
         <name>.debug_info</name>
         <load_address>0x22477</load_address>
         <run_address>0x22477</run_address>
         <size>0x103</size>
         <input_file_ref idref="fl-e4"/>
      </object_component>
      <object_component id="oc-280">
         <name>.debug_info</name>
         <load_address>0x2257a</load_address>
         <run_address>0x2257a</run_address>
         <size>0x143</size>
         <input_file_ref idref="fl-e4"/>
      </object_component>
      <object_component id="oc-332">
         <name>.debug_info</name>
         <load_address>0x226bd</load_address>
         <run_address>0x226bd</run_address>
         <size>0x10d</size>
         <input_file_ref idref="fl-e5"/>
      </object_component>
      <object_component id="oc-3a9">
         <name>.debug_info</name>
         <load_address>0x227ca</load_address>
         <run_address>0x227ca</run_address>
         <size>0x8e</size>
      </object_component>
      <object_component id="oc-1df">
         <name>.debug_line</name>
         <load_address>0x0</load_address>
         <run_address>0x0</run_address>
         <size>0x74</size>
         <input_file_ref idref="fl-2"/>
      </object_component>
      <object_component id="oc-197">
         <name>.debug_line</name>
         <load_address>0x74</load_address>
         <run_address>0x74</run_address>
         <size>0x40</size>
         <input_file_ref idref="fl-2"/>
      </object_component>
      <object_component id="oc-194">
         <name>.debug_line</name>
         <load_address>0xb4</load_address>
         <run_address>0xb4</run_address>
         <size>0x40</size>
         <input_file_ref idref="fl-2"/>
      </object_component>
      <object_component id="oc-74">
         <name>.debug_line</name>
         <load_address>0xf4</load_address>
         <run_address>0xf4</run_address>
         <size>0x3a8</size>
         <input_file_ref idref="fl-2"/>
      </object_component>
      <object_component id="oc-15f">
         <name>.debug_line</name>
         <load_address>0x49c</load_address>
         <run_address>0x49c</run_address>
         <size>0x55</size>
         <input_file_ref idref="fl-2"/>
      </object_component>
      <object_component id="oc-e1">
         <name>.debug_line</name>
         <load_address>0x4f1</load_address>
         <run_address>0x4f1</run_address>
         <size>0x69</size>
         <input_file_ref idref="fl-2"/>
      </object_component>
      <object_component id="oc-15a">
         <name>.debug_line</name>
         <load_address>0x55a</load_address>
         <run_address>0x55a</run_address>
         <size>0x52</size>
         <input_file_ref idref="fl-2"/>
      </object_component>
      <object_component id="oc-c7">
         <name>.debug_line</name>
         <load_address>0x5ac</load_address>
         <run_address>0x5ac</run_address>
         <size>0x31</size>
         <input_file_ref idref="fl-2"/>
      </object_component>
      <object_component id="oc-32">
         <name>.debug_line</name>
         <load_address>0x5dd</load_address>
         <run_address>0x5dd</run_address>
         <size>0x20</size>
         <input_file_ref idref="fl-2"/>
      </object_component>
      <object_component id="oc-164">
         <name>.debug_line</name>
         <load_address>0x5fd</load_address>
         <run_address>0x5fd</run_address>
         <size>0x6d</size>
         <input_file_ref idref="fl-2"/>
      </object_component>
      <object_component id="oc-c2">
         <name>.debug_line</name>
         <load_address>0x66a</load_address>
         <run_address>0x66a</run_address>
         <size>0x6a</size>
         <input_file_ref idref="fl-2"/>
      </object_component>
      <object_component id="oc-1f7">
         <name>.debug_line</name>
         <load_address>0x6d4</load_address>
         <run_address>0x6d4</run_address>
         <size>0x65</size>
         <input_file_ref idref="fl-2"/>
      </object_component>
      <object_component id="oc-156">
         <name>.debug_line</name>
         <load_address>0x739</load_address>
         <run_address>0x739</run_address>
         <size>0x42</size>
         <input_file_ref idref="fl-3"/>
      </object_component>
      <object_component id="oc-154">
         <name>.debug_line</name>
         <load_address>0x77b</load_address>
         <run_address>0x77b</run_address>
         <size>0x31</size>
         <input_file_ref idref="fl-3"/>
      </object_component>
      <object_component id="oc-152">
         <name>.debug_line</name>
         <load_address>0x7ac</load_address>
         <run_address>0x7ac</run_address>
         <size>0x31</size>
         <input_file_ref idref="fl-3"/>
      </object_component>
      <object_component id="oc-6e">
         <name>.debug_line</name>
         <load_address>0x7dd</load_address>
         <run_address>0x7dd</run_address>
         <size>0x29f</size>
         <input_file_ref idref="fl-3"/>
      </object_component>
      <object_component id="oc-20a">
         <name>.debug_line</name>
         <load_address>0xa7c</load_address>
         <run_address>0xa7c</run_address>
         <size>0x55</size>
         <input_file_ref idref="fl-4"/>
      </object_component>
      <object_component id="oc-1fc">
         <name>.debug_line</name>
         <load_address>0xad1</load_address>
         <run_address>0xad1</run_address>
         <size>0x32</size>
         <input_file_ref idref="fl-4"/>
      </object_component>
      <object_component id="oc-1fa">
         <name>.debug_line</name>
         <load_address>0xb03</load_address>
         <run_address>0xb03</run_address>
         <size>0x32</size>
         <input_file_ref idref="fl-4"/>
      </object_component>
      <object_component id="oc-1fe">
         <name>.debug_line</name>
         <load_address>0xb35</load_address>
         <run_address>0xb35</run_address>
         <size>0x32</size>
         <input_file_ref idref="fl-4"/>
      </object_component>
      <object_component id="oc-200">
         <name>.debug_line</name>
         <load_address>0xb67</load_address>
         <run_address>0xb67</run_address>
         <size>0x32</size>
         <input_file_ref idref="fl-4"/>
      </object_component>
      <object_component id="oc-202">
         <name>.debug_line</name>
         <load_address>0xb99</load_address>
         <run_address>0xb99</run_address>
         <size>0x32</size>
         <input_file_ref idref="fl-4"/>
      </object_component>
      <object_component id="oc-204">
         <name>.debug_line</name>
         <load_address>0xbcb</load_address>
         <run_address>0xbcb</run_address>
         <size>0x32</size>
         <input_file_ref idref="fl-4"/>
      </object_component>
      <object_component id="oc-206">
         <name>.debug_line</name>
         <load_address>0xbfd</load_address>
         <run_address>0xbfd</run_address>
         <size>0x32</size>
         <input_file_ref idref="fl-4"/>
      </object_component>
      <object_component id="oc-208">
         <name>.debug_line</name>
         <load_address>0xc2f</load_address>
         <run_address>0xc2f</run_address>
         <size>0x32</size>
         <input_file_ref idref="fl-4"/>
      </object_component>
      <object_component id="oc-211">
         <name>.debug_line</name>
         <load_address>0xc61</load_address>
         <run_address>0xc61</run_address>
         <size>0x32</size>
         <input_file_ref idref="fl-4"/>
      </object_component>
      <object_component id="oc-213">
         <name>.debug_line</name>
         <load_address>0xc93</load_address>
         <run_address>0xc93</run_address>
         <size>0x32</size>
         <input_file_ref idref="fl-4"/>
      </object_component>
      <object_component id="oc-215">
         <name>.debug_line</name>
         <load_address>0xcc5</load_address>
         <run_address>0xcc5</run_address>
         <size>0x32</size>
         <input_file_ref idref="fl-4"/>
      </object_component>
      <object_component id="oc-cd">
         <name>.debug_line</name>
         <load_address>0xcf7</load_address>
         <run_address>0xcf7</run_address>
         <size>0x1b1</size>
         <input_file_ref idref="fl-4"/>
      </object_component>
      <object_component id="oc-20e">
         <name>.debug_line</name>
         <load_address>0xea8</load_address>
         <run_address>0xea8</run_address>
         <size>0x52</size>
         <input_file_ref idref="fl-4"/>
      </object_component>
      <object_component id="oc-dd">
         <name>.debug_line</name>
         <load_address>0xefa</load_address>
         <run_address>0xefa</run_address>
         <size>0x40</size>
         <input_file_ref idref="fl-5"/>
      </object_component>
      <object_component id="oc-77">
         <name>.debug_line</name>
         <load_address>0xf3a</load_address>
         <run_address>0xf3a</run_address>
         <size>0x40</size>
         <input_file_ref idref="fl-5"/>
      </object_component>
      <object_component id="oc-68">
         <name>.debug_line</name>
         <load_address>0xf7a</load_address>
         <run_address>0xf7a</run_address>
         <size>0x71</size>
         <input_file_ref idref="fl-5"/>
      </object_component>
      <object_component id="oc-1b9">
         <name>.debug_line</name>
         <load_address>0xfeb</load_address>
         <run_address>0xfeb</run_address>
         <size>0x3b</size>
         <input_file_ref idref="fl-6"/>
      </object_component>
      <object_component id="oc-ac">
         <name>.debug_line</name>
         <load_address>0x1026</load_address>
         <run_address>0x1026</run_address>
         <size>0x159</size>
         <input_file_ref idref="fl-6"/>
      </object_component>
      <object_component id="oc-2a5">
         <name>.debug_line</name>
         <load_address>0x117f</load_address>
         <run_address>0x117f</run_address>
         <size>0x20</size>
         <input_file_ref idref="fl-c"/>
      </object_component>
      <object_component id="oc-d4">
         <name>.debug_line</name>
         <load_address>0x119f</load_address>
         <run_address>0x119f</run_address>
         <size>0x75</size>
         <input_file_ref idref="fl-c"/>
      </object_component>
      <object_component id="oc-2a9">
         <name>.debug_line</name>
         <load_address>0x1214</load_address>
         <run_address>0x1214</run_address>
         <size>0x52</size>
         <input_file_ref idref="fl-c"/>
      </object_component>
      <object_component id="oc-1dc">
         <name>.debug_line</name>
         <load_address>0x1266</load_address>
         <run_address>0x1266</run_address>
         <size>0x55</size>
         <input_file_ref idref="fl-c"/>
      </object_component>
      <object_component id="oc-14e">
         <name>.debug_line</name>
         <load_address>0x12bb</load_address>
         <run_address>0x12bb</run_address>
         <size>0x65</size>
         <input_file_ref idref="fl-c"/>
      </object_component>
      <object_component id="oc-1d3">
         <name>.debug_line</name>
         <load_address>0x1320</load_address>
         <run_address>0x1320</run_address>
         <size>0x41</size>
         <input_file_ref idref="fl-d"/>
      </object_component>
      <object_component id="oc-1bc">
         <name>.debug_line</name>
         <load_address>0x1361</load_address>
         <run_address>0x1361</run_address>
         <size>0x2c</size>
         <input_file_ref idref="fl-d"/>
      </object_component>
      <object_component id="oc-1cf">
         <name>.debug_line</name>
         <load_address>0x138d</load_address>
         <run_address>0x138d</run_address>
         <size>0x2c</size>
         <input_file_ref idref="fl-d"/>
      </object_component>
      <object_component id="oc-1d1">
         <name>.debug_line</name>
         <load_address>0x13b9</load_address>
         <run_address>0x13b9</run_address>
         <size>0x2c</size>
         <input_file_ref idref="fl-d"/>
      </object_component>
      <object_component id="oc-b4">
         <name>.debug_line</name>
         <load_address>0x13e5</load_address>
         <run_address>0x13e5</run_address>
         <size>0x3fd</size>
[...]
      </symbol>
      <symbol id="sm-325">
         <name>getLinea</name>
         <value>0x1b97</value>
         <object_component_ref idref="oc-af"/>
      </symbol>
      <symbol id="sm-326">
         <name>initLCD</name>
         <value>0x1e0d</value>
         <object_component_ref idref="oc-af"/>
      </symbol>
      <symbol id="sm-345">
         <name>writeData</name>
         <value>0x3d59</value>
         <object_component_ref idref="oc-135"/>
      </symbol>
      <symbol id="sm-346">
         <name>writeCommand</name>
         <value>0x3d7f</value>
         <object_component_ref idref="oc-135"/>
      </symbol>
      <symbol id="sm-347">
         <name>delay</name>
         <value>0x3da5</value>
         <object_component_ref idref="oc-135"/>
      </symbol>
      <symbol id="sm-348">
         <name>init_spi_lcd_tactil</name>
         <value>0x3c81</value>
         <object_component_ref idref="oc-135"/>
      </symbol>
      <symbol id="sm-413">
         <name>drawCharLgBkg</name>
         <value>0x5c9</value>
         <object_component_ref idref="oc-13e"/>
      </symbol>
      <symbol id="sm-414">
         <name>drawPixel</name>
         <value>0x237</value>
         <object_component_ref idref="oc-13e"/>
      </symbol>
      <symbol id="sm-415">
         <name>drawImageMono</name>
         <value>0x9e3</value>
         <object_component_ref idref="oc-13e"/>
      </symbol>
      <symbol id="sm-416">
         <name>setColor</name>
         <value>0xe5</value>
         <object_component_ref idref="oc-13e"/>
      </symbol>
      <symbol id="sm-417">
         <name>bgColorHighByte</name>
         <value>0x2000045a</value>
         <object_component_ref idref="oc-1bd"/>
      </symbol>
      <symbol id="sm-418">
         <name>drawCircle</name>
         <value>0xd9b</value>
         <object_component_ref idref="oc-13e"/>
      </symbol>
      <symbol id="sm-419">
         <name>drawImageLut</name>
         <value>0x8d5</value>
         <object_component_ref idref="oc-13e"/>
      </symbol>
      <symbol id="sm-41a">
         <name>drawImage</name>
         <value>0x8bd</value>
         <object_component_ref idref="oc-13e"/>
      </symbol>
      <symbol id="sm-41b">
         <name>font_11x16</name>
         <value>0x4c48</value>
         <object_component_ref idref="oc-1c3"/>
      </symbol>
      <symbol id="sm-41c">
         <name>drawLine</name>
         <value>0xb41</value>
         <object_component_ref idref="oc-13e"/>
      </symbol>
      <symbol id="sm-41d">
         <name>font_8x12</name>
         <value>0x5472</value>
         <object_component_ref idref="oc-1c6"/>
      </symbol>
      <symbol id="sm-41e">
         <name>drawCharMd</name>
         <value>0x6ad</value>
         <object_component_ref idref="oc-13e"/>
      </symbol>
      <symbol id="sm-41f">
         <name>drawCharSmBkg</name>
         <value>0x447</value>
         <object_component_ref idref="oc-13e"/>
      </symbol>
      <symbol id="sm-420">
         <name>drawCharLg</name>
         <value>0x521</value>
         <object_component_ref idref="oc-13e"/>
      </symbol>
      <symbol id="sm-421">
         <name>drawCharSm</name>
         <value>0x3a1</value>
         <object_component_ref idref="oc-13e"/>
      </symbol>
      <symbol id="sm-422">
         <name>drawLogicLine</name>
         <value>0xa01</value>
         <object_component_ref idref="oc-13e"/>
      </symbol>
      <symbol id="sm-423">
         <name>setBackgroundColor</name>
         <value>0x103</value>
         <object_component_ref idref="oc-13e"/>
      </symbol>
      <symbol id="sm-424">
         <name>clearScreenBkg</name>
         <value>0x1af</value>
         <object_component_ref idref="oc-13e"/>
      </symbol>
      <symbol id="sm-425">
         <name>fillCircle</name>
         <value>0xfb9</value>
         <object_component_ref idref="oc-13e"/>
      </symbol>
      <symbol id="sm-426">
         <name>fillRect</name>
         <value>0xf1b</value>
         <object_component_ref idref="oc-13e"/>
      </symbol>
      <symbol id="sm-427">
         <name>drawString</name>
         <value>0x267</value>
         <object_component_ref idref="oc-13e"/>
      </symbol>
      <symbol id="sm-428">
         <name>clearScreen</name>
         <value>0x121</value>
         <object_component_ref idref="oc-13e"/>
      </symbol>
      <symbol id="sm-429">
         <name>colorLowByte</name>
         <value>0x20000457</value>
         <object_component_ref idref="oc-1bd"/>
      </symbol>
      <symbol id="sm-42a">
         <name>drawCharMdBkg</name>
         <value>0x75b</value>
         <object_component_ref idref="oc-13e"/>
      </symbol>
      <symbol id="sm-42b">
         <name>font_5x7</name>
         <value>0x58e6</value>
         <object_component_ref idref="oc-1c0"/>
      </symbol>
      <symbol id="sm-42c">
         <name>drawRect</name>
         <value>0xd37</value>
         <object_component_ref idref="oc-13e"/>
      </symbol>
      <symbol id="sm-42d">
         <name>colorHighByte</name>
         <value>0x20000458</value>
         <object_component_ref idref="oc-1bd"/>
      </symbol>
      <symbol id="sm-42e">
         <name>bgColorLowByte</name>
         <value>0x20000459</value>
         <object_component_ref idref="oc-1bd"/>
      </symbol>
      <symbol id="sm-449">
         <name>memcpy</name>
         <value>0x445b</value>
         <object_component_ref idref="oc-34"/>
      </symbol>
      <symbol id="sm-44a">
         <name>__aeabi_memcpy</name>
         <value>0x445b</value>
         <object_component_ref idref="oc-34"/>
      </symbol>
      <symbol id="sm-44b">
         <name>__aeabi_memcpy8</name>
         <value>0x445b</value>
         <object_component_ref idref="oc-34"/>
      </symbol>
      <symbol id="sm-44c">
         <name>__aeabi_memcpy4</name>
         <value>0x445b</value>
         <object_component_ref idref="oc-34"/>
      </symbol>
      <symbol id="sm-463">
         <name>__TI_zero_init</name>
         <value>0x4c23</value>
         <object_component_ref idref="oc-46"/>
      </symbol>
      <symbol id="sm-47a">
         <name>__TI_decompress_none</name>
         <value>0x4c07</value>
         <object_component_ref idref="oc-1a"/>
      </symbol>
      <symbol id="sm-49d">
         <name>__TI_decompress_lzss</name>
         <value>0x47fb</value>
         <object_component_ref idref="oc-14"/>
      </symbol>
      <symbol id="sm-4b0">
         <name>__stack</name>
         <value>0x2000fe00</value>
         <object_component_ref idref="oc-26"/>
      </symbol>
      <symbol id="sm-4b1">
         <name>_c_int00_noargs</name>
         <value>0x4b1d</value>
         <object_component_ref idref="oc-52"/>
      </symbol>
      <symbol id="sm-4bc">
         <name>C$$EXIT</name>
         <value>0x4c45</value>
         <object_component_ref idref="oc-f3"/>
      </symbol>
      <symbol id="sm-4bd">
         <name>abort</name>
         <value>0x4c45</value>
         <object_component_ref idref="oc-f3"/>
      </symbol>
      <symbol id="sm-4e6">
         <name>sprintf</name>
         <value>0x4a9d</value>
         <object_component_ref idref="oc-168"/>
      </symbol>
      <symbol id="sm-4f5">
         <name>__aeabi_memset</name>
         <value>0x469b</value>
         <object_component_ref idref="oc-90"/>
      </symbol>
      <symbol id="sm-4f6">
         <name>memset</name>
         <value>0x46a1</value>
         <object_component_ref idref="oc-90"/>
      </symbol>
      <symbol id="sm-4f7">
         <name>__aeabi_memset8</name>
         <value>0x469b</value>
         <object_component_ref idref="oc-90"/>
      </symbol>
      <symbol id="sm-4f8">
         <name>__aeabi_memset4</name>
         <value>0x469b</value>
         <object_component_ref idref="oc-90"/>
      </symbol>
      <symbol id="sm-4f9">
         <name>__aeabi_memclr8</name>
         <value>0x4699</value>
         <object_component_ref idref="oc-90"/>
      </symbol>
      <symbol id="sm-4fa">
         <name>__aeabi_memclr4</name>
         <value>0x4699</value>
         <object_component_ref idref="oc-90"/>
      </symbol>
      <symbol id="sm-4fb">
         <name>__aeabi_memclr</name>
         <value>0x4699</value>
         <object_component_ref idref="oc-90"/>
      </symbol>
      <symbol id="sm-523">
         <name>__TI_auto_init_nobinit_nopinit</name>
         <value>0x4a59</value>
         <object_component_ref idref="oc-ff"/>
      </symbol>
      <symbol id="sm-52d">
         <name>_system_pre_init</name>
         <value>0x4c41</value>
         <object_component_ref idref="oc-96"/>
      </symbol>
      <symbol id="sm-693">
         <name>__TI_printfi</name>
         <value>0x1131</value>
         <object_component_ref idref="oc-1e0"/>
      </symbol>
      <symbol id="sm-6a9">
         <name>atoi</name>
         <value>0x49c5</value>
         <object_component_ref idref="oc-24a"/>
      </symbol>
      <symbol id="sm-6b4">
         <name>_ctypes_</name>
         <value>0x5ac6</value>
         <object_component_ref idref="oc-2ad"/>
      </symbol>
      <symbol id="sm-6c3">
         <name>ltoa</name>
         <value>0x491f</value>
         <object_component_ref idref="oc-2cd"/>
      </symbol>
      <symbol id="sm-6d3">
         <name>memccpy</name>
         <value>0x4b83</value>
         <object_component_ref idref="oc-273"/>
      </symbol>
      <symbol id="sm-6e3">
         <name>strchr</name>
         <value>0x4bb7</value>
         <object_component_ref idref="oc-304"/>
      </symbol>
      <symbol id="sm-6f1">
         <name>strlen</name>
         <value>0x4be1</value>
         <object_component_ref idref="oc-244"/>
      </symbol>
      <symbol id="sm-711">
         <name>frexpl</name>
         <value>0x4865</value>
         <object_component_ref idref="oc-2f8"/>
      </symbol>
      <symbol id="sm-712">
         <name>frexp</name>
         <value>0x4865</value>
         <object_component_ref idref="oc-2f8"/>
      </symbol>
      <symbol id="sm-72f">
         <name>scalbn</name>
         <value>0x419d</value>
         <object_component_ref idref="oc-2fe"/>
      </symbol>
      <symbol id="sm-730">
         <name>scalbnl</name>
         <value>0x419d</value>
         <object_component_ref idref="oc-2fe"/>
      </symbol>
      <symbol id="sm-731">
         <name>ldexpl</name>
         <value>0x419d</value>
         <object_component_ref idref="oc-2fe"/>
      </symbol>
      <symbol id="sm-732">
         <name>ldexp</name>
         <value>0x419d</value>
         <object_component_ref idref="oc-2fe"/>
      </symbol>
      <symbol id="sm-73c">
         <name>copysign</name>
         <value>0x4bcd</value>
         <object_component_ref idref="oc-34a"/>
      </symbol>
      <symbol id="sm-73d">
         <name>copysignl</name>
         <value>0x4bcd</value>
         <object_component_ref idref="oc-34a"/>
      </symbol>
      <symbol id="sm-756">
         <name>wcslen</name>
         <value>0x4bf5</value>
         <object_component_ref idref="oc-279"/>
      </symbol>
      <symbol id="sm-76d">
         <name>__aeabi_dsub</name>
         <value>0x3ac9</value>
         <object_component_ref idref="oc-2d8"/>
      </symbol>
      <symbol id="sm-76e">
         <name>__aeabi_dadd</name>
         <value>0x3ad3</value>
         <object_component_ref idref="oc-2d8"/>
      </symbol>
      <symbol id="sm-790">
         <name>__aeabi_cdcmpeq</name>
         <value>0x458d</value>
         <object_component_ref idref="oc-256"/>
      </symbol>
      <symbol id="sm-791">
         <name>__aeabi_cdcmple</name>
         <value>0x458d</value>
         <object_component_ref idref="oc-256"/>
      </symbol>
      <symbol id="sm-792">
         <name>__aeabi_cdrcmple</name>
         <value>0x4613</value>
         <object_component_ref idref="oc-2c3"/>
      </symbol>
      <symbol id="sm-7a6">
         <name>__aeabi_ddiv</name>
         <value>0x3f45</value>
         <object_component_ref idref="oc-2be"/>
      </symbol>
      <symbol id="sm-7b1">
         <name>__aeabi_dmul</name>
         <value>0x42ad</value>
         <object_component_ref idref="oc-2b9"/>
      </symbol>
      <symbol id="sm-7bb">
         <name>__aeabi_d2iz</name>
         <value>0x4a11</value>
         <object_component_ref idref="oc-2c8"/>
      </symbol>
      <symbol id="sm-7c5">
         <name>__aeabi_i2d</name>
         <value>0x4b55</value>
         <object_component_ref idref="oc-2d3"/>
      </symbol>
      <symbol id="sm-7d2">
         <name>__aeabi_uldivmod</name>
         <value>0x44f7</value>
         <object_component_ref idref="oc-2b2"/>
      </symbol>
      <symbol id="sm-7e8">
         <name>__aeabi_errno_addr</name>
         <value>0x4c39</value>
         <object_component_ref idref="oc-27f"/>
      </symbol>
      <symbol id="sm-7e9">
         <name>errno</name>
         <value>0x2000045c</value>
         <object_component_ref idref="oc-314"/>
      </symbol>
      <symbol id="sm-7f3">
         <name>__aeabi_idiv0</name>
         <value>0x1b8f</value>
         <object_component_ref idref="oc-331"/>
      </symbol>
      <symbol id="sm-7f4">
         <name>__aeabi_ldiv0</name>
         <value>0x1b8f</value>
         <object_component_ref idref="oc-331"/>
      </symbol>
      <symbol id="sm-7f5">
         <name>__TI_static_base__</name>
         <value>0x0</value>
      </symbol>
      <symbol id="sm-7f8">
         <name>__mpu_init</name>
         <value>0x0</value>
      </symbol>
      <symbol id="sm-7f9">
         <name>_system_post_cinit</name>
         <value>0x0</value>
      </symbol>
      <symbol id="sm-7fa">
         <name>NMI_Handler</name>
         <value>0x4c21</value>
      </symbol>
      <symbol id="sm-7fb">
         <name>HardFault_Handler</name>
         <value>0x4c21</value>
      </symbol>
      <symbol id="sm-7fc">
         <name>MemManage_Handler</name>
         <value>0x4c21</value>
      </symbol>
      <symbol id="sm-7fd">
         <name>BusFault_Handler</name>
         <value>0x4c21</value>
      </symbol>
      <symbol id="sm-7fe">
         <name>UsageFault_Handler</name>
         <value>0x4c21</value>
      </symbol>
      <symbol id="sm-7ff">
         <name>SVC_Handler</name>
         <value>0x4c21</value>
      </symbol>
      <symbol id="sm-800">
         <name>DebugMon_Handler</name>
         <value>0x4c21</value>
      </symbol>
      <symbol id="sm-801">
         <name>PendSV_Handler</name>
         <value>0x4c21</value>
      </symbol>
      <symbol id="sm-802">
         <name>SysTick_Handler</name>
         <value>0x4c21</value>
      </symbol>
      <symbol id="sm-803">
         <name>PSS_IRQHandler</name>
         <value>0x4c21</value>
      </symbol>
      <symbol id="sm-804">
         <name>CS_IRQHandler</name>
         <value>0x4c21</value>
      </symbol>
      <symbol id="sm-805">
         <name>PCM_IRQHandler</name>
         <value>0x4c21</value>
      </symbol>
      <symbol id="sm-806">
         <name>WDT_A_IRQHandler</name>
         <value>0x4c21</value>
      </symbol>
      <symbol id="sm-807">
         <name>FPU_IRQHandler</name>
         <value>0x4c21</value>
      </symbol>
      <symbol id="sm-808">
         <name>FLCTL_IRQHandler</name>
         <value>0x4c21</value>
      </symbol>
      <symbol id="sm-809">
         <name>COMP_E0_IRQHandler</name>
         <value>0x4c21</value>
      </symbol>
      <symbol id="sm-80a">
         <name>COMP_E1_IRQHandler</name>
         <value>0x4c21</value>
      </symbol>
      <symbol id="sm-80b">
         <name>TA0_0_IRQHandler</name>
         <value>0x2f9b</value>
      </symbol>
      <symbol id="sm-80c">
         <name>TA0_N_IRQHandler</name>
         <value>0x4c21</value>
      </symbol>
      <symbol id="sm-80d">
         <name>TA1_0_IRQHandler</name>
         <value>0x2fc3</value>
      </symbol>
      <symbol id="sm-80e">
         <name>TA1_N_IRQHandler</name>
         <value>0x4c21</value>
      </symbol>
      <symbol id="sm-80f">
         <name>TA2_0_IRQHandler</name>
         <value>0x4c21</value>
      </symbol>
      <symbol id="sm-810">
         <name>TA2_N_IRQHandler</name>
         <value>0x4c21</value>
      </symbol>
      <symbol id="sm-811">
         <name>TA3_0_IRQHandler</name>
         <value>0x4c21</value>
      </symbol>
      <symbol id="sm-812">
         <name>TA3_N_IRQHandler</name>
         <value>0x4c21</value>
      </symbol>
      <symbol id="sm-813">
         <name>EUSCIA0_IRQHandler</name>
         <value>0x4c21</value>
      </symbol>
      <symbol id="sm-814">
         <name>EUSCIA1_IRQHandler</name>
         <value>0x4c21</value>
      </symbol>
      <symbol id="sm-815">
         <name>EUSCIA2_IRQHandler</name>
         <value>0x2f75</value>
      </symbol>
      <symbol id="sm-816">
         <name>EUSCIA3_IRQHandler</name>
         <value>0x4c21</value>
      </symbol>
      <symbol id="sm-817">
         <name>EUSCIB0_IRQHandler</name>
         <value>0x4c21</value>
      </symbol>
      <symbol id="sm-818">
         <name>EUSCIB1_IRQHandler</name>
         <value>0x4c21</value>
      </symbol>
      <symbol id="sm-819">
         <name>EUSCIB2_IRQHandler</name>
         <value>0x4c21</value>
      </symbol>
      <symbol id="sm-81a">
         <name>EUSCIB3_IRQHandler</name>
         <value>0x4c21</value>
      </symbol>
      <symbol id="sm-81b">
         <name>ADC14_IRQHandler</name>
         <value>0x4c21</value>
      </symbol>
      <symbol id="sm-81c">
         <name>T32_INT1_IRQHandler</name>
         <value>0x4c21</value>
      </symbol>
      <symbol id="sm-81d">
         <name>T32_INT2_IRQHandler</name>
         <value>0x4c21</value>
      </symbol>
      <symbol id="sm-81e">
         <name>T32_INTC_IRQHandler</name>
         <value>0x4c21</value>
      </symbol>
      <symbol id="sm-81f">
         <name>AES256_IRQHandler</name>
         <value>0x4c21</value>
      </symbol>
      <symbol id="sm-820">
         <name>RTC_C_IRQHandler</name>
         <value>0x4c21</value>
      </symbol>
      <symbol id="sm-821">
         <name>DMA_ERR_IRQHandler</name>
         <value>0x4c21</value>
      </symbol>
      <symbol id="sm-822">
         <name>DMA_INT3_IRQHandler</name>
         <value>0x4c21</value>
      </symbol>
      <symbol id="sm-823">
         <name>DMA_INT2_IRQHandler</name>
         <value>0x4c21</value>
      </symbol>
      <symbol id="sm-824">
         <name>DMA_INT1_IRQHandler</name>
         <value>0x4c21</value>
      </symbol>
      <symbol id="sm-825">
         <name>DMA_INT0_IRQHandler</name>
         <value>0x4c21</value>
      </symbol>
      <symbol id="sm-826">
         <name>PORT1_IRQHandler</name>
         <value>0x4c21</value>
      </symbol>
      <symbol id="sm-827">
         <name>PORT2_IRQHandler</name>
         <value>0x4c21</value>
      </symbol>
      <symbol id="sm-828">
         <name>PORT3_IRQHandler</name>
         <value>0x2695</value>
      </symbol>
      <symbol id="sm-829">
         <name>PORT4_IRQHandler</name>
         <value>0x26d1</value>
      </symbol>
      <symbol id="sm-82a">
         <name>PORT5_IRQHandler</name>
         <value>0x2725</value>
      </symbol>
      <symbol id="sm-82b">
         <name>PORT6_IRQHandler</name>
         <value>0x4c21</value>
      </symbol>
   </symbol_table>
   <title>Link successful</title>
</link_info>
