******************************************************************************
                  TI ARM Linker PC v18.1.2                     
******************************************************************************
>> Linked Thu May 23 10:51:14 2019

OUTPUT FILE NAME:   <Final.out>
ENTRY POINT SYMBOL: "_c_int00_noargs"  address: 000049cd


MEMORY CONFIGURATION

         name            origin    length      used     unused   attr    fill
----------------------  --------  ---------  --------  --------  ----  --------
  MAIN                  00000000   00040000  00005b1e  0003a4e2  R  X
  INFO                  00200000   00004000  00000000  00004000  R  X
  SRAM_CODE             01000000   00010000  00000667  0000f999  RW X
  SRAM_DATA             20000000   00010000  00000667  0000f999  RW  


SEGMENT ALLOCATION MAP

run origin  load origin   length   init length attrs members
----------  ----------- ---------- ----------- ----- -------
00000000    00000000    00005b20   00005b20    r-x
  00000000    00000000    000000e4   000000e4    r-- .intvecs
  000000e4    000000e4    00004a14   00004a14    r-x .text
  00004af8    00004af8    00000fbe   00000fbe    r-- .const
  00005ab8    00005ab8    00000068   00000068    r-- .cinit
20000000    20000000    0000046a   00000000    rw-
  20000000    20000000    00000415   00000000    rw- .bss
  20000418    20000418    00000052   00000000    rw- .data
2000fe00    2000fe00    00000200   00000000    rw-
  2000fe00    2000fe00    00000200   00000000    rw- .stack


SECTION ALLOCATION MAP

 output                                  attributes/
section   page    origin      length       input sections
--------  ----  ----------  ----------   ----------------
.intvecs   0    00000000    000000e4     
                  00000000    000000e4     startup_msp432p401r_ccs.obj (.intvecs:retain)

.text      0    000000e4    00004a14     
                  000000e4    0000104c     lib_PAE2.lib : graphics.obj (.text)
                  00001130    00000a5e     rtsv7M4_T_le_v4SPD16_eabi.lib : _printfi.c.obj (.text:__TI_printfi)
                  00001b8e    00000002                                   : div0.asm.obj (.text)
                  00001b90    000008a8     lib_PAE2.lib : lcd.obj (.text)
                  00002438    0000066c     Practica_04 PAE_Alumnes.obj (.text)
                  00002aa4    000003b8     lib_UART.obj (.text)
                  00002e5c    000003a8     lib_motor.obj (.text)
                  00003204    00000334     system_msp432p401r.obj (.text)
                  00003538    00000270     rtsv7M4_T_le_v4SPD16_eabi.lib : _printfi.c.obj (.text:_pconv_a)
                  000037a8    000001d0                                   : _printfi.c.obj (.text:_pconv_g)
                  00003978    000001b6                                   : fd_add_t2.asm.obj (.text)
                  00003b2e    00000002     --HOLE-- [fill = 0]
                  00003b30    00000188     lib_PAE2.lib : msp_LCD.obj (.text)
                  00003cb8    0000013c     rtsv7M4_T_le_v4SPD16_eabi.lib : _printfi.c.obj (.text:_pconv_e)
                  00003df4    00000136                                   : fd_div_t2.asm.obj (.text)
                  00003f2a    00000002     --HOLE-- [fill = 0]
                  00003f2c    00000120                                   : _printfi.c.obj (.text:fcvt)
                  0000404c    00000110                                   : s_scalbn.c.obj (.text:scalbn)
                  0000415c    000000fc                                   : fd_mul_t2.asm.obj (.text)
                  00004258    000000b1                                   : _printfi.c.obj (.text:_ltostr)
                  00004309    00000001     --HOLE-- [fill = 0]
                  0000430a    0000009c                                   : memcpy_t2.asm.obj (.text)
                  000043a6    00000096                                   : ull_div_t2.asm.obj (.text)
                  0000443c    00000086                                   : fd_cmp_t2.asm.obj (.text:__aeabi_cdcmple)
                  000044c2    00000086                                   : fd_cmp_t2.asm.obj (.text:__aeabi_cdrcmple)
                  00004548    0000007a                                   : memset_t2.asm.obj (.text)
                  000045c2    00000002     --HOLE-- [fill = 0]
                  000045c4    00000078     lib_PAE2.lib : Inicializacion.obj (.text)
                  0000463c    0000006e     rtsv7M4_T_le_v4SPD16_eabi.lib : _printfi.c.obj (.text:_mcpy)
                  000046aa    00000068                                   : copy_decompress_lzss.c.obj (.text:decompress:lzss:__TI_decompress_lzss)
                  00004712    00000002     --HOLE-- [fill = 0]
                  00004714    00000064                                   : s_frexp.c.obj (.text:frexp)
                  00004778    00000056                                   : _printfi.c.obj (.text:_pconv_f)
                  000047ce    00000054                                   : ltoa.c.obj (.text:ltoa)
                  00004822    00000052                                   : _printfi.c.obj (.text:_ecpy)
                  00004874    0000004c                                   : atoi.c.obj (.text:atoi)
                  000048c0    00000048                                   : fd_toi_t2.asm.obj (.text)
                  00004908    00000044                                   : autoinit.c.obj (.text:__TI_auto_init_nobinit_nopinit:__TI_auto_init_nobinit_nopinit)
                  0000494c    00000040                                   : sprintf.c.obj (.text:sprintf)
                  0000498c    0000003e                                   : _printfi.c.obj (.text:_fcpy)
                  000049ca    00000002     --HOLE-- [fill = 0]
                  000049cc    00000038                                   : boot_cortex_m.c.obj (.text:_c_int00_noargs:_c_int00_noargs)
                  00004a04    0000002e                                   : i_tofd_t2.asm.obj (.text)
                  00004a32    0000001c                                   : memccpy.c.obj (.text:memccpy)
                  00004a4e    00000018                                   : sprintf.c.obj (.text:_outs)
                  00004a66    00000016                                   : strchr.c.obj (.text:strchr)
                  00004a7c    00000014                                   : s_copysign.c.obj (.text:copysign)
                  00004a90    00000014                                   : strlen.c.obj (.text:strlen)
                  00004aa4    00000012                                   : wcslen.c.obj (.text:wcslen)
                  00004ab6    0000000e                                   : copy_decompress_none.c.obj (.text:decompress:none:__TI_decompress_none)
                  00004ac4    0000000e     startup_msp432p401r_ccs.obj (.text)
                  00004ad2    0000000c     rtsv7M4_T_le_v4SPD16_eabi.lib : copy_zero_init.c.obj (.text:decompress:ZI:__TI_zero_init)
                  00004ade    0000000a                                   : sprintf.c.obj (.text:_outc)
                  00004ae8    00000008                                   : errno.c.obj (.text:__aeabi_errno_addr)
                  00004af0    00000004                                   : pre_init.c.obj (.text:_system_pre_init)
                  00004af4    00000004                                   : exit.c.obj (.text:abort:abort)

.const     0    00004af8    00000fbe     
                  00004af8    0000082a     lib_PAE2.lib : graphics.obj (.const:font_11x16)
                  00005322    00000474                  : graphics.obj (.const:font_8x12)
                  00005796    000001e0                  : graphics.obj (.const:font_5x7)
                  00005976    00000101     rtsv7M4_T_le_v4SPD16_eabi.lib : ctype.c.obj (.const:.string:_ctypes_)
                  00005a77    00000010     lib_PAE2.lib : lcd.obj (.const:.string:$P$T0$1)
                  00005a87    00000010                  : lcd.obj (.const:.string:$P$T1$2)
                  00005a97    00000003     lib_motor.obj (.const:.string:$P$T0$1)
                  00005a9a    00000003     lib_motor.obj (.const:.string:$P$T1$2)
                  00005a9d    00000003     lib_motor.obj (.const:.string:$P$T2$3)
                  00005aa0    00000003     lib_motor.obj (.const:.string:$P$T3$4)
                  00005aa3    00000003     lib_motor.obj (.const:.string:$P$T4$5)
                  00005aa6    00000003     lib_motor.obj (.const:.string:$P$T5$6)
                  00005aa9    00000003     lib_motor.obj (.const:.string:$P$T6$7)
                  00005aac    00000002     lib_motor.obj (.const:.string:$P$T10$11)
                  00005aae    00000002     lib_motor.obj (.const:.string:$P$T11$12)
                  00005ab0    00000002     lib_motor.obj (.const:.string:$P$T7$8)
                  00005ab2    00000002     lib_motor.obj (.const:.string:$P$T8$9)
                  00005ab4    00000002     lib_motor.obj (.const:.string:$P$T9$10)

.cinit     0    00005ab8    00000068     
                  00005ab8    00000043     (.cinit..data.load) [load image, compression = lzss]
                  00005afb    00000001     --HOLE-- [fill = 0]
                  00005afc    0000000c     (__TI_handler_table)
                  00005b08    00000008     (.cinit..bss.load) [load image, compression = zero_init]
                  00005b10    00000010     (__TI_cinit_table)

.init_array 
*          0    00000000    00000000     UNINITIALIZED

.binit     0    00000000    00000000     

.bss       0    20000000    00000415     UNINITIALIZED
                  20000000    00000400     lib_PAE2.lib : graphics.obj (.bss:g_pulConvertedPalette)
                  20000400    00000010     (.common:cadena)
                  20000410    00000002     (.common:count_ms)
                  20000412    00000001     (.common:s_center)
                  20000413    00000001     (.common:s_left)
                  20000414    00000001     (.common:s_right)

.data      0    20000418    00000052     UNINITIALIZED
                  20000418    00000013     Practica_04 PAE_Alumnes.obj (.data)
                  2000042b    00000010     lib_UART.obj (.data:borrado)
                  2000043b    00000010     Practica_04 PAE_Alumnes.obj (.data:saludo)
                  2000044b    00000001     --HOLE--
                  2000044c    0000000a     lib_PAE2.lib : lcd.obj (.data)
                  20000456    00000005     lib_UART.obj (.data)
                  2000045b    00000004     lib_PAE2.lib : graphics.obj (.data)
                  2000045f    00000001     --HOLE--
                  20000460    00000004     rtsv7M4_T_le_v4SPD16_eabi.lib : errno.c.obj (.data)
                  20000464    00000004     system_msp432p401r.obj (.data)
                  20000468    00000002     lib_motor.obj (.data)

.stack     0    2000fe00    00000200     UNINITIALIZED
                  2000fe00    00000004     rtsv7M4_T_le_v4SPD16_eabi.lib : boot_cortex_m.c.obj (.stack)
                  2000fe04    000001fc     --HOLE--

MODULE SUMMARY

       Module                        code    ro data   rw data
       ------                        ----    -------   -------
    .\
       Practica_04 PAE_Alumnes.obj   1644    0         76     
       lib_motor.obj                 936     31        36     
       lib_UART.obj                  952     0         46     
       system_msp432p401r.obj        820     0         8      
       startup_msp432p401r_ccs.obj   14      228       0      
    +--+-----------------------------+-------+---------+---------+
       Total:                        4366    259       166    
                                                              
    ../lib_PAE2.lib
       graphics.obj                  4172    3710      2056   
       lcd.obj                       2216    32        20     
       msp_LCD.obj                   392     0         0      
       Inicializacion.obj            120     0         0      
    +--+-----------------------------+-------+---------+---------+
       Total:                        6900    3742      2076   
                                                              
    C:\ti\ccsv8\tools\compiler\ti-cgt-arm_18.1.2.LTS\lib\rtsv7M4_T_le_v4SPD16_eabi.lib
       _printfi.c.obj                4863    0         0      
       fd_add_t2.asm.obj             438     0         0      
       fd_div_t2.asm.obj             310     0         0      
       s_scalbn.c.obj                272     0         0      
       fd_cmp_t2.asm.obj             268     0         0      
       ctype.c.obj                   0       257       0      
       fd_mul_t2.asm.obj             252     0         0      
       memcpy_t2.asm.obj             156     0         0      
       ull_div_t2.asm.obj            150     0         0      
       memset_t2.asm.obj             122     0         0      
       copy_decompress_lzss.c.obj    104     0         0      
       s_frexp.c.obj                 100     0         0      
       sprintf.c.obj                 98      0         0      
       ltoa.c.obj                    84      0         0      
       atoi.c.obj                    76      0         0      
       fd_toi_t2.asm.obj             72      0         0      
       autoinit.c.obj                68      0         0      
       boot_cortex_m.c.obj           56      0         0      
       i_tofd_t2.asm.obj             46      0         0      
       memccpy.c.obj                 28      0         0      
       strchr.c.obj                  22      0         0      
       s_copysign.c.obj              20      0         0      
       strlen.c.obj                  20      0         0      
       wcslen.c.obj                  18      0         0      
       errno.c.obj                   8       0         8      
       copy_decompress_none.c.obj    14      0         0      
       copy_zero_init.c.obj          12      0         0      
       exit.c.obj                    4       0         0      
       pre_init.c.obj                4       0         0      
       div0.asm.obj                  2       0         0      
    +--+-----------------------------+-------+---------+---------+
       Total:                        7687    257       8      
                                                              
       Stack:                        0       0         1024   
       Linker Generated:             0       103       0      
    +--+-----------------------------+-------+---------+---------+
       Grand Total:                  18953   4361      3274   


LINKER GENERATED COPY TABLES

__TI_cinit_table @ 00005b10 records: 2, size/record: 8, table size: 16
	.data: load addr=00005ab8, load size=00000043 bytes, run addr=20000418, run size=00000052 bytes, compression=lzss
	.bss: load addr=00005b08, load size=00000008 bytes, run addr=20000000, run size=00000415 bytes, compression=zero_init


LINKER GENERATED HANDLER TABLE

__TI_handler_table @ 00005afc records: 3, size/record: 4, table size: 12
	index: 0, handler: __TI_decompress_lzss
	index: 1, handler: __TI_decompress_none
	index: 2, handler: __TI_zero_init


GLOBAL SYMBOLS: SORTED ALPHABETICALLY BY Name 

address   name                          
-------   ----                          
00004ad1  ADC14_IRQHandler              
00004ad1  AES256_IRQHandler             
00002b35  Activa_TimerA1_TimeOut        
00002b41  Apaga_TimerA1_TimeOut         
00004ad1  BusFault_Handler              
2000045a  Byte_Recibido                 
00004af5  C$$EXIT                       
00004ad1  COMP_E0_IRQHandler            
00004ad1  COMP_E1_IRQHandler            
00004ad1  CS_IRQHandler                 
2000044e  Color_Fondo                   
20000452  Color_Fondo_Inv               
20000450  Color_Texto                   
20000454  Color_Texto_Inv               
00004ad1  DMA_ERR_IRQHandler            
00004ad1  DMA_INT0_IRQHandler           
00004ad1  DMA_INT1_IRQHandler           
00004ad1  DMA_INT2_IRQHandler           
00004ad1  DMA_INT3_IRQHandler           
20000456  DatoLeido_UART                
00004ad1  DebugMon_Handler              
00004ad1  Default_Handler               
00004ad1  EUSCIA0_IRQHandler            
00004ad1  EUSCIA1_IRQHandler            
00002da9  EUSCIA2_IRQHandler            
00002da9  EUSCIA2_IRQHandler            
00004ad1  EUSCIA3_IRQHandler            
00004ad1  EUSCIB0_IRQHandler            
00004ad1  EUSCIB1_IRQHandler            
00004ad1  EUSCIB2_IRQHandler            
00004ad1  EUSCIB3_IRQHandler            
00004ad1  FLCTL_IRQHandler              
00004ad1  FPU_IRQHandler                
2000044d  Fuente                        
00004ad1  HardFault_Handler             
00004ad1  MemManage_Handler             
00004ad1  NMI_Handler                   
00004ad1  PCM_IRQHandler                
00004ad1  PORT1_IRQHandler              
00004ad1  PORT2_IRQHandler              
00002695  PORT3_IRQHandler              
00002695  PORT3_IRQHandler              
000026d1  PORT4_IRQHandler              
000026d1  PORT4_IRQHandler              
00002725  PORT5_IRQHandler              
00002725  PORT5_IRQHandler              
00004ad1  PORT6_IRQHandler              
00004ad1  PSS_IRQHandler                
00004ad1  PendSV_Handler                
00004ad1  RTC_C_IRQHandler              
00004ac5  Reset_Handler                 
00002c47  RxPacket                      
00004ad1  SVC_Handler                   
00004ad1  SysTick_Handler               
20000464  SystemCoreClock               
00003205  SystemCoreClockUpdate         
0000347d  SystemInit                    
00004ad1  T32_INT1_IRQHandler           
00004ad1  T32_INT2_IRQHandler           
00004ad1  T32_INTC_IRQHandler           
00002dcf  TA0_0_IRQHandler              
00002dcf  TA0_0_IRQHandler              
00004ad1  TA0_N_IRQHandler              
00002df7  TA1_0_IRQHandler              
00002df7  TA1_0_IRQHandler              
00004ad1  TA1_N_IRQHandler              
00004ad1  TA2_0_IRQHandler              
00004ad1  TA2_N_IRQHandler              
00004ad1  TA3_0_IRQHandler              
00004ad1  TA3_N_IRQHandler              
00002b17  TimeOut_check                 
00002b49  TxPacket                      
00002af3  TxUAC2                        
00004ad1  UsageFault_Handler            
4000480c  WDTCTL_SYM                    
00004ad1  WDT_A_IRQHandler              
20010000  __STACK_END                   
00000200  __STACK_SIZE                  
00005b10  __TI_CINIT_Base               
00005b20  __TI_CINIT_Limit              
00005afc  __TI_Handler_Table_Base       
00005b08  __TI_Handler_Table_Limit      
00004909  __TI_auto_init_nobinit_nopinit
000046ab  __TI_decompress_lzss          
00004ab7  __TI_decompress_none          
ffffffff  __TI_pprof_out_hndl           
00001131  __TI_printfi                  
ffffffff  __TI_prof_data_size           
ffffffff  __TI_prof_data_start          
00000000  __TI_static_base__            
00004ad3  __TI_zero_init                
0000443d  __aeabi_cdcmpeq               
0000443d  __aeabi_cdcmple               
000044c3  __aeabi_cdrcmple              
000048c1  __aeabi_d2iz                  
00003983  __aeabi_dadd                  
00003df5  __aeabi_ddiv                  
0000415d  __aeabi_dmul                  
00003979  __aeabi_dsub                  
00004ae9  __aeabi_errno_addr            
00004a05  __aeabi_i2d                   
00001b8f  __aeabi_idiv0                 
00001b8f  __aeabi_ldiv0                 
00004549  __aeabi_memclr                
00004549  __aeabi_memclr4               
00004549  __aeabi_memclr8               
0000430b  __aeabi_memcpy                
0000430b  __aeabi_memcpy4               
0000430b  __aeabi_memcpy8               
0000454b  __aeabi_memset                
0000454b  __aeabi_memset4               
0000454b  __aeabi_memset8               
000043a7  __aeabi_uldivmod              
ffffffff  __binit__                     
ffffffff  __c_args__                    
UNDEFED   __mpu_init                    
2000fe00  __stack                       
000049cd  _c_int00_noargs               
00005976  _ctypes_                      
2000044c  _orientation                  
UNDEFED   _system_post_cinit            
00004af1  _system_pre_init              
00004af5  abort                         
00004875  atoi                          
2000045e  bgColorHighByte               
2000045d  bgColorLowByte                
ffffffff  binit                         
2000042b  borrado                       
00002ab1  borrar                        
20000400  cadena                        
00001fc1  cambiar_orientacion           
20000427  cambio_estado                 
00003097  change_detection_distance     
0000293d  changed                       
00000121  clearScreen                   
000001af  clearScreenBkg                
2000045c  colorHighByte                 
2000045b  colorLowByte                  
00004a7d  copysign                      
00004a7d  copysignl                     
20000410  count_ms                      
20000459  count_timeout                 
00002fe9  decrease_speed                
00003c55  delay                         
00002d7b  delay_t                       
2000042a  detected                      
20000429  direccio_LED                  
00000521  drawCharLg                    
000005c9  drawCharLgBkg                 
000006ad  drawCharMd                    
0000075b  drawCharMdBkg                 
000003a1  drawCharSm                    
00000447  drawCharSmBkg                 
00000d9b  drawCircle                    
000008bd  drawImage                     
000008d5  drawImageLut                  
000009e3  drawImageMono                 
00000b41  drawLine                      
00000a01  drawLogicLine                 
00000237  drawPixel                     
00000d37  drawRect                      
00000267  drawString                    
00002799  drift                         
20000460  errno                         
00002ac5  escribir                      
20000419  estado                        
2000041a  estado_anterior               
00000fb9  fillCircle                    
00000f1b  fillRect                      
20000426  flag_retraso                  
00004af8  font_11x16                    
00005796  font_5x7                      
00005322  font_8x12                     
00004715  frexp                         
00004715  frexpl                        
00001c3b  getAltura                     
00001be9  getColumna                    
00001b97  getLinea                      
00001b91  getOrientacion                
00001c97  getScreenHeight               
00001c81  getScreenWidth                
00002151  halLcdClearLine               
00001fef  halLcdClearScreen             
00002013  halLcdClearScreenBkg          
000022c5  halLcdDrawCircle              
000023cd  halLcdDrawImageLut            
00002219  halLcdDrawLine                
000021c7  halLcdDrawPixel               
0000226d  halLcdDrawRect                
00002371  halLcdFillCircle              
00002315  halLcdFillRect                
00001fe3  halLcdInit                    
00002033  halLcdPrintLine               
000020b3  halLcdPrintLineCol            
20000420  hora                          
20000424  hora_alarma                   
00002fd5  increase_speed                
00001e0d  initLCD                       
00002aa5  init_LCD                      
00002577  init_botons                   
000024dd  init_clock                    
00002439  init_interrupciones           
00003b31  init_spi_lcd_tactil           
000024b5  init_timer                    
00002505  init_uart                     
000045c5  init_ucs_16MHz                
000045fd  init_ucs_24MHz                
00000000  interruptVectors              
0000404d  ldexp                         
0000404d  ldexpl                        
20000418  linea                         
000047cf  ltoa                          
000029ed  main                          
00004a33  memccpy                       
0000430b  memcpy                        
00004551  memset                        
20000423  min_alarma                    
20000422  modifica_alarma               
20000421  modifica_hora                 
00002ecb  move_backward                 
00002e5d  move_forward                  
00002f39  move_left                     
00002f89  move_right                    
000028ad  move_to                       
20000458  no                            
00003143  obstacle_detected             
00003035  print_distance                
0000317d  print_obstacle                
000030af  read_sensors                  
2000041c  retraso                       
20000412  s_center                      
20000413  s_left                        
20000414  s_right                       
2000043b  saludo                        
0000404d  scalbn                        
0000404d  scalbnl                       
20000425  seg_alarma                    
00002adb  sentit_dades_rx               
00002ae7  sentit_dades_tx               
00001cad  setArea                       
00000103  setBackgroundColor            
000000e5  setColor                      
00001f53  setOrientation                
20000457  si                            
0000494d  sprintf                       
00002ffb  stop                          
00004a67  strchr                        
00004a91  strlen                        
00002b0f  timeOut_Reset                 
20000468  velocidad                     
20000428  velocitat                     
00004aa5  wcslen                        
00003c2f  writeCommand                  
00003c09  writeData                     


GLOBAL SYMBOLS: SORTED BY Symbol Address 

address   name                          
-------   ----                          
00000000  __TI_static_base__            
00000000  interruptVectors              
000000e5  setColor                      
00000103  setBackgroundColor            
00000121  clearScreen                   
000001af  clearScreenBkg                
00000200  __STACK_SIZE                  
00000237  drawPixel                     
00000267  drawString                    
000003a1  drawCharSm                    
00000447  drawCharSmBkg                 
00000521  drawCharLg                    
000005c9  drawCharLgBkg                 
000006ad  drawCharMd                    
0000075b  drawCharMdBkg                 
000008bd  drawImage                     
000008d5  drawImageLut                  
000009e3  drawImageMono                 
00000a01  drawLogicLine                 
00000b41  drawLine                      
00000d37  drawRect                      
00000d9b  drawCircle                    
00000f1b  fillRect                      
00000fb9  fillCircle                    
00001131  __TI_printfi                  
00001b8f  __aeabi_idiv0                 
00001b8f  __aeabi_ldiv0                 
00001b91  getOrientacion                
00001b97  getLinea                      
00001be9  getColumna                    
00001c3b  getAltura                     
00001c81  getScreenWidth                
00001c97  getScreenHeight               
00001cad  setArea                       
00001e0d  initLCD                       
00001f53  setOrientation                
00001fc1  cambiar_orientacion           
00001fe3  halLcdInit                    
00001fef  halLcdClearScreen             
00002013  halLcdClearScreenBkg          
00002033  halLcdPrintLine               
000020b3  halLcdPrintLineCol            
00002151  halLcdClearLine               
000021c7  halLcdDrawPixel               
00002219  halLcdDrawLine                
0000226d  halLcdDrawRect                
000022c5  halLcdDrawCircle              
00002315  halLcdFillRect                
00002371  halLcdFillCircle              
000023cd  halLcdDrawImageLut            
00002439  init_interrupciones           
000024b5  init_timer                    
000024dd  init_clock                    
00002505  init_uart                     
00002577  init_botons                   
00002695  PORT3_IRQHandler              
00002695  PORT3_IRQHandler              
000026d1  PORT4_IRQHandler              
000026d1  PORT4_IRQHandler              
00002725  PORT5_IRQHandler              
00002725  PORT5_IRQHandler              
00002799  drift                         
000028ad  move_to                       
0000293d  changed                       
000029ed  main                          
00002aa5  init_LCD                      
00002ab1  borrar                        
00002ac5  escribir                      
00002adb  sentit_dades_rx               
00002ae7  sentit_dades_tx               
00002af3  TxUAC2                        
00002b0f  timeOut_Reset                 
00002b17  TimeOut_check                 
00002b35  Activa_TimerA1_TimeOut        
00002b41  Apaga_TimerA1_TimeOut         
00002b49  TxPacket                      
00002c47  RxPacket                      
00002d7b  delay_t                       
00002da9  EUSCIA2_IRQHandler            
00002da9  EUSCIA2_IRQHandler            
00002dcf  TA0_0_IRQHandler              
00002dcf  TA0_0_IRQHandler              
00002df7  TA1_0_IRQHandler              
00002df7  TA1_0_IRQHandler              
00002e5d  move_forward                  
00002ecb  move_backward                 
00002f39  move_left                     
00002f89  move_right                    
00002fd5  increase_speed                
00002fe9  decrease_speed                
00002ffb  stop                          
00003035  print_distance                
00003097  change_detection_distance     
000030af  read_sensors                  
00003143  obstacle_detected             
0000317d  print_obstacle                
00003205  SystemCoreClockUpdate         
0000347d  SystemInit                    
00003979  __aeabi_dsub                  
00003983  __aeabi_dadd                  
00003b31  init_spi_lcd_tactil           
00003c09  writeData                     
00003c2f  writeCommand                  
00003c55  delay                         
00003df5  __aeabi_ddiv                  
0000404d  ldexp                         
0000404d  ldexpl                        
0000404d  scalbn                        
0000404d  scalbnl                       
0000415d  __aeabi_dmul                  
0000430b  __aeabi_memcpy                
0000430b  __aeabi_memcpy4               
0000430b  __aeabi_memcpy8               
0000430b  memcpy                        
000043a7  __aeabi_uldivmod              
0000443d  __aeabi_cdcmpeq               
0000443d  __aeabi_cdcmple               
000044c3  __aeabi_cdrcmple              
00004549  __aeabi_memclr                
00004549  __aeabi_memclr4               
00004549  __aeabi_memclr8               
0000454b  __aeabi_memset                
0000454b  __aeabi_memset4               
0000454b  __aeabi_memset8               
00004551  memset                        
000045c5  init_ucs_16MHz                
000045fd  init_ucs_24MHz                
000046ab  __TI_decompress_lzss          
00004715  frexp                         
00004715  frexpl                        
000047cf  ltoa                          
00004875  atoi                          
000048c1  __aeabi_d2iz                  
00004909  __TI_auto_init_nobinit_nopinit
0000494d  sprintf                       
000049cd  _c_int00_noargs               
00004a05  __aeabi_i2d                   
00004a33  memccpy                       
00004a67  strchr                        
00004a7d  copysign                      
00004a7d  copysignl                     
00004a91  strlen                        
00004aa5  wcslen                        
00004ab7  __TI_decompress_none          
00004ac5  Reset_Handler                 
00004ad1  ADC14_IRQHandler              
00004ad1  AES256_IRQHandler             
00004ad1  BusFault_Handler              
00004ad1  COMP_E0_IRQHandler            
00004ad1  COMP_E1_IRQHandler            
00004ad1  CS_IRQHandler                 
00004ad1  DMA_ERR_IRQHandler            
00004ad1  DMA_INT0_IRQHandler           
00004ad1  DMA_INT1_IRQHandler           
00004ad1  DMA_INT2_IRQHandler           
00004ad1  DMA_INT3_IRQHandler           
00004ad1  DebugMon_Handler              
00004ad1  Default_Handler               
00004ad1  EUSCIA0_IRQHandler            
00004ad1  EUSCIA1_IRQHandler            
00004ad1  EUSCIA3_IRQHandler            
00004ad1  EUSCIB0_IRQHandler            
00004ad1  EUSCIB1_IRQHandler            
00004ad1  EUSCIB2_IRQHandler            
00004ad1  EUSCIB3_IRQHandler            
00004ad1  FLCTL_IRQHandler              
00004ad1  FPU_IRQHandler                
00004ad1  HardFault_Handler             
00004ad1  MemManage_Handler             
00004ad1  NMI_Handler                   
00004ad1  PCM_IRQHandler                
00004ad1  PORT1_IRQHandler              
00004ad1  PORT2_IRQHandler              
00004ad1  PORT6_IRQHandler              
00004ad1  PSS_IRQHandler                
00004ad1  PendSV_Handler                
00004ad1  RTC_C_IRQHandler              
00004ad1  SVC_Handler                   
00004ad1  SysTick_Handler               
00004ad1  T32_INT1_IRQHandler           
00004ad1  T32_INT2_IRQHandler           
00004ad1  T32_INTC_IRQHandler           
00004ad1  TA0_N_IRQHandler              
00004ad1  TA1_N_IRQHandler              
00004ad1  TA2_0_IRQHandler              
00004ad1  TA2_N_IRQHandler              
00004ad1  TA3_0_IRQHandler              
00004ad1  TA3_N_IRQHandler              
00004ad1  UsageFault_Handler            
00004ad1  WDT_A_IRQHandler              
00004ad3  __TI_zero_init                
00004ae9  __aeabi_errno_addr            
00004af1  _system_pre_init              
00004af5  C$$EXIT                       
00004af5  abort                         
00004af8  font_11x16                    
00005322  font_8x12                     
00005796  font_5x7                      
00005976  _ctypes_                      
00005afc  __TI_Handler_Table_Base       
00005b08  __TI_Handler_Table_Limit      
00005b10  __TI_CINIT_Base               
00005b20  __TI_CINIT_Limit              
20000400  cadena                        
20000410  count_ms                      
20000412  s_center                      
20000413  s_left                        
20000414  s_right                       
20000418  linea                         
20000419  estado                        
2000041a  estado_anterior               
2000041c  retraso                       
20000420  hora                          
20000421  modifica_hora                 
20000422  modifica_alarma               
20000423  min_alarma                    
20000424  hora_alarma                   
20000425  seg_alarma                    
20000426  flag_retraso                  
20000427  cambio_estado                 
20000428  velocitat                     
20000429  direccio_LED                  
2000042a  detected                      
2000042b  borrado                       
2000043b  saludo                        
2000044c  _orientation                  
2000044d  Fuente                        
2000044e  Color_Fondo                   
20000450  Color_Texto                   
20000452  Color_Fondo_Inv               
20000454  Color_Texto_Inv               
20000456  DatoLeido_UART                
20000457  si                            
20000458  no                            
20000459  count_timeout                 
2000045a  Byte_Recibido                 
2000045b  colorLowByte                  
2000045c  colorHighByte                 
2000045d  bgColorLowByte                
2000045e  bgColorHighByte               
20000460  errno                         
20000464  SystemCoreClock               
20000468  velocidad                     
2000fe00  __stack                       
20010000  __STACK_END                   
4000480c  WDTCTL_SYM                    
ffffffff  __TI_pprof_out_hndl           
ffffffff  __TI_prof_data_size           
ffffffff  __TI_prof_data_start          
ffffffff  __binit__                     
ffffffff  __c_args__                    
ffffffff  binit                         
UNDEFED   __mpu_init                    
UNDEFED   _system_post_cinit            

[254 symbols]
