<?xml version="1.0" encoding="ISO-8859-1" ?>
<link_info>
   <banner>TI ARM Linker PC v18.1.2.LTS</banner>
   <copyright>Copyright (c) 1996-2017 Texas Instruments Incorporated</copyright>
   <link_time>0x5cd3e959</link_time>
   <link_errors>0x0</link_errors>
   <output_file>Final.out</output_file>
   <entry_point>
      <name>_c_int00_noargs</name>
      <address>0x4875</address>
   </entry_point>
   <input_file_list>
      <input_file id="fl-2">
         <path>.\</path>
         <kind>object</kind>
         <file>Practica_04 PAE_Alumnes.obj</file>
         <name>Practica_04 PAE_Alumnes.obj</name>
      </input_file>
      <input_file id="fl-3">
         <path>.\</path>
         <kind>object</kind>
         <file>lib_UART.obj</file>
         <name>lib_UART.obj</name>
      </input_file>
      <input_file id="fl-4">
         <path>.\</path>
         <kind>object</kind>
         <file>lib_motor.obj</file>
         <name>lib_motor.obj</name>
      </input_file>
      <input_file id="fl-5">
         <path>.\</path>
         <kind>object</kind>
         <file>startup_msp432p401r_ccs.obj</file>
         <name>startup_msp432p401r_ccs.obj</name>
      </input_file>
      <input_file id="fl-6">
         <path>.\</path>
         <kind>object</kind>
         <file>system_msp432p401r.obj</file>
         <name>system_msp432p401r.obj</name>
      </input_file>
      <input_file id="fl-b">
         <kind>object</kind>
         <file>&lt;internal&gt;</file>
         <name>&lt;internal&gt;</name>
      </input_file>
      <input_file id="fl-c">
         <path>..\</path>
         <kind>archive</kind>
         <file>lib_PAE2.lib</file>
         <name>Inicializacion.obj</name>
      </input_file>
      <input_file id="fl-d">
         <path>..\</path>
         <kind>archive</kind>
         <file>lib_PAE2.lib</file>
         <name>lcd.obj</name>
      </input_file>
      <input_file id="fl-e">
         <path>..\</path>
         <kind>archive</kind>
         <file>lib_PAE2.lib</file>
         <name>msp_LCD.obj</name>
      </input_file>
      <input_file id="fl-f">
         <path>..\</path>
         <kind>archive</kind>
         <file>lib_PAE2.lib</file>
         <name>graphics.obj</name>
      </input_file>
      <input_file id="fl-c5">
         <path>C:\ti\ccsv8\tools\compiler\ti-cgt-arm_18.1.2.LTS\lib\</path>
         <kind>archive</kind>
         <file>rtsv7M4_T_le_v4SPD16_eabi.lib</file>
         <name>memcpy_t2.asm.obj</name>
      </input_file>
      <input_file id="fl-c6">
         <path>C:\ti\ccsv8\tools\compiler\ti-cgt-arm_18.1.2.LTS\lib\</path>
         <kind>archive</kind>
         <file>rtsv7M4_T_le_v4SPD16_eabi.lib</file>
         <name>copy_zero_init.c.obj</name>
      </input_file>
      <input_file id="fl-c7">
         <path>C:\ti\ccsv8\tools\compiler\ti-cgt-arm_18.1.2.LTS\lib\</path>
         <kind>archive</kind>
         <file>rtsv7M4_T_le_v4SPD16_eabi.lib</file>
         <name>copy_decompress_none.c.obj</name>
      </input_file>
      <input_file id="fl-c8">
         <path>C:\ti\ccsv8\tools\compiler\ti-cgt-arm_18.1.2.LTS\lib\</path>
         <kind>archive</kind>
         <file>rtsv7M4_T_le_v4SPD16_eabi.lib</file>
         <name>copy_decompress_lzss.c.obj</name>
      </input_file>
      <input_file id="fl-c9">
         <path>C:\ti\ccsv8\tools\compiler\ti-cgt-arm_18.1.2.LTS\lib\</path>
         <kind>archive</kind>
         <file>rtsv7M4_T_le_v4SPD16_eabi.lib</file>
         <name>boot_cortex_m.c.obj</name>
      </input_file>
      <input_file id="fl-ca">
         <path>C:\ti\ccsv8\tools\compiler\ti-cgt-arm_18.1.2.LTS\lib\</path>
         <kind>archive</kind>
         <file>rtsv7M4_T_le_v4SPD16_eabi.lib</file>
         <name>exit.c.obj</name>
      </input_file>
      <input_file id="fl-cb">
         <path>C:\ti\ccsv8\tools\compiler\ti-cgt-arm_18.1.2.LTS\lib\</path>
         <kind>archive</kind>
         <file>rtsv7M4_T_le_v4SPD16_eabi.lib</file>
         <name>_lock.c.obj</name>
      </input_file>
      <input_file id="fl-cc">
         <path>C:\ti\ccsv8\tools\compiler\ti-cgt-arm_18.1.2.LTS\lib\</path>
         <kind>archive</kind>
         <file>rtsv7M4_T_le_v4SPD16_eabi.lib</file>
         <name>args_main.c.obj</name>
      </input_file>
      <input_file id="fl-cd">
         <path>C:\ti\ccsv8\tools\compiler\ti-cgt-arm_18.1.2.LTS\lib\</path>
         <kind>archive</kind>
         <file>rtsv7M4_T_le_v4SPD16_eabi.lib</file>
         <name>sprintf.c.obj</name>
      </input_file>
      <input_file id="fl-ce">
         <path>C:\ti\ccsv8\tools\compiler\ti-cgt-arm_18.1.2.LTS\lib\</path>
         <kind>archive</kind>
         <file>rtsv7M4_T_le_v4SPD16_eabi.lib</file>
         <name>memset_t2.asm.obj</name>
      </input_file>
      <input_file id="fl-cf">
         <path>C:\ti\ccsv8\tools\compiler\ti-cgt-arm_18.1.2.LTS\lib\</path>
         <kind>archive</kind>
         <file>rtsv7M4_T_le_v4SPD16_eabi.lib</file>
         <name>autoinit.c.obj</name>
      </input_file>
      <input_file id="fl-d0">
         <path>C:\ti\ccsv8\tools\compiler\ti-cgt-arm_18.1.2.LTS\lib\</path>
         <kind>archive</kind>
         <file>rtsv7M4_T_le_v4SPD16_eabi.lib</file>
         <name>pre_init.c.obj</name>
      </input_file>
      <input_file id="fl-d1">
         <path>C:\ti\ccsv8\tools\compiler\ti-cgt-arm_18.1.2.LTS\lib\</path>
         <kind>archive</kind>
         <file>rtsv7M4_T_le_v4SPD16_eabi.lib</file>
         <name>cpy_tbl.c.obj</name>
      </input_file>
      <input_file id="fl-d2">
         <path>C:\ti\ccsv8\tools\compiler\ti-cgt-arm_18.1.2.LTS\lib\</path>
         <kind>archive</kind>
         <file>rtsv7M4_T_le_v4SPD16_eabi.lib</file>
         <name>_printfi.c.obj</name>
      </input_file>
      <input_file id="fl-d3">
         <path>C:\ti\ccsv8\tools\compiler\ti-cgt-arm_18.1.2.LTS\lib\</path>
         <kind>archive</kind>
         <file>rtsv7M4_T_le_v4SPD16_eabi.lib</file>
         <name>atoi.c.obj</name>
      </input_file>
      <input_file id="fl-d4">
         <path>C:\ti\ccsv8\tools\compiler\ti-cgt-arm_18.1.2.LTS\lib\</path>
         <kind>archive</kind>
         <file>rtsv7M4_T_le_v4SPD16_eabi.lib</file>
         <name>ctype.c.obj</name>
      </input_file>
      <input_file id="fl-d5">
         <path>C:\ti\ccsv8\tools\compiler\ti-cgt-arm_18.1.2.LTS\lib\</path>
         <kind>archive</kind>
         <file>rtsv7M4_T_le_v4SPD16_eabi.lib</file>
         <name>ltoa.c.obj</name>
      </input_file>
      <input_file id="fl-d6">
         <path>C:\ti\ccsv8\tools\compiler\ti-cgt-arm_18.1.2.LTS\lib\</path>
         <kind>archive</kind>
         <file>rtsv7M4_T_le_v4SPD16_eabi.lib</file>
         <name>memccpy.c.obj</name>
      </input_file>
      <input_file id="fl-d7">
         <path>C:\ti\ccsv8\tools\compiler\ti-cgt-arm_18.1.2.LTS\lib\</path>
         <kind>archive</kind>
         <file>rtsv7M4_T_le_v4SPD16_eabi.lib</file>
         <name>strchr.c.obj</name>
      </input_file>
      <input_file id="fl-d8">
         <path>C:\ti\ccsv8\tools\compiler\ti-cgt-arm_18.1.2.LTS\lib\</path>
         <kind>archive</kind>
         <file>rtsv7M4_T_le_v4SPD16_eabi.lib</file>
         <name>strlen.c.obj</name>
      </input_file>
      <input_file id="fl-d9">
         <path>C:\ti\ccsv8\tools\compiler\ti-cgt-arm_18.1.2.LTS\lib\</path>
         <kind>archive</kind>
         <file>rtsv7M4_T_le_v4SPD16_eabi.lib</file>
         <name>s_frexp.c.obj</name>
      </input_file>
      <input_file id="fl-da">
         <path>C:\ti\ccsv8\tools\compiler\ti-cgt-arm_18.1.2.LTS\lib\</path>
         <kind>archive</kind>
         <file>rtsv7M4_T_le_v4SPD16_eabi.lib</file>
         <name>s_scalbn.c.obj</name>
      </input_file>
      <input_file id="fl-db">
         <path>C:\ti\ccsv8\tools\compiler\ti-cgt-arm_18.1.2.LTS\lib\</path>
         <kind>archive</kind>
         <file>rtsv7M4_T_le_v4SPD16_eabi.lib</file>
         <name>s_copysign.c.obj</name>
      </input_file>
      <input_file id="fl-dc">
         <path>C:\ti\ccsv8\tools\compiler\ti-cgt-arm_18.1.2.LTS\lib\</path>
         <kind>archive</kind>
         <file>rtsv7M4_T_le_v4SPD16_eabi.lib</file>
         <name>wcslen.c.obj</name>
      </input_file>
      <input_file id="fl-dd">
         <path>C:\ti\ccsv8\tools\compiler\ti-cgt-arm_18.1.2.LTS\lib\</path>
         <kind>archive</kind>
         <file>rtsv7M4_T_le_v4SPD16_eabi.lib</file>
         <name>fd_add_t2.asm.obj</name>
      </input_file>
      <input_file id="fl-de">
         <path>C:\ti\ccsv8\tools\compiler\ti-cgt-arm_18.1.2.LTS\lib\</path>
         <kind>archive</kind>
         <file>rtsv7M4_T_le_v4SPD16_eabi.lib</file>
         <name>fd_cmp_t2.asm.obj</name>
      </input_file>
      <input_file id="fl-df">
         <path>C:\ti\ccsv8\tools\compiler\ti-cgt-arm_18.1.2.LTS\lib\</path>
         <kind>archive</kind>
         <file>rtsv7M4_T_le_v4SPD16_eabi.lib</file>
         <name>fd_div_t2.asm.obj</name>
      </input_file>
      <input_file id="fl-e0">
         <path>C:\ti\ccsv8\tools\compiler\ti-cgt-arm_18.1.2.LTS\lib\</path>
         <kind>archive</kind>
         <file>rtsv7M4_T_le_v4SPD16_eabi.lib</file>
         <name>fd_mul_t2.asm.obj</name>
      </input_file>
      <input_file id="fl-e1">
         <path>C:\ti\ccsv8\tools\compiler\ti-cgt-arm_18.1.2.LTS\lib\</path>
         <kind>archive</kind>
         <file>rtsv7M4_T_le_v4SPD16_eabi.lib</file>
         <name>fd_toi_t2.asm.obj</name>
      </input_file>
      <input_file id="fl-e2">
         <path>C:\ti\ccsv8\tools\compiler\ti-cgt-arm_18.1.2.LTS\lib\</path>
         <kind>archive</kind>
         <file>rtsv7M4_T_le_v4SPD16_eabi.lib</file>
         <name>i_tofd_t2.asm.obj</name>
      </input_file>
      <input_file id="fl-e3">
         <path>C:\ti\ccsv8\tools\compiler\ti-cgt-arm_18.1.2.LTS\lib\</path>
         <kind>archive</kind>
         <file>rtsv7M4_T_le_v4SPD16_eabi.lib</file>
         <name>ull_div_t2.asm.obj</name>
      </input_file>
      <input_file id="fl-e4">
         <path>C:\ti\ccsv8\tools\compiler\ti-cgt-arm_18.1.2.LTS\lib\</path>
         <kind>archive</kind>
         <file>rtsv7M4_T_le_v4SPD16_eabi.lib</file>
         <name>errno.c.obj</name>
      </input_file>
      <input_file id="fl-e5">
         <path>C:\ti\ccsv8\tools\compiler\ti-cgt-arm_18.1.2.LTS\lib\</path>
         <kind>archive</kind>
         <file>rtsv7M4_T_le_v4SPD16_eabi.lib</file>
         <name>div0.asm.obj</name>
      </input_file>
   </input_file_list>
   <object_component_list>
      <object_component id="oc-23">
         <name>.intvecs:retain</name>
         <load_address>0x0</load_address>
         <run_address>0x0</run_address>
         <size>0xe4</size>
         <input_file_ref idref="fl-5"/>
      </object_component>
      <object_component id="oc-13e">
         <name>.text</name>
         <load_address>0xe4</load_address>
         <run_address>0xe4</run_address>
         <size>0x104c</size>
         <input_file_ref idref="fl-f"/>
      </object_component>
      <object_component id="oc-1e6">
         <name>.text:__TI_printfi</name>
         <load_address>0x1130</load_address>
         <run_address>0x1130</run_address>
         <size>0xa5e</size>
         <input_file_ref idref="fl-d2"/>
      </object_component>
      <object_component id="oc-33b">
         <name>.text</name>
         <load_address>0x1b8e</load_address>
         <run_address>0x1b8e</run_address>
         <size>0x2</size>
         <input_file_ref idref="fl-e5"/>
      </object_component>
      <object_component id="oc-af">
         <name>.text</name>
         <load_address>0x1b90</load_address>
         <run_address>0x1b90</run_address>
         <size>0x8a8</size>
         <input_file_ref idref="fl-d"/>
      </object_component>
      <object_component id="oc-70">
         <name>.text</name>
         <load_address>0x2438</load_address>
         <run_address>0x2438</run_address>
         <size>0x538</size>
         <input_file_ref idref="fl-2"/>
      </object_component>
      <object_component id="oc-6a">
         <name>.text</name>
         <load_address>0x2970</load_address>
         <run_address>0x2970</run_address>
         <size>0x3b8</size>
         <input_file_ref idref="fl-3"/>
      </object_component>
      <object_component id="oc-c9">
         <name>.text</name>
         <load_address>0x2d28</load_address>
         <run_address>0x2d28</run_address>
         <size>0x384</size>
         <input_file_ref idref="fl-4"/>
      </object_component>
      <object_component id="oc-a8">
         <name>.text</name>
         <load_address>0x30ac</load_address>
         <run_address>0x30ac</run_address>
         <size>0x334</size>
         <input_file_ref idref="fl-6"/>
      </object_component>
      <object_component id="oc-277">
         <name>.text:_pconv_a</name>
         <load_address>0x33e0</load_address>
         <run_address>0x33e0</run_address>
         <size>0x270</size>
         <input_file_ref idref="fl-d2"/>
      </object_component>
      <object_component id="oc-265">
         <name>.text:_pconv_g</name>
         <load_address>0x3650</load_address>
         <run_address>0x3650</run_address>
         <size>0x1d0</size>
         <input_file_ref idref="fl-d2"/>
      </object_component>
      <object_component id="oc-2e2">
         <name>.text</name>
         <load_address>0x3820</load_address>
         <run_address>0x3820</run_address>
         <size>0x1b6</size>
         <input_file_ref idref="fl-dd"/>
      </object_component>
      <object_component id="oc-135">
         <name>.text</name>
         <load_address>0x39d8</load_address>
         <run_address>0x39d8</run_address>
         <size>0x188</size>
         <input_file_ref idref="fl-e"/>
      </object_component>
      <object_component id="oc-271">
         <name>.text:_pconv_e</name>
         <load_address>0x3b60</load_address>
         <run_address>0x3b60</run_address>
         <size>0x13c</size>
         <input_file_ref idref="fl-d2"/>
      </object_component>
      <object_component id="oc-2c8">
         <name>.text</name>
         <load_address>0x3c9c</load_address>
         <run_address>0x3c9c</run_address>
         <size>0x136</size>
         <input_file_ref idref="fl-df"/>
      </object_component>
      <object_component id="oc-2f4">
         <name>.text:fcvt</name>
         <load_address>0x3dd4</load_address>
         <run_address>0x3dd4</run_address>
         <size>0x120</size>
         <input_file_ref idref="fl-d2"/>
      </object_component>
      <object_component id="oc-308">
         <name>.text:scalbn</name>
         <load_address>0x3ef4</load_address>
         <run_address>0x3ef4</run_address>
         <size>0x110</size>
         <input_file_ref idref="fl-da"/>
      </object_component>
      <object_component id="oc-2c3">
         <name>.text</name>
         <load_address>0x4004</load_address>
         <run_address>0x4004</run_address>
         <size>0xfc</size>
         <input_file_ref idref="fl-e0"/>
      </object_component>
      <object_component id="oc-25a">
         <name>.text:_ltostr</name>
         <load_address>0x4100</load_address>
         <run_address>0x4100</run_address>
         <size>0xb1</size>
         <input_file_ref idref="fl-d2"/>
      </object_component>
      <object_component id="oc-34">
         <name>.text</name>
         <load_address>0x41b2</load_address>
         <run_address>0x41b2</run_address>
         <size>0x9c</size>
         <input_file_ref idref="fl-c5"/>
      </object_component>
      <object_component id="oc-2bc">
         <name>.text</name>
         <load_address>0x424e</load_address>
         <run_address>0x424e</run_address>
         <size>0x96</size>
         <input_file_ref idref="fl-e3"/>
      </object_component>
      <object_component id="oc-260">
         <name>.text:__aeabi_cdcmple</name>
         <load_address>0x42e4</load_address>
         <run_address>0x42e4</run_address>
         <size>0x86</size>
         <input_file_ref idref="fl-de"/>
      </object_component>
      <object_component id="oc-2cd">
         <name>.text:__aeabi_cdrcmple</name>
         <load_address>0x436a</load_address>
         <run_address>0x436a</run_address>
         <size>0x86</size>
         <input_file_ref idref="fl-de"/>
      </object_component>
      <object_component id="oc-90">
         <name>.text</name>
         <load_address>0x43f0</load_address>
         <run_address>0x43f0</run_address>
         <size>0x7a</size>
         <input_file_ref idref="fl-ce"/>
      </object_component>
      <object_component id="oc-cf">
         <name>.text</name>
         <load_address>0x446c</load_address>
         <run_address>0x446c</run_address>
         <size>0x78</size>
         <input_file_ref idref="fl-c"/>
      </object_component>
      <object_component id="oc-2ed">
         <name>.text:_mcpy</name>
         <load_address>0x44e4</load_address>
         <run_address>0x44e4</run_address>
         <size>0x6e</size>
         <input_file_ref idref="fl-d2"/>
      </object_component>
      <object_component id="oc-14">
         <name>.text:decompress:lzss:__TI_decompress_lzss</name>
         <load_address>0x4552</load_address>
         <run_address>0x4552</run_address>
         <size>0x68</size>
         <input_file_ref idref="fl-c8"/>
      </object_component>
      <object_component id="oc-302">
         <name>.text:frexp</name>
         <load_address>0x45bc</load_address>
         <run_address>0x45bc</run_address>
         <size>0x64</size>
         <input_file_ref idref="fl-d9"/>
      </object_component>
      <object_component id="oc-26b">
         <name>.text:_pconv_f</name>
         <load_address>0x4620</load_address>
         <run_address>0x4620</run_address>
         <size>0x56</size>
         <input_file_ref idref="fl-d2"/>
      </object_component>
      <object_component id="oc-2d7">
         <name>.text:ltoa</name>
         <load_address>0x4676</load_address>
         <run_address>0x4676</run_address>
         <size>0x54</size>
         <input_file_ref idref="fl-d5"/>
      </object_component>
      <object_component id="oc-2e7">
         <name>.text:_ecpy</name>
         <load_address>0x46ca</load_address>
         <run_address>0x46ca</run_address>
         <size>0x52</size>
         <input_file_ref idref="fl-d2"/>
      </object_component>
      <object_component id="oc-254">
         <name>.text:atoi</name>
         <load_address>0x471c</load_address>
         <run_address>0x471c</run_address>
         <size>0x4c</size>
         <input_file_ref idref="fl-d3"/>
      </object_component>
      <object_component id="oc-2d2">
         <name>.text</name>
         <load_address>0x4768</load_address>
         <run_address>0x4768</run_address>
         <size>0x48</size>
         <input_file_ref idref="fl-e1"/>
      </object_component>
      <object_component id="oc-ff">
         <name>.text:__TI_auto_init_nobinit_nopinit:__TI_auto_init_nobinit_nopinit</name>
         <load_address>0x47b0</load_address>
         <run_address>0x47b0</run_address>
         <size>0x44</size>
         <input_file_ref idref="fl-cf"/>
      </object_component>
      <object_component id="oc-168">
         <name>.text:sprintf</name>
         <load_address>0x47f4</load_address>
         <run_address>0x47f4</run_address>
         <size>0x40</size>
         <input_file_ref idref="fl-cd"/>
      </object_component>
      <object_component id="oc-2fa">
         <name>.text:_fcpy</name>
         <load_address>0x4834</load_address>
         <run_address>0x4834</run_address>
         <size>0x3e</size>
         <input_file_ref idref="fl-d2"/>
      </object_component>
      <object_component id="oc-52">
         <name>.text:_c_int00_noargs:_c_int00_noargs</name>
         <load_address>0x4874</load_address>
         <run_address>0x4874</run_address>
         <size>0x38</size>
         <input_file_ref idref="fl-c9"/>
      </object_component>
      <object_component id="oc-2dd">
         <name>.text</name>
         <load_address>0x48ac</load_address>
         <run_address>0x48ac</run_address>
         <size>0x2e</size>
         <input_file_ref idref="fl-e2"/>
      </object_component>
      <object_component id="oc-27d">
         <name>.text:memccpy</name>
         <load_address>0x48da</load_address>
         <run_address>0x48da</run_address>
         <size>0x1c</size>
         <input_file_ref idref="fl-d6"/>
      </object_component>
      <object_component id="oc-1ec">
         <name>.text:_outs</name>
         <load_address>0x48f6</load_address>
         <run_address>0x48f6</run_address>
         <size>0x18</size>
         <input_file_ref idref="fl-cd"/>
      </object_component>
      <object_component id="oc-30e">
         <name>.text:strchr</name>
         <load_address>0x490e</load_address>
         <run_address>0x490e</run_address>
         <size>0x16</size>
         <input_file_ref idref="fl-d7"/>
      </object_component>
      <object_component id="oc-354">
         <name>.text:copysign</name>
         <load_address>0x4924</load_address>
         <run_address>0x4924</run_address>
         <size>0x14</size>
         <input_file_ref idref="fl-db"/>
      </object_component>
      <object_component id="oc-24e">
         <name>.text:strlen</name>
         <load_address>0x4938</load_address>
         <run_address>0x4938</run_address>
         <size>0x14</size>
         <input_file_ref idref="fl-d8"/>
      </object_component>
      <object_component id="oc-283">
         <name>.text:wcslen</name>
         <load_address>0x494c</load_address>
         <run_address>0x494c</run_address>
         <size>0x12</size>
         <input_file_ref idref="fl-dc"/>
      </object_component>
      <object_component id="oc-1a">
         <name>.text:decompress:none:__TI_decompress_none</name>
         <load_address>0x495e</load_address>
         <run_address>0x495e</run_address>
         <size>0xe</size>
         <input_file_ref idref="fl-c7"/>
      </object_component>
      <object_component id="oc-64">
         <name>.text</name>
         <load_address>0x496c</load_address>
         <run_address>0x496c</run_address>
         <size>0xe</size>
         <input_file_ref idref="fl-5"/>
      </object_component>
      <object_component id="oc-46">
         <name>.text:decompress:ZI:__TI_zero_init</name>
         <load_address>0x497a</load_address>
         <run_address>0x497a</run_address>
         <size>0xc</size>
         <input_file_ref idref="fl-c6"/>
      </object_component>
      <object_component id="oc-1f2">
         <name>.text:_outc</name>
         <load_address>0x4986</load_address>
         <run_address>0x4986</run_address>
         <size>0xa</size>
         <input_file_ref idref="fl-cd"/>
      </object_component>
      <object_component id="oc-289">
         <name>.text:__aeabi_errno_addr</name>
         <load_address>0x4990</load_address>
         <run_address>0x4990</run_address>
         <size>0x8</size>
         <input_file_ref idref="fl-e4"/>
      </object_component>
      <object_component id="oc-96">
         <name>.text:_system_pre_init</name>
         <load_address>0x4998</load_address>
         <run_address>0x4998</run_address>
         <size>0x4</size>
         <input_file_ref idref="fl-d0"/>
      </object_component>
      <object_component id="oc-f3">
         <name>.text:abort:abort</name>
         <load_address>0x499c</load_address>
         <run_address>0x499c</run_address>
         <size>0x4</size>
         <input_file_ref idref="fl-ca"/>
      </object_component>
      <object_component id="oc-1c9">
         <name>.const:font_11x16</name>
         <load_address>0x49a0</load_address>
         <run_address>0x49a0</run_address>
         <size>0x82a</size>
         <input_file_ref idref="fl-f"/>
      </object_component>
      <object_component id="oc-1cc">
         <name>.const:font_8x12</name>
         <load_address>0x51ca</load_address>
         <run_address>0x51ca</run_address>
         <size>0x474</size>
         <input_file_ref idref="fl-f"/>
      </object_component>
      <object_component id="oc-1c6">
         <name>.const:font_5x7</name>
         <load_address>0x563e</load_address>
         <run_address>0x563e</run_address>
         <size>0x1e0</size>
         <input_file_ref idref="fl-f"/>
      </object_component>
      <object_component id="oc-2b7">
         <name>.const:.string:_ctypes_</name>
         <load_address>0x581e</load_address>
         <run_address>0x581e</run_address>
         <size>0x101</size>
         <input_file_ref idref="fl-d4"/>
      </object_component>
      <object_component id="oc-144">
         <name>.const:.string:$P$T0$1</name>
         <load_address>0x591f</load_address>
         <run_address>0x591f</run_address>
         <size>0x10</size>
         <input_file_ref idref="fl-d"/>
      </object_component>
      <object_component id="oc-147">
         <name>.const:.string:$P$T1$2</name>
         <load_address>0x592f</load_address>
         <run_address>0x592f</run_address>
         <size>0x10</size>
         <input_file_ref idref="fl-d"/>
      </object_component>
      <object_component id="oc-16e">
         <name>.const:.string:$P$T0$1</name>
         <load_address>0x593f</load_address>
         <run_address>0x593f</run_address>
         <size>0x3</size>
         <input_file_ref idref="fl-4"/>
      </object_component>
      <object_component id="oc-174">
         <name>.const:.string:$P$T1$2</name>
         <load_address>0x5942</load_address>
         <run_address>0x5942</run_address>
         <size>0x3</size>
         <input_file_ref idref="fl-4"/>
      </object_component>
      <object_component id="oc-177">
         <name>.const:.string:$P$T2$3</name>
         <load_address>0x5945</load_address>
         <run_address>0x5945</run_address>
         <size>0x3</size>
         <input_file_ref idref="fl-4"/>
      </object_component>
      <object_component id="oc-17a">
         <name>.const:.string:$P$T3$4</name>
         <load_address>0x5948</load_address>
         <run_address>0x5948</run_address>
         <size>0x3</size>
         <input_file_ref idref="fl-4"/>
      </object_component>
      <object_component id="oc-17d">
         <name>.const:.string:$P$T4$5</name>
         <load_address>0x594b</load_address>
         <run_address>0x594b</run_address>
         <size>0x3</size>
         <input_file_ref idref="fl-4"/>
      </object_component>
      <object_component id="oc-180">
         <name>.const:.string:$P$T5$6</name>
         <load_address>0x594e</load_address>
         <run_address>0x594e</run_address>
         <size>0x3</size>
         <input_file_ref idref="fl-4"/>
      </object_component>
      <object_component id="oc-183">
         <name>.const:.string:$P$T6$7</name>
         <load_address>0x5951</load_address>
         <run_address>0x5951</run_address>
         <size>0x3</size>
         <input_file_ref idref="fl-4"/>
      </object_component>
      <object_component id="oc-192">
         <name>.const:.string:$P$T10$11</name>
         <load_address>0x5954</load_address>
         <run_address>0x5954</run_address>
         <size>0x2</size>
         <input_file_ref idref="fl-4"/>
      </object_component>
      <object_component id="oc-195">
         <name>.const:.string:$P$T11$12</name>
         <load_address>0x5956</load_address>
         <run_address>0x5956</run_address>
         <size>0x2</size>
         <input_file_ref idref="fl-4"/>
      </object_component>
      <object_component id="oc-189">
         <name>.const:.string:$P$T7$8</name>
         <load_address>0x5958</load_address>
         <run_address>0x5958</run_address>
         <size>0x2</size>
         <input_file_ref idref="fl-4"/>
      </object_component>
      <object_component id="oc-18c">
         <name>.const:.string:$P$T8$9</name>
         <load_address>0x595a</load_address>
         <run_address>0x595a</run_address>
         <size>0x2</size>
         <input_file_ref idref="fl-4"/>
      </object_component>
      <object_component id="oc-18f">
         <name>.const:.string:$P$T9$10</name>
         <load_address>0x595c</load_address>
         <run_address>0x595c</run_address>
         <size>0x2</size>
         <input_file_ref idref="fl-4"/>
      </object_component>
      <object_component id="oc-3b0">
         <name>.cinit..data.load</name>
         <load_address>0x5960</load_address>
         <run_address>0x5960</run_address>
         <size>0x43</size>
      </object_component>
      <object_component id="oc-3ae">
         <name>__TI_handler_table</name>
         <load_address>0x59a4</load_address>
         <run_address>0x59a4</run_address>
         <size>0xc</size>
      </object_component>
      <object_component id="oc-3b1">
         <name>.cinit..bss.load</name>
         <load_address>0x59b0</load_address>
         <run_address>0x59b0</run_address>
         <size>0x8</size>
      </object_component>
      <object_component id="oc-3af">
         <name>__TI_cinit_table</name>
         <load_address>0x59b8</load_address>
         <run_address>0x59b8</run_address>
         <size>0x10</size>
      </object_component>
      <object_component id="oc-383">
         <name>.binit</name>
         <load_address>0x0</load_address>
         <run_address>0x0</run_address>
         <size>0x0</size>
      </object_component>
      <object_component id="oc-d8">
         <name>.data:saludo</name>
         <load_address>0x20000437</load_address>
         <run_address>0x20000437</run_address>
         <size>0x10</size>
         <input_file_ref idref="fl-2"/>
      </object_component>
      <object_component id="oc-d5">
         <name>.data</name>
         <load_address>0x20000414</load_address>
         <run_address>0x20000414</run_address>
         <size>0x13</size>
         <input_file_ref idref="fl-2"/>
      </object_component>
      <object_component id="oc-b8">
         <name>.data</name>
         <load_address>0x20000452</load_address>
         <run_address>0x20000452</run_address>
         <size>0x5</size>
         <input_file_ref idref="fl-3"/>
      </object_component>
      <object_component id="oc-b5">
         <name>.data:borrado</name>
         <load_address>0x20000427</load_address>
         <run_address>0x20000427</run_address>
         <size>0x10</size>
         <input_file_ref idref="fl-3"/>
      </object_component>
      <object_component id="oc-171">
         <name>.data</name>
         <load_address>0x20000464</load_address>
         <run_address>0x20000464</run_address>
         <size>0x2</size>
         <input_file_ref idref="fl-4"/>
      </object_component>
      <object_component id="oc-131">
         <name>.data</name>
         <load_address>0x20000460</load_address>
         <run_address>0x20000460</run_address>
         <size>0x4</size>
         <input_file_ref idref="fl-6"/>
      </object_component>
      <object_component id="oc-13b">
         <name>.data</name>
         <load_address>0x20000448</load_address>
         <run_address>0x20000448</run_address>
         <size>0xa</size>
         <input_file_ref idref="fl-d"/>
      </object_component>
      <object_component id="oc-1c3">
         <name>.data</name>
         <load_address>0x20000457</load_address>
         <run_address>0x20000457</run_address>
         <size>0x4</size>
         <input_file_ref idref="fl-f"/>
      </object_component>
      <object_component id="oc-31e">
         <name>.data</name>
         <load_address>0x2000045c</load_address>
         <run_address>0x2000045c</run_address>
         <size>0x4</size>
         <input_file_ref idref="fl-e4"/>
      </object_component>
      <object_component id="oc-1cf">
         <name>.bss:g_pulConvertedPalette</name>
         <uninitialized>true</uninitialized>
         <run_address>0x20000000</run_address>
         <size>0x400</size>
         <input_file_ref idref="fl-f"/>
      </object_component>
      <object_component id="oc-bb">
         <name>.common:count_ms</name>
         <uninitialized>true</uninitialized>
         <run_address>0x20000410</run_address>
         <size>0x2</size>
      </object_component>
      <object_component id="oc-186">
         <name>.common:cadena</name>
         <uninitialized>true</uninitialized>
         <run_address>0x20000400</run_address>
         <size>0x10</size>
      </object_component>
      <object_component id="oc-26">
         <name>.stack</name>
         <uninitialized>true</uninitialized>
         <run_address>0x2000fe00</run_address>
         <size>0x4</size>
         <input_file_ref idref="fl-c9"/>
      </object_component>
      <object_component id="oc-3b2">
         <name>.stack</name>
         <uninitialized>true</uninitialized>
         <run_address>0x2000fe00</run_address>
         <size>0x0</size>
      </object_component>
      <object_component id="oc-166">
         <name>.debug_info</name>
         <load_address>0x0</load_address>
         <run_address>0x0</run_address>
         <size>0x791</size>
         <input_file_ref idref="fl-2"/>
      </object_component>
      <object_component id="oc-d9">
         <name>.debug_info</name>
         <load_address>0x791</load_address>
         <run_address>0x791</run_address>
         <size>0xc0</size>
         <input_file_ref idref="fl-2"/>
      </object_component>
      <object_component id="oc-d6">
         <name>.debug_info</name>
         <load_address>0x851</load_address>
         <run_address>0x851</run_address>
         <size>0x2ce</size>
         <input_file_ref idref="fl-2"/>
      </object_component>
      <object_component id="oc-71">
         <name>.debug_info</name>
         <load_address>0xb1f</load_address>
         <run_address>0xb1f</run_address>
         <size>0x791</size>
         <input_file_ref idref="fl-2"/>
      </object_component>
      <object_component id="oc-15c">
         <name>.debug_info</name>
         <load_address>0x12b0</load_address>
         <run_address>0x12b0</run_address>
         <size>0x1055</size>
         <input_file_ref idref="fl-2"/>
      </object_component>
      <object_component id="oc-de">
         <name>.debug_info</name>
         <load_address>0x2305</load_address>
         <run_address>0x2305</run_address>
         <size>0x26b</size>
         <input_file_ref idref="fl-2"/>
      </object_component>
      <object_component id="oc-157">
         <name>.debug_info</name>
         <load_address>0x2570</load_address>
         <run_address>0x2570</run_address>
         <size>0x37e2</size>
         <input_file_ref idref="fl-2"/>
      </object_component>
      <object_component id="oc-c4">
         <name>.debug_info</name>
         <load_address>0x5d52</load_address>
         <run_address>0x5d52</run_address>
         <size>0xc0</size>
         <input_file_ref idref="fl-2"/>
      </object_component>
      <object_component id="oc-2f">
         <name>.debug_info</name>
         <load_address>0x5e12</load_address>
         <run_address>0x5e12</run_address>
         <size>0x84</size>
         <input_file_ref idref="fl-2"/>
      </object_component>
      <object_component id="oc-161">
         <name>.debug_info</name>
         <load_address>0x5e96</load_address>
         <run_address>0x5e96</run_address>
         <size>0x297</size>
         <input_file_ref idref="fl-2"/>
      </object_component>
      <object_component id="oc-bf">
         <name>.debug_info</name>
         <load_address>0x612d</load_address>
         <run_address>0x612d</run_address>
         <size>0xbb</size>
         <input_file_ref idref="fl-2"/>
      </object_component>
      <object_component id="oc-1fa">
         <name>.debug_info</name>
         <load_address>0x61e8</load_address>
         <run_address>0x61e8</run_address>
         <size>0x2c</size>
         <input_file_ref idref="fl-2"/>
      </object_component>
      <object_component id="oc-bc">
         <name>.debug_info</name>
         <load_address>0x6214</load_address>
         <run_address>0x6214</run_address>
         <size>0x5ff</size>
         <input_file_ref idref="fl-3"/>
      </object_component>
      <object_component id="oc-b9">
         <name>.debug_info</name>
         <load_address>0x6813</load_address>
         <run_address>0x6813</run_address>
         <size>0x141</size>
         <input_file_ref idref="fl-3"/>
      </object_component>
      <object_component id="oc-b6">
         <name>.debug_info</name>
         <load_address>0x6954</load_address>
         <run_address>0x6954</run_address>
         <size>0xb3</size>
         <input_file_ref idref="fl-3"/>
      </object_component>
      <object_component id="oc-6b">
         <name>.debug_info</name>
         <load_address>0x6a07</load_address>
         <run_address>0x6a07</run_address>
         <size>0xa04</size>
         <input_file_ref idref="fl-3"/>
      </object_component>
      <object_component id="oc-187">
         <name>.debug_info</name>
         <load_address>0x740b</load_address>
         <run_address>0x740b</run_address>
         <size>0x637</size>
         <input_file_ref idref="fl-4"/>
      </object_component>
      <object_component id="oc-172">
         <name>.debug_info</name>
         <load_address>0x7a42</load_address>
         <run_address>0x7a42</run_address>
         <size>0xb8</size>
         <input_file_ref idref="fl-4"/>
      </object_component>
      <object_component id="oc-16f">
         <name>.debug_info</name>
         <load_address>0x7afa</load_address>
         <run_address>0x7afa</run_address>
         <size>0xb3</size>
         <input_file_ref idref="fl-4"/>
      </object_component>
      <object_component id="oc-175">
         <name>.debug_info</name>
         <load_address>0x7bad</load_address>
         <run_address>0x7bad</run_address>
         <size>0xb3</size>
         <input_file_ref idref="fl-4"/>
      </object_component>
      <object_component id="oc-178">
         <name>.debug_info</name>
         <load_address>0x7c60</load_address>
         <run_address>0x7c60</run_address>
         <size>0xb3</size>
         <input_file_ref idref="fl-4"/>
      </object_component>
      <object_component id="oc-17b">
         <name>.debug_info</name>
         <load_address>0x7d13</load_address>
         <run_address>0x7d13</run_address>
         <size>0xb3</size>
         <input_file_ref idref="fl-4"/>
      </object_component>
      <object_component id="oc-17e">
         <name>.debug_info</name>
         <load_address>0x7dc6</load_address>
         <run_address>0x7dc6</run_address>
         <size>0xb3</size>
         <input_file_ref idref="fl-4"/>
      </object_component>
      <object_component id="oc-181">
         <name>.debug_info</name>
         <load_address>0x7e79</load_address>
         <run_address>0x7e79</run_address>
         <size>0xb3</size>
         <input_file_ref idref="fl-4"/>
      </object_component>
      <object_component id="oc-184">
         <name>.debug_info</name>
         <load_address>0x7f2c</load_address>
         <run_address>0x7f2c</run_address>
         <size>0xb3</size>
         <input_file_ref idref="fl-4"/>
      </object_component>
      <object_component id="oc-18a">
         <name>.debug_info</name>
         <load_address>0x7fdf</load_address>
         <run_address>0x7fdf</run_address>
         <size>0xb3</size>
         <input_file_ref idref="fl-4"/>
      </object_component>
      <object_component id="oc-18d">
         <name>.debug_info</name>
         <load_address>0x8092</load_address>
         <run_address>0x8092</run_address>
         <size>0xb3</size>
         <input_file_ref idref="fl-4"/>
      </object_component>
      <object_component id="oc-190">
         <name>.debug_info</name>
         <load_address>0x8145</load_address>
         <run_address>0x8145</run_address>
         <size>0xb5</size>
         <input_file_ref idref="fl-4"/>
      </object_component>
      <object_component id="oc-193">
         <name>.debug_info</name>
         <load_address>0x81fa</load_address>
         <run_address>0x81fa</run_address>
         <size>0xb7</size>
         <input_file_ref idref="fl-4"/>
      </object_component>
      <object_component id="oc-196">
         <name>.debug_info</name>
         <load_address>0x82b1</load_address>
         <run_address>0x82b1</run_address>
         <size>0xb7</size>
         <input_file_ref idref="fl-4"/>
      </object_component>
      <object_component id="oc-ca">
         <name>.debug_info</name>
         <load_address>0x8368</load_address>
         <run_address>0x8368</run_address>
         <size>0x968</size>
         <input_file_ref idref="fl-4"/>
      </object_component>
      <object_component id="oc-211">
         <name>.debug_info</name>
         <load_address>0x8cd0</load_address>
         <run_address>0x8cd0</run_address>
         <size>0x37e2</size>
         <input_file_ref idref="fl-4"/>
      </object_component>
      <object_component id="oc-78">
         <name>.debug_info</name>
         <load_address>0xc4b2</load_address>
         <run_address>0xc4b2</run_address>
         <size>0x2a8</size>
         <input_file_ref idref="fl-5"/>
      </object_component>
      <object_component id="oc-24">
         <name>.debug_info</name>
         <load_address>0xc75a</load_address>
         <run_address>0xc75a</run_address>
         <size>0xd4</size>
         <input_file_ref idref="fl-5"/>
      </object_component>
      <object_component id="oc-65">
         <name>.debug_info</name>
         <load_address>0xc82e</load_address>
         <run_address>0xc82e</run_address>
         <size>0x19b</size>
         <input_file_ref idref="fl-5"/>
      </object_component>
      <object_component id="oc-132">
         <name>.debug_info</name>
         <load_address>0xc9c9</load_address>
         <run_address>0xc9c9</run_address>
         <size>0xcd</size>
         <input_file_ref idref="fl-6"/>
      </object_component>
      <object_component id="oc-a9">
         <name>.debug_info</name>
         <load_address>0xca96</load_address>
         <run_address>0xca96</run_address>
         <size>0x23f</size>
         <input_file_ref idref="fl-6"/>
      </object_component>
      <object_component id="oc-24d">
         <name>.debug_info</name>
         <load_address>0xccd5</load_address>
         <run_address>0xccd5</run_address>
         <size>0x395</size>
         <input_file_ref idref="fl-c"/>
      </object_component>
      <object_component id="oc-d0">
         <name>.debug_info</name>
         <load_address>0xd06a</load_address>
         <run_address>0xd06a</run_address>
         <size>0x181</size>
         <input_file_ref idref="fl-c"/>
      </object_component>
      <object_component id="oc-2b0">
         <name>.debug_info</name>
         <load_address>0xd1eb</load_address>
         <run_address>0xd1eb</run_address>
         <size>0x37cd</size>
         <input_file_ref idref="fl-c"/>
      </object_component>
      <object_component id="oc-1df">
         <name>.debug_info</name>
         <load_address>0x109b8</load_address>
         <run_address>0x109b8</run_address>
         <size>0x1055</size>
         <input_file_ref idref="fl-c"/>
      </object_component>
      <object_component id="oc-14b">
         <name>.debug_info</name>
         <load_address>0x11a0d</load_address>
         <run_address>0x11a0d</run_address>
         <size>0x18b</size>
         <input_file_ref idref="fl-c"/>
      </object_component>
      <object_component id="oc-150">
         <name>.debug_info</name>
         <load_address>0x11b98</load_address>
         <run_address>0x11b98</run_address>
         <size>0x689</size>
         <input_file_ref idref="fl-d"/>
      </object_component>
      <object_component id="oc-13c">
         <name>.debug_info</name>
         <load_address>0x12221</load_address>
         <run_address>0x12221</run_address>
         <size>0x19a</size>
         <input_file_ref idref="fl-d"/>
      </object_component>
      <object_component id="oc-145">
         <name>.debug_info</name>
         <load_address>0x123bb</load_address>
         <run_address>0x123bb</run_address>
         <size>0xc6</size>
         <input_file_ref idref="fl-d"/>
      </object_component>
      <object_component id="oc-148">
         <name>.debug_info</name>
         <load_address>0x12481</load_address>
         <run_address>0x12481</run_address>
         <size>0xc6</size>
         <input_file_ref idref="fl-d"/>
      </object_component>
      <object_component id="oc-b1">
         <name>.debug_info</name>
         <load_address>0x12547</load_address>
         <run_address>0x12547</run_address>
         <size>0x1818</size>
         <input_file_ref idref="fl-d"/>
      </object_component>
      <object_component id="oc-1da">
         <name>.debug_info</name>
         <load_address>0x13d5f</load_address>
         <run_address>0x13d5f</run_address>
         <size>0x37cd</size>
         <input_file_ref idref="fl-d"/>
      </object_component>
      <object_component id="oc-136">
         <name>.debug_info</name>
         <load_address>0x1752c</load_address>
         <run_address>0x1752c</run_address>
         <size>0x28b</size>
         <input_file_ref idref="fl-e"/>
      </object_component>
      <object_component id="oc-1d3">
         <name>.debug_info</name>
         <load_address>0x177b7</load_address>
         <run_address>0x177b7</run_address>
         <size>0x1f1</size>
         <input_file_ref idref="fl-f"/>
      </object_component>
      <object_component id="oc-1c7">
         <name>.debug_info</name>
         <load_address>0x179a8</load_address>
         <run_address>0x179a8</run_address>
         <size>0xce</size>
         <input_file_ref idref="fl-f"/>
      </object_component>
      <object_component id="oc-1cd">
         <name>.debug_info</name>
         <load_address>0x17a76</load_address>
         <run_address>0x17a76</run_address>
         <size>0xd0</size>
         <input_file_ref idref="fl-f"/>
      </object_component>
      <object_component id="oc-1ca">
         <name>.debug_info</name>
         <load_address>0x17b46</load_address>
         <run_address>0x17b46</run_address>
         <size>0xd2</size>
         <input_file_ref idref="fl-f"/>
      </object_component>
      <object_component id="oc-1c4">
         <name>.debug_info</name>
         <load_address>0x17c18</load_address>
         <run_address>0x17c18</run_address>
         <size>0x15d</size>
         <input_file_ref idref="fl-f"/>
      </object_component>
      <object_component id="oc-1d0">
         <name>.debug_info</name>
         <load_address>0x17d75</load_address>
         <run_address>0x17d75</run_address>
         <size>0xe7</size>
         <input_file_ref idref="fl-f"/>
      </object_component>
      <object_component id="oc-13f">
         <name>.debug_info</name>
         <load_address>0x17e5c</load_address>
         <run_address>0x17e5c</run_address>
         <size>0x1a6f</size>
         <input_file_ref idref="fl-f"/>
      </object_component>
      <object_component id="oc-36">
         <name>.debug_info</name>
         <load_address>0x198cb</load_address>
         <run_address>0x198cb</run_address>
         <size>0x111</size>
         <input_file_ref idref="fl-c5"/>
      </object_component>
      <object_component id="oc-8f">
         <name>.debug_info</name>
         <load_address>0x199dc</load_address>
         <run_address>0x199dc</run_address>
         <size>0x313</size>
         <input_file_ref idref="fl-c6"/>
      </object_component>
      <object_component id="oc-48">
         <name>.debug_info</name>
         <load_address>0x19cef</load_address>
         <run_address>0x19cef</run_address>
         <size>0x1aa</size>
         <input_file_ref idref="fl-c6"/>
      </object_component>
      <object_component id="oc-8a">
         <name>.debug_info</name>
         <load_address>0x19e99</load_address>
         <run_address>0x19e99</run_address>
         <size>0x46</size>
         <input_file_ref idref="fl-c6"/>
      </object_component>
      <object_component id="oc-ea">
         <name>.debug_info</name>
         <load_address>0x19edf</load_address>
         <run_address>0x19edf</run_address>
         <size>0x2c</size>
         <input_file_ref idref="fl-c6"/>
      </object_component>
      <object_component id="oc-3f">
         <name>.debug_info</name>
         <load_address>0x19f0b</load_address>
         <run_address>0x19f0b</run_address>
         <size>0x29d</size>
         <input_file_ref idref="fl-c7"/>
      </object_component>
      <object_component id="oc-1c">
         <name>.debug_info</name>
         <load_address>0x1a1a8</load_address>
         <run_address>0x1a1a8</run_address>
         <size>0x1df</size>
         <input_file_ref idref="fl-c7"/>
      </object_component>
      <object_component id="oc-3a">
         <name>.debug_info</name>
         <load_address>0x1a387</load_address>
         <run_address>0x1a387</run_address>
         <size>0x46</size>
         <input_file_ref idref="fl-c7"/>
      </object_component>
      <object_component id="oc-82">
         <name>.debug_info</name>
         <load_address>0x1a3cd</load_address>
         <run_address>0x1a3cd</run_address>
         <size>0x2c</size>
         <input_file_ref idref="fl-c7"/>
      </object_component>
      <object_component id="oc-80">
         <name>.debug_info</name>
         <load_address>0x1a3f9</load_address>
         <run_address>0x1a3f9</run_address>
         <size>0x293</size>
         <input_file_ref idref="fl-c8"/>
      </object_component>
      <object_component id="oc-15">
         <name>.debug_info</name>
         <load_address>0x1a68c</load_address>
         <run_address>0x1a68c</run_address>
         <size>0x245</size>
         <input_file_ref idref="fl-c8"/>
      </object_component>
      <object_component id="oc-2a">
         <name>.debug_info</name>
         <load_address>0x1a8d1</load_address>
         <run_address>0x1a8d1</run_address>
         <size>0x60</size>
         <input_file_ref idref="fl-c8"/>
      </object_component>
      <object_component id="oc-e3">
         <name>.debug_info</name>
         <load_address>0x1a931</load_address>
         <run_address>0x1a931</run_address>
         <size>0x46</size>
         <input_file_ref idref="fl-c8"/>
      </object_component>
      <object_component id="oc-7b">
         <name>.debug_info</name>
         <load_address>0x1a977</load_address>
         <run_address>0x1a977</run_address>
         <size>0x39</size>
         <input_file_ref idref="fl-c8"/>
      </object_component>
      <object_component id="oc-27">
         <name>.debug_info</name>
         <load_address>0x1a9b0</load_address>
         <run_address>0x1a9b0</run_address>
         <size>0x100</size>
         <input_file_ref idref="fl-c9"/>
      </object_component>
      <object_component id="oc-54">
         <name>.debug_info</name>
         <load_address>0x1aab0</load_address>
         <run_address>0x1aab0</run_address>
         <size>0x1a4</size>
         <input_file_ref idref="fl-c9"/>
      </object_component>
      <object_component id="oc-f4">
         <name>.debug_info</name>
         <load_address>0x1ac54</load_address>
         <run_address>0x1ac54</run_address>
         <size>0x117</size>
         <input_file_ref idref="fl-ca"/>
      </object_component>
      <object_component id="oc-1f9">
         <name>.debug_info</name>
         <load_address>0x1ad6b</load_address>
         <run_address>0x1ad6b</run_address>
         <size>0x328</size>
         <input_file_ref idref="fl-cd"/>
      </object_component>
      <object_component id="oc-169">
         <name>.debug_info</name>
         <load_address>0x1b093</load_address>
         <run_address>0x1b093</run_address>
         <size>0x1c6</size>
         <input_file_ref idref="fl-cd"/>
      </object_component>
      <object_component id="oc-1ed">
         <name>.debug_info</name>
         <load_address>0x1b259</load_address>
         <run_address>0x1b259</run_address>
         <size>0x182</size>
         <input_file_ref idref="fl-cd"/>
      </object_component>
      <object_component id="oc-1f3">
         <name>.debug_info</name>
         <load_address>0x1b3db</load_address>
         <run_address>0x1b3db</run_address>
         <size>0x162</size>
         <input_file_ref idref="fl-cd"/>
      </object_component>
      <object_component id="oc-325">
         <name>.debug_info</name>
         <load_address>0x1b53d</load_address>
         <run_address>0x1b53d</run_address>
         <size>0x2c</size>
         <input_file_ref idref="fl-cd"/>
      </object_component>
      <object_component id="oc-92">
         <name>.debug_info</name>
         <load_address>0x1b569</load_address>
         <run_address>0x1b569</run_address>
         <size>0x13f</size>
         <input_file_ref idref="fl-ce"/>
      </object_component>
      <object_component id="oc-1a9">
         <name>.debug_info</name>
         <load_address>0x1b6a8</load_address>
         <run_address>0x1b6a8</run_address>
         <size>0x547</size>
         <input_file_ref idref="fl-cf"/>
      </object_component>
      <object_component id="oc-100">
         <name>.debug_info</name>
         <load_address>0x1bbef</load_address>
         <run_address>0x1bbef</run_address>
         <size>0x19b</size>
         <input_file_ref idref="fl-cf"/>
      </object_component>
      <object_component id="oc-230">
         <name>.debug_info</name>
         <load_address>0x1bd8a</load_address>
         <run_address>0x1bd8a</run_address>
         <size>0x39</size>
         <input_file_ref idref="fl-cf"/>
      </object_component>
      <object_component id="oc-2a2">
         <name>.debug_info</name>
         <load_address>0x1bdc3</load_address>
         <run_address>0x1bdc3</run_address>
         <size>0x39</size>
         <input_file_ref idref="fl-cf"/>
      </object_component>
      <object_component id="oc-235">
         <name>.debug_info</name>
         <load_address>0x1bdfc</load_address>
         <run_address>0x1bdfc</run_address>
         <size>0x39</size>
         <input_file_ref idref="fl-cf"/>
      </object_component>
      <object_component id="oc-23a">
         <name>.debug_info</name>
         <load_address>0x1be35</load_address>
         <run_address>0x1be35</run_address>
         <size>0xcd</size>
         <input_file_ref idref="fl-cf"/>
      </object_component>
      <object_component id="oc-97">
         <name>.debug_info</name>
         <load_address>0x1bf02</load_address>
         <run_address>0x1bf02</run_address>
         <size>0x148</size>
         <input_file_ref idref="fl-d0"/>
      </object_component>
      <object_component id="oc-290">
         <name>.debug_info</name>
         <load_address>0x1c04a</load_address>
         <run_address>0x1c04a</run_address>
         <size>0x8a6</size>
         <input_file_ref idref="fl-d2"/>
      </object_component>
      <object_component id="oc-25b">
         <name>.debug_info</name>
         <load_address>0x1c8f0</load_address>
         <run_address>0x1c8f0</run_address>
         <size>0x213</size>
         <input_file_ref idref="fl-d2"/>
      </object_component>
      <object_component id="oc-2e8">
         <name>.debug_info</name>
         <load_address>0x1cb03</load_address>
         <run_address>0x1cb03</run_address>
         <size>0x1a8</size>
         <input_file_ref idref="fl-d2"/>
      </object_component>
      <object_component id="oc-2ee">
         <name>.debug_info</name>
         <load_address>0x1ccab</load_address>
         <run_address>0x1ccab</run_address>
         <size>0x210</size>
         <input_file_ref idref="fl-d2"/>
      </object_component>
      <object_component id="oc-266">
         <name>.debug_info</name>
         <load_address>0x1cebb</load_address>
         <run_address>0x1cebb</run_address>
         <size>0x3b0</size>
         <input_file_ref idref="fl-d2"/>
      </object_component>
      <object_component id="oc-2f5">
         <name>.debug_info</name>
         <load_address>0x1d26b</load_address>
         <run_address>0x1d26b</run_address>
         <size>0x2fa</size>
         <input_file_ref idref="fl-d2"/>
      </object_component>
      <object_component id="oc-2fb">
         <name>.debug_info</name>
         <load_address>0x1d565</load_address>
         <run_address>0x1d565</run_address>
         <size>0x20a</size>
         <input_file_ref idref="fl-d2"/>
      </object_component>
      <object_component id="oc-26c">
         <name>.debug_info</name>
         <load_address>0x1d76f</load_address>
         <run_address>0x1d76f</run_address>
         <size>0x20a</size>
         <input_file_ref idref="fl-d2"/>
      </object_component>
      <object_component id="oc-273">
         <name>.debug_info</name>
         <load_address>0x1d979</load_address>
         <run_address>0x1d979</run_address>
         <size>0x2f9</size>
         <input_file_ref idref="fl-d2"/>
      </object_component>
      <object_component id="oc-279">
         <name>.debug_info</name>
         <load_address>0x1dc72</load_address>
         <run_address>0x1dc72</run_address>
         <size>0x4a5</size>
         <input_file_ref idref="fl-d2"/>
      </object_component>
      <object_component id="oc-1e8">
         <name>.debug_info</name>
         <load_address>0x1e117</load_address>
         <run_address>0x1e117</run_address>
         <size>0x5cd</size>
         <input_file_ref idref="fl-d2"/>
      </object_component>
      <object_component id="oc-291">
         <name>.debug_info</name>
         <load_address>0x1e6e4</load_address>
         <run_address>0x1e6e4</run_address>
         <size>0x86</size>
         <input_file_ref idref="fl-d2"/>
      </object_component>
      <object_component id="oc-32a">
         <name>.debug_info</name>
         <load_address>0x1e76a</load_address>
         <run_address>0x1e76a</run_address>
         <size>0x39</size>
         <input_file_ref idref="fl-d2"/>
      </object_component>
      <object_component id="oc-36b">
         <name>.debug_info</name>
         <load_address>0x1e7a3</load_address>
         <run_address>0x1e7a3</run_address>
         <size>0xb6</size>
         <input_file_ref idref="fl-d2"/>
      </object_component>
      <object_component id="oc-32f">
         <name>.debug_info</name>
         <load_address>0x1e859</load_address>
         <run_address>0x1e859</run_address>
         <size>0x46</size>
         <input_file_ref idref="fl-d2"/>
      </object_component>
      <object_component id="oc-296">
         <name>.debug_info</name>
         <load_address>0x1e89f</load_address>
         <run_address>0x1e89f</run_address>
         <size>0x46</size>
         <input_file_ref idref="fl-d2"/>
      </object_component>
      <object_component id="oc-2bb">
         <name>.debug_info</name>
         <load_address>0x1e8e5</load_address>
         <run_address>0x1e8e5</run_address>
         <size>0x2ae</size>
         <input_file_ref idref="fl-d3"/>
      </object_component>
      <object_component id="oc-255">
         <name>.debug_info</name>
         <load_address>0x1eb93</load_address>
         <run_address>0x1eb93</run_address>
         <size>0x171</size>
         <input_file_ref idref="fl-d3"/>
      </object_component>
      <object_component id="oc-338">
         <name>.debug_info</name>
         <load_address>0x1ed04</load_address>
         <run_address>0x1ed04</run_address>
         <size>0xee</size>
         <input_file_ref idref="fl-d4"/>
      </object_component>
      <object_component id="oc-2b8">
         <name>.debug_info</name>
         <load_address>0x1edf2</load_address>
         <run_address>0x1edf2</run_address>
         <size>0xfa</size>
         <input_file_ref idref="fl-d4"/>
      </object_component>
      <object_component id="oc-346">
         <name>.debug_info</name>
         <load_address>0x1eeec</load_address>
         <run_address>0x1eeec</run_address>
         <size>0x290</size>
         <input_file_ref idref="fl-d5"/>
      </object_component>
      <object_component id="oc-2d8">
         <name>.debug_info</name>
         <load_address>0x1f17c</load_address>
         <run_address>0x1f17c</run_address>
         <size>0x1c2</size>
         <input_file_ref idref="fl-d5"/>
      </object_component>
      <object_component id="oc-316">
         <name>.debug_info</name>
         <load_address>0x1f33e</load_address>
         <run_address>0x1f33e</run_address>
         <size>0x28b</size>
         <input_file_ref idref="fl-d6"/>
      </object_component>
      <object_component id="oc-27e">
         <name>.debug_info</name>
         <load_address>0x1f5c9</load_address>
         <run_address>0x1f5c9</run_address>
         <size>0x1ab</size>
         <input_file_ref idref="fl-d6"/>
      </object_component>
      <object_component id="oc-35d">
         <name>.debug_info</name>
         <load_address>0x1f774</load_address>
         <run_address>0x1f774</run_address>
         <size>0x28f</size>
         <input_file_ref idref="fl-d7"/>
      </object_component>
      <object_component id="oc-30f">
         <name>.debug_info</name>
         <load_address>0x1fa03</load_address>
         <run_address>0x1fa03</run_address>
         <size>0x247</size>
         <input_file_ref idref="fl-d7"/>
      </object_component>
      <object_component id="oc-2b6">
         <name>.debug_info</name>
         <load_address>0x1fc4a</load_address>
         <run_address>0x1fc4a</run_address>
         <size>0x284</size>
         <input_file_ref idref="fl-d8"/>
      </object_component>
      <object_component id="oc-24f">
         <name>.debug_info</name>
         <load_address>0x1fece</load_address>
         <run_address>0x1fece</run_address>
         <size>0x22a</size>
         <input_file_ref idref="fl-d8"/>
      </object_component>
      <object_component id="oc-34e">
         <name>.debug_info</name>
         <load_address>0x200f8</load_address>
         <run_address>0x200f8</run_address>
         <size>0x28f</size>
         <input_file_ref idref="fl-d9"/>
      </object_component>
      <object_component id="oc-303">
         <name>.debug_info</name>
         <load_address>0x20387</load_address>
         <run_address>0x20387</run_address>
         <size>0x18a</size>
         <input_file_ref idref="fl-d9"/>
      </object_component>
      <object_component id="oc-377">
         <name>.debug_info</name>
         <load_address>0x20511</load_address>
         <run_address>0x20511</run_address>
         <size>0x39</size>
         <input_file_ref idref="fl-d9"/>
      </object_component>
      <object_component id="oc-34f">
         <name>.debug_info</name>
         <load_address>0x2054a</load_address>
         <run_address>0x2054a</run_address>
         <size>0x2c</size>
         <input_file_ref idref="fl-d9"/>
      </object_component>
      <object_component id="oc-35b">
         <name>.debug_info</name>
         <load_address>0x20576</load_address>
         <run_address>0x20576</run_address>
         <size>0x2f2</size>
         <input_file_ref idref="fl-da"/>
      </object_component>
      <object_component id="oc-309">
         <name>.debug_info</name>
         <load_address>0x20868</load_address>
         <run_address>0x20868</run_address>
         <size>0x21a</size>
         <input_file_ref idref="fl-da"/>
      </object_component>
      <object_component id="oc-355">
         <name>.debug_info</name>
         <load_address>0x20a82</load_address>
         <run_address>0x20a82</run_address>
         <size>0x156</size>
         <input_file_ref idref="fl-db"/>
      </object_component>
      <object_component id="oc-31d">
         <name>.debug_info</name>
         <load_address>0x20bd8</load_address>
         <run_address>0x20bd8</run_address>
         <size>0x284</size>
         <input_file_ref idref="fl-dc"/>
      </object_component>
      <object_component id="oc-284">
         <name>.debug_info</name>
         <load_address>0x20e5c</load_address>
         <run_address>0x20e5c</run_address>
         <size>0x14f</size>
         <input_file_ref idref="fl-dc"/>
      </object_component>
      <object_component id="oc-360">
         <name>.debug_info</name>
         <load_address>0x20fab</load_address>
         <run_address>0x20fab</run_address>
         <size>0x46</size>
         <input_file_ref idref="fl-dc"/>
      </object_component>
      <object_component id="oc-318">
         <name>.debug_info</name>
         <load_address>0x20ff1</load_address>
         <run_address>0x20ff1</run_address>
         <size>0x39</size>
         <input_file_ref idref="fl-dc"/>
      </object_component>
      <object_component id="oc-2e4">
         <name>.debug_info</name>
         <load_address>0x2102a</load_address>
         <run_address>0x2102a</run_address>
         <size>0x144</size>
         <input_file_ref idref="fl-dd"/>
      </object_component>
      <object_component id="oc-261">
         <name>.debug_info</name>
         <load_address>0x2116e</load_address>
         <run_address>0x2116e</run_address>
         <size>0x120</size>
         <input_file_ref idref="fl-de"/>
      </object_component>
      <object_component id="oc-2d0">
         <name>.debug_info</name>
         <load_address>0x2128e</load_address>
         <run_address>0x2128e</run_address>
         <size>0x122</size>
         <input_file_ref idref="fl-de"/>
      </object_component>
      <object_component id="oc-2cb">
         <name>.debug_info</name>
         <load_address>0x213b0</load_address>
         <run_address>0x213b0</run_address>
         <size>0x132</size>
         <input_file_ref idref="fl-df"/>
      </object_component>
      <object_component id="oc-2c4">
         <name>.debug_info</name>
         <load_address>0x214e2</load_address>
         <run_address>0x214e2</run_address>
         <size>0x132</size>
         <input_file_ref idref="fl-e0"/>
      </object_component>
      <object_component id="oc-2d5">
         <name>.debug_info</name>
         <load_address>0x21614</load_address>
         <run_address>0x21614</run_address>
         <size>0x126</size>
         <input_file_ref idref="fl-e1"/>
      </object_component>
      <object_component id="oc-2df">
         <name>.debug_info</name>
         <load_address>0x2173a</load_address>
         <run_address>0x2173a</run_address>
         <size>0x124</size>
         <input_file_ref idref="fl-e2"/>
      </object_component>
      <object_component id="oc-2be">
         <name>.debug_info</name>
         <load_address>0x2185e</load_address>
         <run_address>0x2185e</run_address>
         <size>0x12c</size>
         <input_file_ref idref="fl-e3"/>
      </object_component>
      <object_component id="oc-322">
         <name>.debug_info</name>
         <load_address>0x2198a</load_address>
         <run_address>0x2198a</run_address>
         <size>0x27e</size>
         <input_file_ref idref="fl-e4"/>
      </object_component>
      <object_component id="oc-31f">
         <name>.debug_info</name>
         <load_address>0x21c08</load_address>
         <run_address>0x21c08</run_address>
         <size>0x103</size>
         <input_file_ref idref="fl-e4"/>
      </object_component>
      <object_component id="oc-28a">
         <name>.debug_info</name>
         <load_address>0x21d0b</load_address>
         <run_address>0x21d0b</run_address>
         <size>0x143</size>
         <input_file_ref idref="fl-e4"/>
      </object_component>
      <object_component id="oc-33e">
         <name>.debug_info</name>
         <load_address>0x21e4e</load_address>
         <run_address>0x21e4e</run_address>
         <size>0x10d</size>
         <input_file_ref idref="fl-e5"/>
      </object_component>
      <object_component id="oc-3b3">
         <name>.debug_info</name>
         <load_address>0x21f5b</load_address>
         <run_address>0x21f5b</run_address>
         <size>0x83</size>
      </object_component>
      <object_component id="oc-1e5">
         <name>.debug_line</name>
         <load_address>0x0</load_address>
         <run_address>0x0</run_address>
         <size>0x74</size>
         <input_file_ref idref="fl-2"/>
      </object_component>
      <object_component id="oc-19d">
         <name>.debug_line</name>
         <load_address>0x74</load_address>
         <run_address>0x74</run_address>
         <size>0x40</size>
         <input_file_ref idref="fl-2"/>
      </object_component>
      <object_component id="oc-19b">
         <name>.debug_line</name>
         <load_address>0xb4</load_address>
         <run_address>0xb4</run_address>
         <size>0x40</size>
         <input_file_ref idref="fl-2"/>
      </object_component>
      <object_component id="oc-74">
         <name>.debug_line</name>
         <load_address>0xf4</load_address>
         <run_address>0xf4</run_address>
         <size>0x1fe</size>
         <input_file_ref idref="fl-2"/>
      </object_component>
      <object_component id="oc-15f">
         <name>.debug_line</name>
         <load_address>0x2f2</load_address>
         <run_address>0x2f2</run_address>
         <size>0x55</size>
         <input_file_ref idref="fl-2"/>
      </object_component>
      <object_component id="oc-e1">
         <name>.debug_line</name>
         <load_address>0x347</load_address>
         <run_address>0x347</run_address>
         <size>0x69</size>
         <input_file_ref idref="fl-2"/>
      </object_component>
      <object_component id="oc-15a">
         <name>.debug_line</name>
         <load_address>0x3b0</load_address>
         <run_address>0x3b0</run_address>
         <size>0x52</size>
         <input_file_ref idref="fl-2"/>
      </object_component>
      <object_component id="oc-c7">
         <name>.debug_line</name>
         <load_address>0x402</load_address>
         <run_address>0x402</run_address>
         <size>0x31</size>
         <input_file_ref idref="fl-2"/>
      </object_component>
      <object_component id="oc-32">
         <name>.debug_line</name>
         <load_address>0x433</load_address>
         <run_address>0x433</run_address>
         <size>0x20</size>
         <input_file_ref idref="fl-2"/>
      </object_component>
      <object_component id="oc-164">
         <name>.debug_line</name>
         <load_address>0x453</load_address>
         <run_address>0x453</run_address>
         <size>0x6d</size>
         <input_file_ref idref="fl-2"/>
      </object_component>
      <object_component id="oc-c2">
         <name>.debug_line</name>
         <load_address>0x4c0</load_address>
         <run_address>0x4c0</run_address>
         <size>0x6a</size>
         <input_file_ref idref="fl-2"/>
      </object_component>
      <object_component id="oc-1fd">
         <name>.debug_line</name>
         <load_address>0x52a</load_address>
         <run_address>0x52a</run_address>
         <size>0x65</size>
         <input_file_ref idref="fl-2"/>
      </object_component>
      <object_component id="oc-156">
         <name>.debug_line</name>
         <load_address>0x58f</load_address>
         <run_address>0x58f</run_address>
         <size>0x42</size>
         <input_file_ref idref="fl-3"/>
      </object_component>
      <object_component id="oc-154">
         <name>.debug_line</name>
         <load_address>0x5d1</load_address>
         <run_address>0x5d1</run_address>
         <size>0x31</size>
         <input_file_ref idref="fl-3"/>
      </object_component>
      <object_component id="oc-152">
         <name>.debug_line</name>
         <load_address>0x602</load_address>
         <run_address>0x602</run_address>
         <size>0x31</size>
         <input_file_ref idref="fl-3"/>
      </object_component>
      <object_component id="oc-6e">
         <name>.debug_line</name>
         <load_address>0x633</load_address>
         <run_address>0x633</run_address>
         <size>0x29f</size>
         <input_file_ref idref="fl-3"/>
      </object_component>
      <object_component id="oc-210">
         <name>.debug_line</name>
         <load_address>0x8d2</load_address>
         <run_address>0x8d2</run_address>
         <size>0x43</size>
         <input_file_ref idref="fl-4"/>
      </object_component>
      <object_component id="oc-202">
         <name>.debug_line</name>
         <load_address>0x915</load_address>
         <run_address>0x915</run_address>
         <size>0x32</size>
         <input_file_ref idref="fl-4"/>
      </object_component>
      <object_component id="oc-200">
         <name>.debug_line</name>
         <load_address>0x947</load_address>
         <run_address>0x947</run_address>
         <size>0x32</size>
         <input_file_ref idref="fl-4"/>
      </object_component>
      <object_component id="oc-204">
         <name>.debug_line</name>
         <load_address>0x979</load_address>
         <run_address>0x979</run_address>
         <size>0x32</size>
         <input_file_ref idref="fl-4"/>
      </object_component>
      <object_component id="oc-206">
         <name>.debug_line</name>
         <load_address>0x9ab</load_address>
         <run_address>0x9ab</run_address>
         <size>0x32</size>
         <input_file_ref idref="fl-4"/>
      </object_component>
      <object_component id="oc-208">
         <name>.debug_line</name>
         <load_address>0x9dd</load_address>
         <run_address>0x9dd</run_address>
         <size>0x32</size>
         <input_file_ref idref="fl-4"/>
      </object_component>
      <object_component id="oc-20a">
         <name>.debug_line</name>
         <load_address>0xa0f</load_address>
         <run_address>0xa0f</run_address>
         <size>0x32</size>
         <input_file_ref idref="fl-4"/>
      </object_component>
      <object_component id="oc-20c">
         <name>.debug_line</name>
         <load_address>0xa41</load_address>
         <run_address>0xa41</run_address>
         <size>0x32</size>
         <input_file_ref idref="fl-4"/>
      </object_component>
      <object_component id="oc-20e">
         <name>.debug_line</name>
         <load_address>0xa73</load_address>
         <run_address>0xa73</run_address>
         <size>0x32</size>
         <input_file_ref idref="fl-4"/>
      </object_component>
      <object_component id="oc-217">
         <name>.debug_line</name>
         <load_address>0xaa5</load_address>
         <run_address>0xaa5</run_address>
         <size>0x32</size>
         <input_file_ref idref="fl-4"/>
      </object_component>
      <object_component id="oc-219">
         <name>.debug_line</name>
         <load_address>0xad7</load_address>
         <run_address>0xad7</run_address>
         <size>0x32</size>
         <input_file_ref idref="fl-4"/>
      </object_component>
      <object_component id="oc-21b">
         <name>.debug_line</name>
         <load_address>0xb09</load_address>
         <run_address>0xb09</run_address>
         <size>0x32</size>
         <input_file_ref idref="fl-4"/>
      </object_component>
      <object_component id="oc-21d">
         <name>.debug_line</name>
         <load_address>0xb3b</load_address>
         <run_address>0xb3b</run_address>
         <size>0x32</size>
         <input_file_ref idref="fl-4"/>
      </object_component>
      <object_component id="oc-21f">
         <name>.debug_line</name>
         <load_address>0xb6d</load_address>
         <run_address>0xb6d</run_address>
         <size>0x32</size>
         <input_file_ref idref="fl-4"/>
      </object_component>
      <object_component id="oc-cd">
         <name>.debug_line</name>
         <load_address>0xb9f</load_address>
         <run_address>0xb9f</run_address>
         <size>0x1ce</size>
         <input_file_ref idref="fl-4"/>
      </object_component>
      <object_component id="oc-214">
         <name>.debug_line</name>
         <load_address>0xd6d</load_address>
         <run_address>0xd6d</run_address>
         <size>0x52</size>
         <input_file_ref idref="fl-4"/>
      </object_component>
      <object_component id="oc-dd">
         <name>.debug_line</name>
         <load_address>0xdbf</load_address>
         <run_address>0xdbf</run_address>
         <size>0x40</size>
         <input_file_ref idref="fl-5"/>
      </object_component>
      <object_component id="oc-77">
         <name>.debug_line</name>
         <load_address>0xdff</load_address>
         <run_address>0xdff</run_address>
         <size>0x40</size>
         <input_file_ref idref="fl-5"/>
      </object_component>
      <object_component id="oc-68">
         <name>.debug_line</name>
         <load_address>0xe3f</load_address>
         <run_address>0xe3f</run_address>
         <size>0x71</size>
         <input_file_ref idref="fl-5"/>
      </object_component>
      <object_component id="oc-1bf">
         <name>.debug_line</name>
         <load_address>0xeb0</load_address>
         <run_address>0xeb0</run_address>
         <size>0x3b</size>
         <input_file_ref idref="fl-6"/>
      </object_component>
      <object_component id="oc-ac">
         <name>.debug_line</name>
         <load_address>0xeeb</load_address>
         <run_address>0xeeb</run_address>
         <size>0x159</size>
         <input_file_ref idref="fl-6"/>
      </object_component>
      <object_component id="oc-2af">
         <name>.debug_line</name>
         <load_address>0x1044</load_address>
         <run_address>0x1044</run_address>
         <size>0x20</size>
         <input_file_ref idref="fl-c"/>
      </object_component>
      <object_component id="oc-d3">
         <name>.debug_line</name>
         <load_address>0x1064</load_address>
         <run_address>0x1064</run_address>
         <size>0x75</size>
         <input_file_ref idref="fl-c"/>
      </object_component>
      <object_component id="oc-2b3">
         <name>.debug_line</name>
         <load_address>0x10d9</load_address>
         <run_address>0x10d9</run_address>
         <size>0x52</size>
         <input_file_ref idref="fl-c"/>
      </object_component>
      <object_component id="oc-1e2">
         <name>.debug_line</name>
         <load_address>0x112b</load_address>
         <run_address>0x112b</run_address>
[...]
      </symbol>
      <symbol id="sm-315">
         <name>getLinea</name>
         <value>0x1b97</value>
         <object_component_ref idref="oc-af"/>
      </symbol>
      <symbol id="sm-316">
         <name>initLCD</name>
         <value>0x1e0d</value>
         <object_component_ref idref="oc-af"/>
      </symbol>
      <symbol id="sm-335">
         <name>writeData</name>
         <value>0x3ab1</value>
         <object_component_ref idref="oc-135"/>
      </symbol>
      <symbol id="sm-336">
         <name>writeCommand</name>
         <value>0x3ad7</value>
         <object_component_ref idref="oc-135"/>
      </symbol>
      <symbol id="sm-337">
         <name>delay</name>
         <value>0x3afd</value>
         <object_component_ref idref="oc-135"/>
      </symbol>
      <symbol id="sm-338">
         <name>init_spi_lcd_tactil</name>
         <value>0x39d9</value>
         <object_component_ref idref="oc-135"/>
      </symbol>
      <symbol id="sm-403">
         <name>drawCharLgBkg</name>
         <value>0x5c9</value>
         <object_component_ref idref="oc-13e"/>
      </symbol>
      <symbol id="sm-404">
         <name>drawPixel</name>
         <value>0x237</value>
         <object_component_ref idref="oc-13e"/>
      </symbol>
      <symbol id="sm-405">
         <name>drawImageMono</name>
         <value>0x9e3</value>
         <object_component_ref idref="oc-13e"/>
      </symbol>
      <symbol id="sm-406">
         <name>setColor</name>
         <value>0xe5</value>
         <object_component_ref idref="oc-13e"/>
      </symbol>
      <symbol id="sm-407">
         <name>bgColorHighByte</name>
         <value>0x2000045a</value>
         <object_component_ref idref="oc-1c3"/>
      </symbol>
      <symbol id="sm-408">
         <name>drawCircle</name>
         <value>0xd9b</value>
         <object_component_ref idref="oc-13e"/>
      </symbol>
      <symbol id="sm-409">
         <name>drawImageLut</name>
         <value>0x8d5</value>
         <object_component_ref idref="oc-13e"/>
      </symbol>
      <symbol id="sm-40a">
         <name>drawImage</name>
         <value>0x8bd</value>
         <object_component_ref idref="oc-13e"/>
      </symbol>
      <symbol id="sm-40b">
         <name>font_11x16</name>
         <value>0x49a0</value>
         <object_component_ref idref="oc-1c9"/>
      </symbol>
      <symbol id="sm-40c">
         <name>drawLine</name>
         <value>0xb41</value>
         <object_component_ref idref="oc-13e"/>
      </symbol>
      <symbol id="sm-40d">
         <name>font_8x12</name>
         <value>0x51ca</value>
         <object_component_ref idref="oc-1cc"/>
      </symbol>
      <symbol id="sm-40e">
         <name>drawCharMd</name>
         <value>0x6ad</value>
         <object_component_ref idref="oc-13e"/>
      </symbol>
      <symbol id="sm-40f">
         <name>drawCharSmBkg</name>
         <value>0x447</value>
         <object_component_ref idref="oc-13e"/>
      </symbol>
      <symbol id="sm-410">
         <name>drawCharLg</name>
         <value>0x521</value>
         <object_component_ref idref="oc-13e"/>
      </symbol>
      <symbol id="sm-411">
         <name>drawCharSm</name>
         <value>0x3a1</value>
         <object_component_ref idref="oc-13e"/>
      </symbol>
      <symbol id="sm-412">
         <name>drawLogicLine</name>
         <value>0xa01</value>
         <object_component_ref idref="oc-13e"/>
      </symbol>
      <symbol id="sm-413">
         <name>setBackgroundColor</name>
         <value>0x103</value>
         <object_component_ref idref="oc-13e"/>
      </symbol>
      <symbol id="sm-414">
         <name>clearScreenBkg</name>
         <value>0x1af</value>
         <object_component_ref idref="oc-13e"/>
      </symbol>
      <symbol id="sm-415">
         <name>fillCircle</name>
         <value>0xfb9</value>
         <object_component_ref idref="oc-13e"/>
      </symbol>
      <symbol id="sm-416">
         <name>fillRect</name>
         <value>0xf1b</value>
         <object_component_ref idref="oc-13e"/>
      </symbol>
      <symbol id="sm-417">
         <name>drawString</name>
         <value>0x267</value>
         <object_component_ref idref="oc-13e"/>
      </symbol>
      <symbol id="sm-418">
         <name>clearScreen</name>
         <value>0x121</value>
         <object_component_ref idref="oc-13e"/>
      </symbol>
      <symbol id="sm-419">
         <name>colorLowByte</name>
         <value>0x20000457</value>
         <object_component_ref idref="oc-1c3"/>
      </symbol>
      <symbol id="sm-41a">
         <name>drawCharMdBkg</name>
         <value>0x75b</value>
         <object_component_ref idref="oc-13e"/>
      </symbol>
      <symbol id="sm-41b">
         <name>font_5x7</name>
         <value>0x563e</value>
         <object_component_ref idref="oc-1c6"/>
      </symbol>
      <symbol id="sm-41c">
         <name>drawRect</name>
         <value>0xd37</value>
         <object_component_ref idref="oc-13e"/>
      </symbol>
      <symbol id="sm-41d">
         <name>colorHighByte</name>
         <value>0x20000458</value>
         <object_component_ref idref="oc-1c3"/>
      </symbol>
      <symbol id="sm-41e">
         <name>bgColorLowByte</name>
         <value>0x20000459</value>
         <object_component_ref idref="oc-1c3"/>
      </symbol>
      <symbol id="sm-439">
         <name>memcpy</name>
         <value>0x41b3</value>
         <object_component_ref idref="oc-34"/>
      </symbol>
      <symbol id="sm-43a">
         <name>__aeabi_memcpy</name>
         <value>0x41b3</value>
         <object_component_ref idref="oc-34"/>
      </symbol>
      <symbol id="sm-43b">
         <name>__aeabi_memcpy8</name>
         <value>0x41b3</value>
         <object_component_ref idref="oc-34"/>
      </symbol>
      <symbol id="sm-43c">
         <name>__aeabi_memcpy4</name>
         <value>0x41b3</value>
         <object_component_ref idref="oc-34"/>
      </symbol>
      <symbol id="sm-453">
         <name>__TI_zero_init</name>
         <value>0x497b</value>
         <object_component_ref idref="oc-46"/>
      </symbol>
      <symbol id="sm-46a">
         <name>__TI_decompress_none</name>
         <value>0x495f</value>
         <object_component_ref idref="oc-1a"/>
      </symbol>
      <symbol id="sm-48d">
         <name>__TI_decompress_lzss</name>
         <value>0x4553</value>
         <object_component_ref idref="oc-14"/>
      </symbol>
      <symbol id="sm-4a0">
         <name>__stack</name>
         <value>0x2000fe00</value>
         <object_component_ref idref="oc-26"/>
      </symbol>
      <symbol id="sm-4a1">
         <name>_c_int00_noargs</name>
         <value>0x4875</value>
         <object_component_ref idref="oc-52"/>
      </symbol>
      <symbol id="sm-4ac">
         <name>C$$EXIT</name>
         <value>0x499d</value>
         <object_component_ref idref="oc-f3"/>
      </symbol>
      <symbol id="sm-4ad">
         <name>abort</name>
         <value>0x499d</value>
         <object_component_ref idref="oc-f3"/>
      </symbol>
      <symbol id="sm-4d6">
         <name>sprintf</name>
         <value>0x47f5</value>
         <object_component_ref idref="oc-168"/>
      </symbol>
      <symbol id="sm-4e5">
         <name>__aeabi_memset</name>
         <value>0x43f3</value>
         <object_component_ref idref="oc-90"/>
      </symbol>
      <symbol id="sm-4e6">
         <name>memset</name>
         <value>0x43f9</value>
         <object_component_ref idref="oc-90"/>
      </symbol>
      <symbol id="sm-4e7">
         <name>__aeabi_memset8</name>
         <value>0x43f3</value>
         <object_component_ref idref="oc-90"/>
      </symbol>
      <symbol id="sm-4e8">
         <name>__aeabi_memset4</name>
         <value>0x43f3</value>
         <object_component_ref idref="oc-90"/>
      </symbol>
      <symbol id="sm-4e9">
         <name>__aeabi_memclr8</name>
         <value>0x43f1</value>
         <object_component_ref idref="oc-90"/>
      </symbol>
      <symbol id="sm-4ea">
         <name>__aeabi_memclr4</name>
         <value>0x43f1</value>
         <object_component_ref idref="oc-90"/>
      </symbol>
      <symbol id="sm-4eb">
         <name>__aeabi_memclr</name>
         <value>0x43f1</value>
         <object_component_ref idref="oc-90"/>
      </symbol>
      <symbol id="sm-513">
         <name>__TI_auto_init_nobinit_nopinit</name>
         <value>0x47b1</value>
         <object_component_ref idref="oc-ff"/>
      </symbol>
      <symbol id="sm-51d">
         <name>_system_pre_init</name>
         <value>0x4999</value>
         <object_component_ref idref="oc-96"/>
      </symbol>
      <symbol id="sm-683">
         <name>__TI_printfi</name>
         <value>0x1131</value>
         <object_component_ref idref="oc-1e6"/>
      </symbol>
      <symbol id="sm-699">
         <name>atoi</name>
         <value>0x471d</value>
         <object_component_ref idref="oc-254"/>
      </symbol>
      <symbol id="sm-6a4">
         <name>_ctypes_</name>
         <value>0x581e</value>
         <object_component_ref idref="oc-2b7"/>
      </symbol>
      <symbol id="sm-6b3">
         <name>ltoa</name>
         <value>0x4677</value>
         <object_component_ref idref="oc-2d7"/>
      </symbol>
      <symbol id="sm-6c3">
         <name>memccpy</name>
         <value>0x48db</value>
         <object_component_ref idref="oc-27d"/>
      </symbol>
      <symbol id="sm-6d3">
         <name>strchr</name>
         <value>0x490f</value>
         <object_component_ref idref="oc-30e"/>
      </symbol>
      <symbol id="sm-6e1">
         <name>strlen</name>
         <value>0x4939</value>
         <object_component_ref idref="oc-24e"/>
      </symbol>
      <symbol id="sm-701">
         <name>frexpl</name>
         <value>0x45bd</value>
         <object_component_ref idref="oc-302"/>
      </symbol>
      <symbol id="sm-702">
         <name>frexp</name>
         <value>0x45bd</value>
         <object_component_ref idref="oc-302"/>
      </symbol>
      <symbol id="sm-71f">
         <name>scalbn</name>
         <value>0x3ef5</value>
         <object_component_ref idref="oc-308"/>
      </symbol>
      <symbol id="sm-720">
         <name>scalbnl</name>
         <value>0x3ef5</value>
         <object_component_ref idref="oc-308"/>
      </symbol>
      <symbol id="sm-721">
         <name>ldexpl</name>
         <value>0x3ef5</value>
         <object_component_ref idref="oc-308"/>
      </symbol>
      <symbol id="sm-722">
         <name>ldexp</name>
         <value>0x3ef5</value>
         <object_component_ref idref="oc-308"/>
      </symbol>
      <symbol id="sm-72c">
         <name>copysign</name>
         <value>0x4925</value>
         <object_component_ref idref="oc-354"/>
      </symbol>
      <symbol id="sm-72d">
         <name>copysignl</name>
         <value>0x4925</value>
         <object_component_ref idref="oc-354"/>
      </symbol>
      <symbol id="sm-746">
         <name>wcslen</name>
         <value>0x494d</value>
         <object_component_ref idref="oc-283"/>
      </symbol>
      <symbol id="sm-75d">
         <name>__aeabi_dsub</name>
         <value>0x3821</value>
         <object_component_ref idref="oc-2e2"/>
      </symbol>
      <symbol id="sm-75e">
         <name>__aeabi_dadd</name>
         <value>0x382b</value>
         <object_component_ref idref="oc-2e2"/>
      </symbol>
      <symbol id="sm-780">
         <name>__aeabi_cdcmpeq</name>
         <value>0x42e5</value>
         <object_component_ref idref="oc-260"/>
      </symbol>
      <symbol id="sm-781">
         <name>__aeabi_cdcmple</name>
         <value>0x42e5</value>
         <object_component_ref idref="oc-260"/>
      </symbol>
      <symbol id="sm-782">
         <name>__aeabi_cdrcmple</name>
         <value>0x436b</value>
         <object_component_ref idref="oc-2cd"/>
      </symbol>
      <symbol id="sm-796">
         <name>__aeabi_ddiv</name>
         <value>0x3c9d</value>
         <object_component_ref idref="oc-2c8"/>
      </symbol>
      <symbol id="sm-7a1">
         <name>__aeabi_dmul</name>
         <value>0x4005</value>
         <object_component_ref idref="oc-2c3"/>
      </symbol>
      <symbol id="sm-7ab">
         <name>__aeabi_d2iz</name>
         <value>0x4769</value>
         <object_component_ref idref="oc-2d2"/>
      </symbol>
      <symbol id="sm-7b5">
         <name>__aeabi_i2d</name>
         <value>0x48ad</value>
         <object_component_ref idref="oc-2dd"/>
      </symbol>
      <symbol id="sm-7c2">
         <name>__aeabi_uldivmod</name>
         <value>0x424f</value>
         <object_component_ref idref="oc-2bc"/>
      </symbol>
      <symbol id="sm-7d8">
         <name>__aeabi_errno_addr</name>
         <value>0x4991</value>
         <object_component_ref idref="oc-289"/>
      </symbol>
      <symbol id="sm-7d9">
         <name>errno</name>
         <value>0x2000045c</value>
         <object_component_ref idref="oc-31e"/>
      </symbol>
      <symbol id="sm-7e3">
         <name>__aeabi_idiv0</name>
         <value>0x1b8f</value>
         <object_component_ref idref="oc-33b"/>
      </symbol>
      <symbol id="sm-7e4">
         <name>__aeabi_ldiv0</name>
         <value>0x1b8f</value>
         <object_component_ref idref="oc-33b"/>
      </symbol>
      <symbol id="sm-7e5">
         <name>__TI_static_base__</name>
         <value>0x0</value>
      </symbol>
      <symbol id="sm-7e8">
         <name>__mpu_init</name>
         <value>0x0</value>
      </symbol>
      <symbol id="sm-7e9">
         <name>_system_post_cinit</name>
         <value>0x0</value>
      </symbol>
      <symbol id="sm-7ea">
         <name>NMI_Handler</name>
         <value>0x4979</value>
      </symbol>
      <symbol id="sm-7eb">
         <name>HardFault_Handler</name>
         <value>0x4979</value>
      </symbol>
      <symbol id="sm-7ec">
         <name>MemManage_Handler</name>
         <value>0x4979</value>
      </symbol>
      <symbol id="sm-7ed">
         <name>BusFault_Handler</name>
         <value>0x4979</value>
      </symbol>
      <symbol id="sm-7ee">
         <name>UsageFault_Handler</name>
         <value>0x4979</value>
      </symbol>
      <symbol id="sm-7ef">
         <name>SVC_Handler</name>
         <value>0x4979</value>
      </symbol>
      <symbol id="sm-7f0">
         <name>DebugMon_Handler</name>
         <value>0x4979</value>
      </symbol>
      <symbol id="sm-7f1">
         <name>PendSV_Handler</name>
         <value>0x4979</value>
      </symbol>
      <symbol id="sm-7f2">
         <name>SysTick_Handler</name>
         <value>0x4979</value>
      </symbol>
      <symbol id="sm-7f3">
         <name>PSS_IRQHandler</name>
         <value>0x4979</value>
      </symbol>
      <symbol id="sm-7f4">
         <name>CS_IRQHandler</name>
         <value>0x4979</value>
      </symbol>
      <symbol id="sm-7f5">
         <name>PCM_IRQHandler</name>
         <value>0x4979</value>
      </symbol>
      <symbol id="sm-7f6">
         <name>WDT_A_IRQHandler</name>
         <value>0x4979</value>
      </symbol>
      <symbol id="sm-7f7">
         <name>FPU_IRQHandler</name>
         <value>0x4979</value>
      </symbol>
      <symbol id="sm-7f8">
         <name>FLCTL_IRQHandler</name>
         <value>0x4979</value>
      </symbol>
      <symbol id="sm-7f9">
         <name>COMP_E0_IRQHandler</name>
         <value>0x4979</value>
      </symbol>
      <symbol id="sm-7fa">
         <name>COMP_E1_IRQHandler</name>
         <value>0x4979</value>
      </symbol>
      <symbol id="sm-7fb">
         <name>TA0_0_IRQHandler</name>
         <value>0x2c9b</value>
      </symbol>
      <symbol id="sm-7fc">
         <name>TA0_N_IRQHandler</name>
         <value>0x4979</value>
      </symbol>
      <symbol id="sm-7fd">
         <name>TA1_0_IRQHandler</name>
         <value>0x2cc3</value>
      </symbol>
      <symbol id="sm-7fe">
         <name>TA1_N_IRQHandler</name>
         <value>0x4979</value>
      </symbol>
      <symbol id="sm-7ff">
         <name>TA2_0_IRQHandler</name>
         <value>0x4979</value>
      </symbol>
      <symbol id="sm-800">
         <name>TA2_N_IRQHandler</name>
         <value>0x4979</value>
      </symbol>
      <symbol id="sm-801">
         <name>TA3_0_IRQHandler</name>
         <value>0x4979</value>
      </symbol>
      <symbol id="sm-802">
         <name>TA3_N_IRQHandler</name>
         <value>0x4979</value>
      </symbol>
      <symbol id="sm-803">
         <name>EUSCIA0_IRQHandler</name>
         <value>0x4979</value>
      </symbol>
      <symbol id="sm-804">
         <name>EUSCIA1_IRQHandler</name>
         <value>0x4979</value>
      </symbol>
      <symbol id="sm-805">
         <name>EUSCIA2_IRQHandler</name>
         <value>0x2c75</value>
      </symbol>
      <symbol id="sm-806">
         <name>EUSCIA3_IRQHandler</name>
         <value>0x4979</value>
      </symbol>
      <symbol id="sm-807">
         <name>EUSCIB0_IRQHandler</name>
         <value>0x4979</value>
      </symbol>
      <symbol id="sm-808">
         <name>EUSCIB1_IRQHandler</name>
         <value>0x4979</value>
      </symbol>
      <symbol id="sm-809">
         <name>EUSCIB2_IRQHandler</name>
         <value>0x4979</value>
      </symbol>
      <symbol id="sm-80a">
         <name>EUSCIB3_IRQHandler</name>
         <value>0x4979</value>
      </symbol>
      <symbol id="sm-80b">
         <name>ADC14_IRQHandler</name>
         <value>0x4979</value>
      </symbol>
      <symbol id="sm-80c">
         <name>T32_INT1_IRQHandler</name>
         <value>0x4979</value>
      </symbol>
      <symbol id="sm-80d">
         <name>T32_INT2_IRQHandler</name>
         <value>0x4979</value>
      </symbol>
      <symbol id="sm-80e">
         <name>T32_INTC_IRQHandler</name>
         <value>0x4979</value>
      </symbol>
      <symbol id="sm-80f">
         <name>AES256_IRQHandler</name>
         <value>0x4979</value>
      </symbol>
      <symbol id="sm-810">
         <name>RTC_C_IRQHandler</name>
         <value>0x4979</value>
      </symbol>
      <symbol id="sm-811">
         <name>DMA_ERR_IRQHandler</name>
         <value>0x4979</value>
      </symbol>
      <symbol id="sm-812">
         <name>DMA_INT3_IRQHandler</name>
         <value>0x4979</value>
      </symbol>
      <symbol id="sm-813">
         <name>DMA_INT2_IRQHandler</name>
         <value>0x4979</value>
      </symbol>
      <symbol id="sm-814">
         <name>DMA_INT1_IRQHandler</name>
         <value>0x4979</value>
      </symbol>
      <symbol id="sm-815">
         <name>DMA_INT0_IRQHandler</name>
         <value>0x4979</value>
      </symbol>
      <symbol id="sm-816">
         <name>PORT1_IRQHandler</name>
         <value>0x4979</value>
      </symbol>
      <symbol id="sm-817">
         <name>PORT2_IRQHandler</name>
         <value>0x4979</value>
      </symbol>
      <symbol id="sm-818">
         <name>PORT3_IRQHandler</name>
         <value>0x2695</value>
      </symbol>
      <symbol id="sm-819">
         <name>PORT4_IRQHandler</name>
         <value>0x26d1</value>
      </symbol>
      <symbol id="sm-81a">
         <name>PORT5_IRQHandler</name>
         <value>0x2725</value>
      </symbol>
      <symbol id="sm-81b">
         <name>PORT6_IRQHandler</name>
         <value>0x4979</value>
      </symbol>
   </symbol_table>
   <title>Link successful</title>
</link_info>
