******************************************************************************
                  TI ARM Linker PC v18.1.2                     
******************************************************************************
>> Linked Fri May 31 12:54:30 2019

OUTPUT FILE NAME:   <Final.out>
ENTRY POINT SYMBOL: "_c_int00_noargs"  address: 00005191


MEMORY CONFIGURATION

         name            origin    length      used     unused   attr    fill
----------------------  --------  ---------  --------  --------  ----  --------
  MAIN                  00000000   00040000  000062e6  00039d1a  R  X
  INFO                  00200000   00004000  00000000  00004000  R  X
  SRAM_CODE             01000000   00010000  00000668  0000f998  RW X
  SRAM_DATA             20000000   00010000  00000668  0000f998  RW  


SEGMENT ALLOCATION MAP

run origin  load origin   length   init length attrs members
----------  ----------- ---------- ----------- ----- -------
00000000    00000000    000062e8   000062e8    r-x
  00000000    00000000    000000e4   000000e4    r-- .intvecs
  000000e4    000000e4    000051d8   000051d8    r-x .text
  000052bc    000052bc    00000fba   00000fba    r-- .const
  00006278    00006278    00000070   00000070    r-- .cinit
20000000    20000000    0000046a   00000000    rw-
  20000000    20000000    00000412   00000000    rw- .bss
  20000414    20000414    00000056   00000000    rw- .data
2000fe00    2000fe00    00000200   00000000    rw-
  2000fe00    2000fe00    00000200   00000000    rw- .stack


SECTION ALLOCATION MAP

 output                                  attributes/
section   page    origin      length       input sections
--------  ----  ----------  ----------   ----------------
.intvecs   0    00000000    000000e4     
                  00000000    000000e4     startup_msp432p401r_ccs.obj (.intvecs:retain)

.text      0    000000e4    000051d8     
                  000000e4    0000104c     lib_PAE2.lib : graphics.obj (.text)
                  00001130    00000e58     Practica_04 PAE_Alumnes.obj (.text)
                  00001f88    00000a5e     rtsv7M4_T_le_v4SPD16_eabi.lib : _printfi.c.obj (.text:__TI_printfi)
                  000029e6    00000002                                   : div0.asm.obj (.text)
                  000029e8    000008a8     lib_PAE2.lib : lcd.obj (.text)
                  00003290    000003b8     lib_UART.obj (.text)
                  00003648    00000380     lib_motor.obj (.text)
                  000039c8    00000334     system_msp432p401r.obj (.text)
                  00003cfc    00000270     rtsv7M4_T_le_v4SPD16_eabi.lib : _printfi.c.obj (.text:_pconv_a)
                  00003f6c    000001d0                                   : _printfi.c.obj (.text:_pconv_g)
                  0000413c    000001b6                                   : fd_add_t2.asm.obj (.text)
                  000042f2    00000002     --HOLE-- [fill = 0]
                  000042f4    00000188     lib_PAE2.lib : msp_LCD.obj (.text)
                  0000447c    0000013c     rtsv7M4_T_le_v4SPD16_eabi.lib : _printfi.c.obj (.text:_pconv_e)
                  000045b8    00000136                                   : fd_div_t2.asm.obj (.text)
                  000046ee    00000002     --HOLE-- [fill = 0]
                  000046f0    00000120                                   : _printfi.c.obj (.text:fcvt)
                  00004810    00000110                                   : s_scalbn.c.obj (.text:scalbn)
                  00004920    000000fc                                   : fd_mul_t2.asm.obj (.text)
                  00004a1c    000000b1                                   : _printfi.c.obj (.text:_ltostr)
                  00004acd    00000001     --HOLE-- [fill = 0]
                  00004ace    0000009c                                   : memcpy_t2.asm.obj (.text)
                  00004b6a    00000096                                   : ull_div_t2.asm.obj (.text)
                  00004c00    00000086                                   : fd_cmp_t2.asm.obj (.text:__aeabi_cdcmple)
                  00004c86    00000086                                   : fd_cmp_t2.asm.obj (.text:__aeabi_cdrcmple)
                  00004d0c    0000007a                                   : memset_t2.asm.obj (.text)
                  00004d86    00000002     --HOLE-- [fill = 0]
                  00004d88    00000078     lib_PAE2.lib : Inicializacion.obj (.text)
                  00004e00    0000006e     rtsv7M4_T_le_v4SPD16_eabi.lib : _printfi.c.obj (.text:_mcpy)
                  00004e6e    00000068                                   : copy_decompress_lzss.c.obj (.text:decompress:lzss:__TI_decompress_lzss)
                  00004ed6    00000002     --HOLE-- [fill = 0]
                  00004ed8    00000064                                   : s_frexp.c.obj (.text:frexp)
                  00004f3c    00000056                                   : _printfi.c.obj (.text:_pconv_f)
                  00004f92    00000054                                   : ltoa.c.obj (.text:ltoa)
                  00004fe6    00000052                                   : _printfi.c.obj (.text:_ecpy)
                  00005038    0000004c                                   : atoi.c.obj (.text:atoi)
                  00005084    00000048                                   : fd_toi_t2.asm.obj (.text)
                  000050cc    00000044                                   : autoinit.c.obj (.text:__TI_auto_init_nobinit_nopinit:__TI_auto_init_nobinit_nopinit)
                  00005110    00000040                                   : sprintf.c.obj (.text:sprintf)
                  00005150    0000003e                                   : _printfi.c.obj (.text:_fcpy)
                  0000518e    00000002     --HOLE-- [fill = 0]
                  00005190    00000038                                   : boot_cortex_m.c.obj (.text:_c_int00_noargs:_c_int00_noargs)
                  000051c8    0000002e                                   : i_tofd_t2.asm.obj (.text)
                  000051f6    0000001c                                   : memccpy.c.obj (.text:memccpy)
                  00005212    00000018                                   : sprintf.c.obj (.text:_outs)
                  0000522a    00000016                                   : strchr.c.obj (.text:strchr)
                  00005240    00000014                                   : s_copysign.c.obj (.text:copysign)
                  00005254    00000014                                   : strlen.c.obj (.text:strlen)
                  00005268    00000012                                   : wcslen.c.obj (.text:wcslen)
                  0000527a    0000000e                                   : copy_decompress_none.c.obj (.text:decompress:none:__TI_decompress_none)
                  00005288    0000000e     startup_msp432p401r_ccs.obj (.text)
                  00005296    0000000c     rtsv7M4_T_le_v4SPD16_eabi.lib : copy_zero_init.c.obj (.text:decompress:ZI:__TI_zero_init)
                  000052a2    0000000a                                   : sprintf.c.obj (.text:_outc)
                  000052ac    00000008                                   : errno.c.obj (.text:__aeabi_errno_addr)
                  000052b4    00000004                                   : pre_init.c.obj (.text:_system_pre_init)
                  000052b8    00000004                                   : exit.c.obj (.text:abort:abort)

.const     0    000052bc    00000fba     
                  000052bc    0000082a     lib_PAE2.lib : graphics.obj (.const:font_11x16)
                  00005ae6    00000474                  : graphics.obj (.const:font_8x12)
                  00005f5a    000001e0                  : graphics.obj (.const:font_5x7)
                  0000613a    00000101     rtsv7M4_T_le_v4SPD16_eabi.lib : ctype.c.obj (.const:.string:_ctypes_)
                  0000623b    00000010     lib_PAE2.lib : lcd.obj (.const:.string:$P$T0$1)
                  0000624b    00000010                  : lcd.obj (.const:.string:$P$T1$2)
                  0000625b    00000003     lib_motor.obj (.const:.string:$P$T0$1)
                  0000625e    00000003     lib_motor.obj (.const:.string:$P$T1$2)
                  00006261    00000003     lib_motor.obj (.const:.string:$P$T2$3)
                  00006264    00000003     lib_motor.obj (.const:.string:$P$T3$4)
                  00006267    00000003     lib_motor.obj (.const:.string:$P$T4$5)
                  0000626a    00000003     lib_motor.obj (.const:.string:$P$T5$6)
                  0000626d    00000003     lib_motor.obj (.const:.string:$P$T6$7)
                  00006270    00000002     lib_motor.obj (.const:.string:$P$T7$8)
                  00006272    00000002     lib_motor.obj (.const:.string:$P$T8$9)
                  00006274    00000002     lib_motor.obj (.const:.string:$P$T9$10)

.cinit     0    00006278    00000070     
                  00006278    00000045     (.cinit..data.load) [load image, compression = lzss]
                  000062bd    00000003     --HOLE-- [fill = 0]
                  000062c0    0000000c     (__TI_handler_table)
                  000062cc    00000004     --HOLE-- [fill = 0]
                  000062d0    00000008     (.cinit..bss.load) [load image, compression = zero_init]
                  000062d8    00000010     (__TI_cinit_table)

.init_array 
*          0    00000000    00000000     UNINITIALIZED

.binit     0    00000000    00000000     

.bss       0    20000000    00000412     UNINITIALIZED
                  20000000    00000400     lib_PAE2.lib : graphics.obj (.bss:g_pulConvertedPalette)
                  20000400    00000010     (.common:cadena)
                  20000410    00000002     (.common:count_ms)

.data      0    20000414    00000056     UNINITIALIZED
                  20000414    00000018     Practica_04 PAE_Alumnes.obj (.data)
                  2000042c    00000010     lib_UART.obj (.data:borrado)
                  2000043c    00000010     Practica_04 PAE_Alumnes.obj (.data:saludo)
                  2000044c    0000000a     lib_PAE2.lib : lcd.obj (.data)
                  20000456    00000005     lib_UART.obj (.data)
                  2000045b    00000004     lib_PAE2.lib : graphics.obj (.data)
                  2000045f    00000001     --HOLE--
                  20000460    00000004     rtsv7M4_T_le_v4SPD16_eabi.lib : errno.c.obj (.data)
                  20000464    00000004     system_msp432p401r.obj (.data)
                  20000468    00000002     lib_motor.obj (.data)

.stack     0    2000fe00    00000200     UNINITIALIZED
                  2000fe00    00000004     rtsv7M4_T_le_v4SPD16_eabi.lib : boot_cortex_m.c.obj (.stack)
                  2000fe04    000001fc     --HOLE--

MODULE SUMMARY

       Module                        code    ro data   rw data
       ------                        ----    -------   -------
    .\
       Practica_04 PAE_Alumnes.obj   3672    0         112    
       lib_UART.obj                  952     0         46     
       lib_motor.obj                 896     27        4      
       system_msp432p401r.obj        820     0         8      
       startup_msp432p401r_ccs.obj   14      228       0      
    +--+-----------------------------+-------+---------+---------+
       Total:                        6354    255       170    
                                                              
    ../lib_PAE2.lib
       graphics.obj                  4172    3710      2056   
       lcd.obj                       2216    32        20     
       msp_LCD.obj                   392     0         0      
       Inicializacion.obj            120     0         0      
    +--+-----------------------------+-------+---------+---------+
       Total:                        6900    3742      2076   
                                                              
    C:\ti\ccsv8\tools\compiler\ti-cgt-arm_18.1.2.LTS\lib\rtsv7M4_T_le_v4SPD16_eabi.lib
       _printfi.c.obj                4863    0         0      
       fd_add_t2.asm.obj             438     0         0      
       fd_div_t2.asm.obj             310     0         0      
       s_scalbn.c.obj                272     0         0      
       fd_cmp_t2.asm.obj             268     0         0      
       ctype.c.obj                   0       257       0      
       fd_mul_t2.asm.obj             252     0         0      
       memcpy_t2.asm.obj             156     0         0      
       ull_div_t2.asm.obj            150     0         0      
       memset_t2.asm.obj             122     0         0      
       copy_decompress_lzss.c.obj    104     0         0      
       s_frexp.c.obj                 100     0         0      
       sprintf.c.obj                 98      0         0      
       ltoa.c.obj                    84      0         0      
       atoi.c.obj                    76      0         0      
       fd_toi_t2.asm.obj             72      0         0      
       autoinit.c.obj                68      0         0      
       boot_cortex_m.c.obj           56      0         0      
       i_tofd_t2.asm.obj             46      0         0      
       memccpy.c.obj                 28      0         0      
       strchr.c.obj                  22      0         0      
       s_copysign.c.obj              20      0         0      
       strlen.c.obj                  20      0         0      
       wcslen.c.obj                  18      0         0      
       errno.c.obj                   8       0         8      
       copy_decompress_none.c.obj    14      0         0      
       copy_zero_init.c.obj          12      0         0      
       exit.c.obj                    4       0         0      
       pre_init.c.obj                4       0         0      
       div0.asm.obj                  2       0         0      
    +--+-----------------------------+-------+---------+---------+
       Total:                        7687    257       8      
                                                              
       Stack:                        0       0         1024   
       Linker Generated:             0       105       0      
    +--+-----------------------------+-------+---------+---------+
       Grand Total:                  20941   4359      3278   


LINKER GENERATED COPY TABLES

__TI_cinit_table @ 000062d8 records: 2, size/record: 8, table size: 16
	.data: load addr=00006278, load size=00000045 bytes, run addr=20000414, run size=00000056 bytes, compression=lzss
	.bss: load addr=000062d0, load size=00000008 bytes, run addr=20000000, run size=00000412 bytes, compression=zero_init


LINKER GENERATED HANDLER TABLE

__TI_handler_table @ 000062c0 records: 3, size/record: 4, table size: 12
	index: 0, handler: __TI_decompress_lzss
	index: 1, handler: __TI_decompress_none
	index: 2, handler: __TI_zero_init


GLOBAL SYMBOLS: SORTED ALPHABETICALLY BY Name 

address   name                          
-------   ----                          
00005295  ADC14_IRQHandler              
00005295  AES256_IRQHandler             
00003321  Activa_TimerA1_TimeOut        
0000332d  Apaga_TimerA1_TimeOut         
00005295  BusFault_Handler              
2000045a  Byte_Recibido                 
000052b9  C$$EXIT                       
00005295  COMP_E0_IRQHandler            
00005295  COMP_E1_IRQHandler            
00005295  CS_IRQHandler                 
2000044e  Color_Fondo                   
20000452  Color_Fondo_Inv               
20000450  Color_Texto                   
20000454  Color_Texto_Inv               
00005295  DMA_ERR_IRQHandler            
00005295  DMA_INT0_IRQHandler           
00005295  DMA_INT1_IRQHandler           
00005295  DMA_INT2_IRQHandler           
00005295  DMA_INT3_IRQHandler           
20000456  DatoLeido_UART                
00005295  DebugMon_Handler              
00005295  Default_Handler               
00005295  EUSCIA0_IRQHandler            
00005295  EUSCIA1_IRQHandler            
00003595  EUSCIA2_IRQHandler            
00003595  EUSCIA2_IRQHandler            
00005295  EUSCIA3_IRQHandler            
00005295  EUSCIB0_IRQHandler            
00005295  EUSCIB1_IRQHandler            
00005295  EUSCIB2_IRQHandler            
00005295  EUSCIB3_IRQHandler            
00005295  FLCTL_IRQHandler              
00005295  FPU_IRQHandler                
2000044d  Fuente                        
00005295  HardFault_Handler             
00005295  MemManage_Handler             
00005295  NMI_Handler                   
00005295  PCM_IRQHandler                
00005295  PORT1_IRQHandler              
00005295  PORT2_IRQHandler              
0000138d  PORT3_IRQHandler              
0000138d  PORT3_IRQHandler              
000013f3  PORT4_IRQHandler              
000013f3  PORT4_IRQHandler              
00001447  PORT5_IRQHandler              
00001447  PORT5_IRQHandler              
00005295  PORT6_IRQHandler              
00005295  PSS_IRQHandler                
00005295  PendSV_Handler                
00005295  RTC_C_IRQHandler              
00005289  Reset_Handler                 
00003433  RxPacket                      
00005295  SVC_Handler                   
00005295  SysTick_Handler               
20000464  SystemCoreClock               
000039c9  SystemCoreClockUpdate         
00003c41  SystemInit                    
00005295  T32_INT1_IRQHandler           
00005295  T32_INT2_IRQHandler           
00005295  T32_INTC_IRQHandler           
000035bb  TA0_0_IRQHandler              
000035bb  TA0_0_IRQHandler              
00005295  TA0_N_IRQHandler              
000035e3  TA1_0_IRQHandler              
000035e3  TA1_0_IRQHandler              
00005295  TA1_N_IRQHandler              
00005295  TA2_0_IRQHandler              
00005295  TA2_N_IRQHandler              
00005295  TA3_0_IRQHandler              
00005295  TA3_N_IRQHandler              
00003303  TimeOut_check                 
00003335  TxPacket                      
000032df  TxUAC2                        
00005295  UsageFault_Handler            
4000480c  WDTCTL_SYM                    
00005295  WDT_A_IRQHandler              
20010000  __STACK_END                   
00000200  __STACK_SIZE                  
000062d8  __TI_CINIT_Base               
000062e8  __TI_CINIT_Limit              
000062c0  __TI_Handler_Table_Base       
000062cc  __TI_Handler_Table_Limit      
000050cd  __TI_auto_init_nobinit_nopinit
00004e6f  __TI_decompress_lzss          
0000527b  __TI_decompress_none          
ffffffff  __TI_pprof_out_hndl           
00001f89  __TI_printfi                  
ffffffff  __TI_prof_data_size           
ffffffff  __TI_prof_data_start          
00000000  __TI_static_base__            
00005297  __TI_zero_init                
00004c01  __aeabi_cdcmpeq               
00004c01  __aeabi_cdcmple               
00004c87  __aeabi_cdrcmple              
00005085  __aeabi_d2iz                  
00004147  __aeabi_dadd                  
000045b9  __aeabi_ddiv                  
00004921  __aeabi_dmul                  
0000413d  __aeabi_dsub                  
000052ad  __aeabi_errno_addr            
000051c9  __aeabi_i2d                   
000029e7  __aeabi_idiv0                 
000029e7  __aeabi_ldiv0                 
00004d0d  __aeabi_memclr                
00004d0d  __aeabi_memclr4               
00004d0d  __aeabi_memclr8               
00004acf  __aeabi_memcpy                
00004acf  __aeabi_memcpy4               
00004acf  __aeabi_memcpy8               
00004d0f  __aeabi_memset                
00004d0f  __aeabi_memset4               
00004d0f  __aeabi_memset8               
00004b6b  __aeabi_uldivmod              
ffffffff  __binit__                     
ffffffff  __c_args__                    
UNDEFED   __mpu_init                    
2000fe00  __stack                       
00005191  _c_int00_noargs               
0000613a  _ctypes_                      
2000044c  _orientation                  
UNDEFED   _system_post_cinit            
000052b5  _system_pre_init              
000052b9  abort                         
20000421  action                        
00005039  atoi                          
2000045e  bgColorHighByte               
2000045d  bgColorLowByte                
ffffffff  binit                         
2000042c  borrado                       
0000329d  borrar                        
00001b4f  borrar_lineas                 
00001a1d  borrar_menu                   
00001b9b  borrar_sensores               
00001b1b  borrar_sub_menu               
20000400  cadena                        
20000422  calibra                       
2000042b  calibrar                      
00002e19  cambiar_orientacion           
20000423  center_sensor                 
000038cf  change_detection_center       
0000168d  changed                       
00000121  clearScreen                   
000001af  clearScreenBkg                
2000045c  colorHighByte                 
2000045b  colorLowByte                  
00005241  copysign                      
00005241  copysignl                     
20000410  count_ms                      
20000459  count_timeout                 
000037d5  decrease_speed                
00004419  delay                         
00003567  delay_t                       
2000041e  detected                      
2000041d  direccio_LED                  
00000521  drawCharLg                    
000005c9  drawCharLgBkg                 
000006ad  drawCharMd                    
0000075b  drawCharMdBkg                 
000003a1  drawCharSm                    
00000447  drawCharSmBkg                 
00000d9b  drawCircle                    
000008bd  drawImage                     
000008d5  drawImageLut                  
000009e3  drawImageMono                 
00000b41  drawLine                      
00000a01  drawLogicLine                 
00000237  drawPixel                     
00000d37  drawRect                      
00000267  drawString                    
00001509  drift                         
2000041f  encontrar_pared               
20000460  errno                         
000032b1  escribir                      
20000415  estado                        
20000416  estado_anterior               
00000fb9  fillCircle                    
00000f1b  fillRect                      
00001739  follow_left                   
00001841  follow_right                  
000052bc  font_11x16                    
00005f5a  font_5x7                      
00005ae6  font_8x12                     
00004ed9  frexp                         
00004ed9  frexpl                        
00002a93  getAltura                     
00002a41  getColumna                    
000029ef  getLinea                      
000029e9  getOrientacion                
00002aef  getScreenHeight               
00002ad9  getScreenWidth                
00002fa9  halLcdClearLine               
00002e47  halLcdClearScreen             
00002e6b  halLcdClearScreenBkg          
0000311d  halLcdDrawCircle              
00003225  halLcdDrawImageLut            
00003071  halLcdDrawLine                
0000301f  halLcdDrawPixel               
000030c5  halLcdDrawRect                
000031c9  halLcdFillCircle              
0000316d  halLcdFillRect                
00002e3b  halLcdInit                    
00002e8b  halLcdPrintLine               
00002f0b  halLcdPrintLineCol            
000037c1  increase_speed                
00002c65  initLCD                       
00003291  init_LCD                      
0000126f  init_botons                   
000011d5  init_clock                    
00001131  init_interrupciones           
000042f5  init_spi_lcd_tactil           
000011ad  init_timer                    
000011fd  init_uart                     
00004d89  init_ucs_16MHz                
00004dc1  init_ucs_24MHz                
00000000  interruptVectors              
00004811  ldexp                         
00004811  ldexpl                        
20000424  left_sensor                   
20000414  linea                         
00004f93  ltoa                          
00001c1d  main                          
000051f7  memccpy                       
00004acf  memcpy                        
00004d15  memset                        
20000420  menu                          
0000197f  menu_principal                
20000426  min_center_sensor             
20000427  min_left_sensor               
20000428  min_right_sensor              
000036b7  move_backward                 
00003649  move_forward                  
00003725  move_left                     
00003775  move_right                    
00001621  move_to                       
20000458  no                            
00003919  obstacle_detected             
20000429  option                        
2000042a  option_sub                    
00003883  print_distance                
00003821  print_distance_sensor         
00003951  print_obstacle                
000038e7  read_sensors                  
20000418  retraso                       
20000425  right_sensor                  
2000043c  saludo                        
00004811  scalbn                        
00004811  scalbnl                       
000032c7  sentit_dades_rx               
000032d3  sentit_dades_tx               
00002b05  setArea                       
00000103  setBackgroundColor            
000000e5  setColor                      
00002dab  setOrientation                
00001943  set_distance_center           
00001957  set_distance_left             
0000196b  set_distance_right            
20000457  si                            
00005111  sprintf                       
000037e7  stop                          
0000522b  strchr                        
00005255  strlen                        
00001a51  sub_menu                      
000032fb  timeOut_Reset                 
20000468  velocidad                     
2000041c  velocitat                     
00005269  wcslen                        
000043f3  writeCommand                  
000043cd  writeData                     


GLOBAL SYMBOLS: SORTED BY Symbol Address 

address   name                          
-------   ----                          
00000000  __TI_static_base__            
00000000  interruptVectors              
000000e5  setColor                      
00000103  setBackgroundColor            
00000121  clearScreen                   
000001af  clearScreenBkg                
00000200  __STACK_SIZE                  
00000237  drawPixel                     
00000267  drawString                    
000003a1  drawCharSm                    
00000447  drawCharSmBkg                 
00000521  drawCharLg                    
000005c9  drawCharLgBkg                 
000006ad  drawCharMd                    
0000075b  drawCharMdBkg                 
000008bd  drawImage                     
000008d5  drawImageLut                  
000009e3  drawImageMono                 
00000a01  drawLogicLine                 
00000b41  drawLine                      
00000d37  drawRect                      
00000d9b  drawCircle                    
00000f1b  fillRect                      
00000fb9  fillCircle                    
00001131  init_interrupciones           
000011ad  init_timer                    
000011d5  init_clock                    
000011fd  init_uart                     
0000126f  init_botons                   
0000138d  PORT3_IRQHandler              
0000138d  PORT3_IRQHandler              
000013f3  PORT4_IRQHandler              
000013f3  PORT4_IRQHandler              
00001447  PORT5_IRQHandler              
00001447  PORT5_IRQHandler              
00001509  drift                         
00001621  move_to                       
0000168d  changed                       
00001739  follow_left                   
00001841  follow_right                  
00001943  set_distance_center           
00001957  set_distance_left             
0000196b  set_distance_right            
0000197f  menu_principal                
00001a1d  borrar_menu                   
00001a51  sub_menu                      
00001b1b  borrar_sub_menu               
00001b4f  borrar_lineas                 
00001b9b  borrar_sensores               
00001c1d  main                          
00001f89  __TI_printfi                  
000029e7  __aeabi_idiv0                 
000029e7  __aeabi_ldiv0                 
000029e9  getOrientacion                
000029ef  getLinea                      
00002a41  getColumna                    
00002a93  getAltura                     
00002ad9  getScreenWidth                
00002aef  getScreenHeight               
00002b05  setArea                       
00002c65  initLCD                       
00002dab  setOrientation                
00002e19  cambiar_orientacion           
00002e3b  halLcdInit                    
00002e47  halLcdClearScreen             
00002e6b  halLcdClearScreenBkg          
00002e8b  halLcdPrintLine               
00002f0b  halLcdPrintLineCol            
00002fa9  halLcdClearLine               
0000301f  halLcdDrawPixel               
00003071  halLcdDrawLine                
000030c5  halLcdDrawRect                
0000311d  halLcdDrawCircle              
0000316d  halLcdFillRect                
000031c9  halLcdFillCircle              
00003225  halLcdDrawImageLut            
00003291  init_LCD                      
0000329d  borrar                        
000032b1  escribir                      
000032c7  sentit_dades_rx               
000032d3  sentit_dades_tx               
000032df  TxUAC2                        
000032fb  timeOut_Reset                 
00003303  TimeOut_check                 
00003321  Activa_TimerA1_TimeOut        
0000332d  Apaga_TimerA1_TimeOut         
00003335  TxPacket                      
00003433  RxPacket                      
00003567  delay_t                       
00003595  EUSCIA2_IRQHandler            
00003595  EUSCIA2_IRQHandler            
000035bb  TA0_0_IRQHandler              
000035bb  TA0_0_IRQHandler              
000035e3  TA1_0_IRQHandler              
000035e3  TA1_0_IRQHandler              
00003649  move_forward                  
000036b7  move_backward                 
00003725  move_left                     
00003775  move_right                    
000037c1  increase_speed                
000037d5  decrease_speed                
000037e7  stop                          
00003821  print_distance_sensor         
00003883  print_distance                
000038cf  change_detection_center       
000038e7  read_sensors                  
00003919  obstacle_detected             
00003951  print_obstacle                
000039c9  SystemCoreClockUpdate         
00003c41  SystemInit                    
0000413d  __aeabi_dsub                  
00004147  __aeabi_dadd                  
000042f5  init_spi_lcd_tactil           
000043cd  writeData                     
000043f3  writeCommand                  
00004419  delay                         
000045b9  __aeabi_ddiv                  
00004811  ldexp                         
00004811  ldexpl                        
00004811  scalbn                        
00004811  scalbnl                       
00004921  __aeabi_dmul                  
00004acf  __aeabi_memcpy                
00004acf  __aeabi_memcpy4               
00004acf  __aeabi_memcpy8               
00004acf  memcpy                        
00004b6b  __aeabi_uldivmod              
00004c01  __aeabi_cdcmpeq               
00004c01  __aeabi_cdcmple               
00004c87  __aeabi_cdrcmple              
00004d0d  __aeabi_memclr                
00004d0d  __aeabi_memclr4               
00004d0d  __aeabi_memclr8               
00004d0f  __aeabi_memset                
00004d0f  __aeabi_memset4               
00004d0f  __aeabi_memset8               
00004d15  memset                        
00004d89  init_ucs_16MHz                
00004dc1  init_ucs_24MHz                
00004e6f  __TI_decompress_lzss          
00004ed9  frexp                         
00004ed9  frexpl                        
00004f93  ltoa                          
00005039  atoi                          
00005085  __aeabi_d2iz                  
000050cd  __TI_auto_init_nobinit_nopinit
00005111  sprintf                       
00005191  _c_int00_noargs               
000051c9  __aeabi_i2d                   
000051f7  memccpy                       
0000522b  strchr                        
00005241  copysign                      
00005241  copysignl                     
00005255  strlen                        
00005269  wcslen                        
0000527b  __TI_decompress_none          
00005289  Reset_Handler                 
00005295  ADC14_IRQHandler              
00005295  AES256_IRQHandler             
00005295  BusFault_Handler              
00005295  COMP_E0_IRQHandler            
00005295  COMP_E1_IRQHandler            
00005295  CS_IRQHandler                 
00005295  DMA_ERR_IRQHandler            
00005295  DMA_INT0_IRQHandler           
00005295  DMA_INT1_IRQHandler           
00005295  DMA_INT2_IRQHandler           
00005295  DMA_INT3_IRQHandler           
00005295  DebugMon_Handler              
00005295  Default_Handler               
00005295  EUSCIA0_IRQHandler            
00005295  EUSCIA1_IRQHandler            
00005295  EUSCIA3_IRQHandler            
00005295  EUSCIB0_IRQHandler            
00005295  EUSCIB1_IRQHandler            
00005295  EUSCIB2_IRQHandler            
00005295  EUSCIB3_IRQHandler            
00005295  FLCTL_IRQHandler              
00005295  FPU_IRQHandler                
00005295  HardFault_Handler             
00005295  MemManage_Handler             
00005295  NMI_Handler                   
00005295  PCM_IRQHandler                
00005295  PORT1_IRQHandler              
00005295  PORT2_IRQHandler              
00005295  PORT6_IRQHandler              
00005295  PSS_IRQHandler                
00005295  PendSV_Handler                
00005295  RTC_C_IRQHandler              
00005295  SVC_Handler                   
00005295  SysTick_Handler               
00005295  T32_INT1_IRQHandler           
00005295  T32_INT2_IRQHandler           
00005295  T32_INTC_IRQHandler           
00005295  TA0_N_IRQHandler              
00005295  TA1_N_IRQHandler              
00005295  TA2_0_IRQHandler              
00005295  TA2_N_IRQHandler              
00005295  TA3_0_IRQHandler              
00005295  TA3_N_IRQHandler              
00005295  UsageFault_Handler            
00005295  WDT_A_IRQHandler              
00005297  __TI_zero_init                
000052ad  __aeabi_errno_addr            
000052b5  _system_pre_init              
000052b9  C$$EXIT                       
000052b9  abort                         
000052bc  font_11x16                    
00005ae6  font_8x12                     
00005f5a  font_5x7                      
0000613a  _ctypes_                      
000062c0  __TI_Handler_Table_Base       
000062cc  __TI_Handler_Table_Limit      
000062d8  __TI_CINIT_Base               
000062e8  __TI_CINIT_Limit              
20000400  cadena                        
20000410  count_ms                      
20000414  linea                         
20000415  estado                        
20000416  estado_anterior               
20000418  retraso                       
2000041c  velocitat                     
2000041d  direccio_LED                  
2000041e  detected                      
2000041f  encontrar_pared               
20000420  menu                          
20000421  action                        
20000422  calibra                       
20000423  center_sensor                 
20000424  left_sensor                   
20000425  right_sensor                  
20000426  min_center_sensor             
20000427  min_left_sensor               
20000428  min_right_sensor              
20000429  option                        
2000042a  option_sub                    
2000042b  calibrar                      
2000042c  borrado                       
2000043c  saludo                        
2000044c  _orientation                  
2000044d  Fuente                        
2000044e  Color_Fondo                   
20000450  Color_Texto                   
20000452  Color_Fondo_Inv               
20000454  Color_Texto_Inv               
20000456  DatoLeido_UART                
20000457  si                            
20000458  no                            
20000459  count_timeout                 
2000045a  Byte_Recibido                 
2000045b  colorLowByte                  
2000045c  colorHighByte                 
2000045d  bgColorLowByte                
2000045e  bgColorHighByte               
20000460  errno                         
20000464  SystemCoreClock               
20000468  velocidad                     
2000fe00  __stack                       
20010000  __STACK_END                   
4000480c  WDTCTL_SYM                    
ffffffff  __TI_pprof_out_hndl           
ffffffff  __TI_prof_data_size           
ffffffff  __TI_prof_data_start          
ffffffff  __binit__                     
ffffffff  __c_args__                    
ffffffff  binit                         
UNDEFED   __mpu_init                    
UNDEFED   _system_post_cinit            

[268 symbols]
