******************************************************************************
                  TI ARM Linker PC v18.1.2                     
******************************************************************************
>> Linked Thu Apr  4 10:50:38 2019

OUTPUT FILE NAME:   <prueba.out>
ENTRY POINT SYMBOL: "_c_int00_noargs"  address: 000048ad


MEMORY CONFIGURATION

         name            origin    length      used     unused   attr    fill
----------------------  --------  ---------  --------  --------  ----  --------
  MAIN                  00000000   00040000  000059df  0003a621  R  X
  INFO                  00200000   00004000  00000000  00004000  R  X
  SRAM_CODE             01000000   00010000  00000670  0000f990  RW X
  SRAM_DATA             20000000   00010000  00000670  0000f990  RW  


SEGMENT ALLOCATION MAP

run origin  load origin   length   init length attrs members
----------  ----------- ---------- ----------- ----- -------
00000000    00000000    000059e0   000059e0    r-x
  00000000    00000000    000000e4   000000e4    r-- .intvecs
  000000e4    000000e4    000048f4   000048f4    r-x .text
  000049d8    000049d8    00000f9f   00000f9f    r-- .const
  00005978    00005978    00000068   00000068    r-- .cinit
20000000    20000000    00000470   00000000    rw-
  20000000    20000000    00000424   00000000    rw- .bss
  20000424    20000424    0000004c   00000000    rw- .data
2000fe00    2000fe00    00000200   00000000    rw-
  2000fe00    2000fe00    00000200   00000000    rw- .stack


SECTION ALLOCATION MAP

 output                                  attributes/
section   page    origin      length       input sections
--------  ----  ----------  ----------   ----------------
.intvecs   0    00000000    000000e4     
                  00000000    000000e4     startup_msp432p401r_ccs.obj (.intvecs:retain)

.text      0    000000e4    000048f4     
                  000000e4    0000104c     lib_PAE2.lib : graphics.obj (.text)
                  00001130    00000cac     Practica_03 PAE_Alumnes.obj (.text)
                  00001ddc    00000a5e     rtsv7M4_T_le_v4SPD16_eabi.lib : _printfi.c.obj (.text:__TI_printfi)
                  0000283a    00000002                                   : div0.asm.obj (.text)
                  0000283c    000008a8     lib_PAE2.lib : lcd.obj (.text)
                  000030e4    00000334     system_msp432p401r.obj (.text)
                  00003418    00000270     rtsv7M4_T_le_v4SPD16_eabi.lib : _printfi.c.obj (.text:_pconv_a)
                  00003688    000001d0                                   : _printfi.c.obj (.text:_pconv_g)
                  00003858    000001b6                                   : fd_add_t2.asm.obj (.text)
                  00003a0e    00000002     --HOLE-- [fill = 0]
                  00003a10    00000188     lib_PAE2.lib : msp_LCD.obj (.text)
                  00003b98    0000013c     rtsv7M4_T_le_v4SPD16_eabi.lib : _printfi.c.obj (.text:_pconv_e)
                  00003cd4    00000136                                   : fd_div_t2.asm.obj (.text)
                  00003e0a    00000002     --HOLE-- [fill = 0]
                  00003e0c    00000120                                   : _printfi.c.obj (.text:fcvt)
                  00003f2c    00000110                                   : s_scalbn.c.obj (.text:scalbn)
                  0000403c    000000fc                                   : fd_mul_t2.asm.obj (.text)
                  00004138    000000b1                                   : _printfi.c.obj (.text:_ltostr)
                  000041e9    00000001     --HOLE-- [fill = 0]
                  000041ea    0000009c                                   : memcpy_t2.asm.obj (.text)
                  00004286    00000096                                   : ull_div_t2.asm.obj (.text)
                  0000431c    00000086                                   : fd_cmp_t2.asm.obj (.text:__aeabi_cdcmple)
                  000043a2    00000086                                   : fd_cmp_t2.asm.obj (.text:__aeabi_cdrcmple)
                  00004428    0000007a                                   : memset_t2.asm.obj (.text)
                  000044a2    00000002     --HOLE-- [fill = 0]
                  000044a4    00000078     lib_PAE2.lib : Inicializacion.obj (.text)
                  0000451c    0000006e     rtsv7M4_T_le_v4SPD16_eabi.lib : _printfi.c.obj (.text:_mcpy)
                  0000458a    00000068                                   : copy_decompress_lzss.c.obj (.text:decompress:lzss:__TI_decompress_lzss)
                  000045f2    00000002     --HOLE-- [fill = 0]
                  000045f4    00000064                                   : s_frexp.c.obj (.text:frexp)
                  00004658    00000056                                   : _printfi.c.obj (.text:_pconv_f)
                  000046ae    00000054                                   : ltoa.c.obj (.text:ltoa)
                  00004702    00000052                                   : _printfi.c.obj (.text:_ecpy)
                  00004754    0000004c                                   : atoi.c.obj (.text:atoi)
                  000047a0    00000048                                   : fd_toi_t2.asm.obj (.text)
                  000047e8    00000044                                   : autoinit.c.obj (.text:__TI_auto_init_nobinit_nopinit:__TI_auto_init_nobinit_nopinit)
                  0000482c    00000040                                   : sprintf.c.obj (.text:sprintf)
                  0000486c    0000003e                                   : _printfi.c.obj (.text:_fcpy)
                  000048aa    00000002     --HOLE-- [fill = 0]
                  000048ac    00000038                                   : boot_cortex_m.c.obj (.text:_c_int00_noargs:_c_int00_noargs)
                  000048e4    0000002e                                   : i_tofd_t2.asm.obj (.text)
                  00004912    0000001c                                   : memccpy.c.obj (.text:memccpy)
                  0000492e    00000018                                   : sprintf.c.obj (.text:_outs)
                  00004946    00000016                                   : strchr.c.obj (.text:strchr)
                  0000495c    00000014                                   : s_copysign.c.obj (.text:copysign)
                  00004970    00000014                                   : strlen.c.obj (.text:strlen)
                  00004984    00000012                                   : wcslen.c.obj (.text:wcslen)
                  00004996    0000000e                                   : copy_decompress_none.c.obj (.text:decompress:none:__TI_decompress_none)
                  000049a4    0000000e     startup_msp432p401r_ccs.obj (.text)
                  000049b2    0000000c     rtsv7M4_T_le_v4SPD16_eabi.lib : copy_zero_init.c.obj (.text:decompress:ZI:__TI_zero_init)
                  000049be    0000000a                                   : sprintf.c.obj (.text:_outc)
                  000049c8    00000008                                   : errno.c.obj (.text:__aeabi_errno_addr)
                  000049d0    00000004                                   : pre_init.c.obj (.text:_system_pre_init)
                  000049d4    00000004                                   : exit.c.obj (.text:abort:abort)

.const     0    000049d8    00000f9f     
                  000049d8    0000082a     lib_PAE2.lib : graphics.obj (.const:font_11x16)
                  00005202    00000474                  : graphics.obj (.const:font_8x12)
                  00005676    000001e0                  : graphics.obj (.const:font_5x7)
                  00005856    00000101     rtsv7M4_T_le_v4SPD16_eabi.lib : ctype.c.obj (.const:.string:_ctypes_)
                  00005957    00000010     lib_PAE2.lib : lcd.obj (.const:.string:$P$T0$1)
                  00005967    00000010                  : lcd.obj (.const:.string:$P$T1$2)

.cinit     0    00005978    00000068     
                  00005978    0000003d     (.cinit..data.load) [load image, compression = lzss]
                  000059b5    00000003     --HOLE-- [fill = 0]
                  000059b8    0000000c     (__TI_handler_table)
                  000059c4    00000004     --HOLE-- [fill = 0]
                  000059c8    00000008     (.cinit..bss.load) [load image, compression = zero_init]
                  000059d0    00000010     (__TI_cinit_table)

.init_array 
*          0    00000000    00000000     UNINITIALIZED

.binit     0    00000000    00000000     

.bss       0    20000000    00000424     UNINITIALIZED
                  20000000    00000400     lib_PAE2.lib : graphics.obj (.bss:g_pulConvertedPalette)
                  20000400    00000010     (.common:Parametros)
                  20000410    00000010     (.common:cadena)
                  20000420    00000002     (.common:count_ms)
                  20000422    00000001     (.common:min)
                  20000423    00000001     (.common:seg)

.data      0    20000424    0000004c     UNINITIALIZED
                  20000424    00000016     Practica_03 PAE_Alumnes.obj (.data)
                  2000043a    00000010     Practica_03 PAE_Alumnes.obj (.data:borrado)
                  2000044a    00000010     Practica_03 PAE_Alumnes.obj (.data:saludo)
                  2000045a    0000000a     lib_PAE2.lib : lcd.obj (.data)
                  20000464    00000004                  : graphics.obj (.data)
                  20000468    00000004     rtsv7M4_T_le_v4SPD16_eabi.lib : errno.c.obj (.data)
                  2000046c    00000004     system_msp432p401r.obj (.data)

.stack     0    2000fe00    00000200     UNINITIALIZED
                  2000fe00    00000004     rtsv7M4_T_le_v4SPD16_eabi.lib : boot_cortex_m.c.obj (.stack)
                  2000fe04    000001fc     --HOLE--

MODULE SUMMARY

       Module                        code    ro data   rw data
       ------                        ----    -------   -------
    .\
       Practica_03 PAE_Alumnes.obj   3244    0         180    
       system_msp432p401r.obj        820     0         8      
       startup_msp432p401r_ccs.obj   14      228       0      
    +--+-----------------------------+-------+---------+---------+
       Total:                        4078    228       188    
                                                              
    ../lib_PAE2.lib
       graphics.obj                  4172    3710      2056   
       lcd.obj                       2216    32        20     
       msp_LCD.obj                   392     0         0      
       Inicializacion.obj            120     0         0      
    +--+-----------------------------+-------+---------+---------+
       Total:                        6900    3742      2076   
                                                              
    C:\ti\ccsv8\tools\compiler\ti-cgt-arm_18.1.2.LTS\lib\rtsv7M4_T_le_v4SPD16_eabi.lib
       _printfi.c.obj                4863    0         0      
       fd_add_t2.asm.obj             438     0         0      
       fd_div_t2.asm.obj             310     0         0      
       s_scalbn.c.obj                272     0         0      
       fd_cmp_t2.asm.obj             268     0         0      
       ctype.c.obj                   0       257       0      
       fd_mul_t2.asm.obj             252     0         0      
       memcpy_t2.asm.obj             156     0         0      
       ull_div_t2.asm.obj            150     0         0      
       memset_t2.asm.obj             122     0         0      
       copy_decompress_lzss.c.obj    104     0         0      
       s_frexp.c.obj                 100     0         0      
       sprintf.c.obj                 98      0         0      
       ltoa.c.obj                    84      0         0      
       atoi.c.obj                    76      0         0      
       fd_toi_t2.asm.obj             72      0         0      
       autoinit.c.obj                68      0         0      
       boot_cortex_m.c.obj           56      0         0      
       i_tofd_t2.asm.obj             46      0         0      
       memccpy.c.obj                 28      0         0      
       strchr.c.obj                  22      0         0      
       s_copysign.c.obj              20      0         0      
       strlen.c.obj                  20      0         0      
       wcslen.c.obj                  18      0         0      
       errno.c.obj                   8       0         8      
       copy_decompress_none.c.obj    14      0         0      
       copy_zero_init.c.obj          12      0         0      
       exit.c.obj                    4       0         0      
       pre_init.c.obj                4       0         0      
       div0.asm.obj                  2       0         0      
    +--+-----------------------------+-------+---------+---------+
       Total:                        7687    257       8      
                                                              
       Stack:                        0       0         1024   
       Linker Generated:             0       97        0      
    +--+-----------------------------+-------+---------+---------+
       Grand Total:                  18665   4324      3296   


LINKER GENERATED COPY TABLES

__TI_cinit_table @ 000059d0 records: 2, size/record: 8, table size: 16
	.data: load addr=00005978, load size=0000003d bytes, run addr=20000424, run size=0000004c bytes, compression=lzss
	.bss: load addr=000059c8, load size=00000008 bytes, run addr=20000000, run size=00000424 bytes, compression=zero_init


LINKER GENERATED HANDLER TABLE

__TI_handler_table @ 000059b8 records: 3, size/record: 4, table size: 12
	index: 0, handler: __TI_decompress_lzss
	index: 1, handler: __TI_decompress_none
	index: 2, handler: __TI_zero_init


GLOBAL SYMBOLS: SORTED ALPHABETICALLY BY Name 

address   name                          
-------   ----                          
000049b1  ADC14_IRQHandler              
000049b1  AES256_IRQHandler             
0000194d  ApagarRGB_Launchpad           
000049b1  BusFault_Handler              
20000439  Byte_Recibido                 
000049d5  C$$EXIT                       
000049b1  COMP_E0_IRQHandler            
000049b1  COMP_E1_IRQHandler            
000049b1  CS_IRQHandler                 
2000045c  Color_Fondo                   
20000460  Color_Fondo_Inv               
2000045e  Color_Texto                   
20000462  Color_Texto_Inv               
000049b1  DMA_ERR_IRQHandler            
000049b1  DMA_INT0_IRQHandler           
000049b1  DMA_INT1_IRQHandler           
000049b1  DMA_INT2_IRQHandler           
000049b1  DMA_INT3_IRQHandler           
20000438  DatoLeido_UART                
000049b1  DebugMon_Handler              
000049b1  Default_Handler               
000049b1  EUSCIA0_IRQHandler            
000049b1  EUSCIA1_IRQHandler            
00001755  EUSCIA2_IRQHandler            
00001755  EUSCIA2_IRQHandler            
000049b1  EUSCIA3_IRQHandler            
000049b1  EUSCIB0_IRQHandler            
000049b1  EUSCIB1_IRQHandler            
000049b1  EUSCIB2_IRQHandler            
000049b1  EUSCIB3_IRQHandler            
000049b1  FLCTL_IRQHandler              
000049b1  FPU_IRQHandler                
2000045b  Fuente                        
000049b1  HardFault_Handler             
000049b1  MemManage_Handler             
000049b1  NMI_Handler                   
000049b1  PCM_IRQHandler                
000049b1  PORT1_IRQHandler              
000049b1  PORT2_IRQHandler              
000015c5  PORT3_IRQHandler              
000015c5  PORT3_IRQHandler              
00001629  PORT4_IRQHandler              
00001629  PORT4_IRQHandler              
000016ad  PORT5_IRQHandler              
000016ad  PORT5_IRQHandler              
000049b1  PORT6_IRQHandler              
000049b1  PSS_IRQHandler                
20000400  Parametros                    
000049b1  PendSV_Handler                
000049b1  RTC_C_IRQHandler              
000049a5  Reset_Handler                 
000049b1  SVC_Handler                   
000049b1  SysTick_Handler               
2000046c  SystemCoreClock               
000030e5  SystemCoreClockUpdate         
0000335d  SystemInit                    
000049b1  T32_INT1_IRQHandler           
000049b1  T32_INT2_IRQHandler           
000049b1  T32_INTC_IRQHandler           
00001705  TA0_0_IRQHandler              
00001705  TA0_0_IRQHandler              
000049b1  TA0_N_IRQHandler              
0000172d  TA1_0_IRQHandler              
0000172d  TA1_0_IRQHandler              
000049b1  TA1_N_IRQHandler              
000049b1  TA2_0_IRQHandler              
000049b1  TA2_N_IRQHandler              
000049b1  TA3_0_IRQHandler              
000049b1  TA3_N_IRQHandler              
00001845  TxPacket                      
00001811  TxUAC2                        
000049b1  UsageFault_Handler            
4000480c  WDTCTL_SYM                    
000049b1  WDT_A_IRQHandler              
20010000  __STACK_END                   
00000200  __STACK_SIZE                  
000059d0  __TI_CINIT_Base               
000059e0  __TI_CINIT_Limit              
000059b8  __TI_Handler_Table_Base       
000059c4  __TI_Handler_Table_Limit      
000047e9  __TI_auto_init_nobinit_nopinit
0000458b  __TI_decompress_lzss          
00004997  __TI_decompress_none          
ffffffff  __TI_pprof_out_hndl           
00001ddd  __TI_printfi                  
ffffffff  __TI_prof_data_size           
ffffffff  __TI_prof_data_start          
00000000  __TI_static_base__            
000049b3  __TI_zero_init                
0000431d  __aeabi_cdcmpeq               
0000431d  __aeabi_cdcmple               
000043a3  __aeabi_cdrcmple              
000047a1  __aeabi_d2iz                  
00003863  __aeabi_dadd                  
00003cd5  __aeabi_ddiv                  
0000403d  __aeabi_dmul                  
00003859  __aeabi_dsub                  
000049c9  __aeabi_errno_addr            
000048e5  __aeabi_i2d                   
0000283b  __aeabi_idiv0                 
0000283b  __aeabi_ldiv0                 
00004429  __aeabi_memclr                
00004429  __aeabi_memclr4               
00004429  __aeabi_memclr8               
000041eb  __aeabi_memcpy                
000041eb  __aeabi_memcpy4               
000041eb  __aeabi_memcpy8               
0000442b  __aeabi_memset                
0000442b  __aeabi_memset4               
0000442b  __aeabi_memset8               
00004287  __aeabi_uldivmod              
ffffffff  __binit__                     
ffffffff  __c_args__                    
UNDEFED   __mpu_init                    
2000fe00  __stack                       
000048ad  _c_int00_noargs               
00005856  _ctypes_                      
2000045a  _orientation                  
UNDEFED   _system_post_cinit            
000049d1  _system_pre_init              
000049d5  abort                         
00004755  atoi                          
20000467  bgColorHighByte               
20000466  bgColorLowByte                
ffffffff  binit                         
2000043a  borrado                       
00001267  borrar                        
20000410  cadena                        
00002c6d  cambiar_orientacion           
20000433  cambio_estado                 
00000121  clearScreen                   
000001af  clearScreenBkg                
20000465  colorHighByte                 
20000464  colorLowByte                  
000013dd  comprobar_alarma              
00001591  config_P7_LEDS                
0000495d  copysign                      
0000495d  copysignl                     
20000420  count_ms                      
00001555  decrementar_alarma            
0000149d  decrementar_hora              
00003b35  delay                         
000013af  delay_t                       
20000435  direccio_LED                  
00000521  drawCharLg                    
000005c9  drawCharLgBkg                 
000006ad  drawCharMd                    
0000075b  drawCharMdBkg                 
000003a1  drawCharSm                    
00000447  drawCharSmBkg                 
00000d9b  drawCircle                    
000008bd  drawImage                     
000008d5  drawImageLut                  
000009e3  drawImageMono                 
00000b41  drawLine                      
00000a01  drawLogicLine                 
00000237  drawPixel                     
00000d37  drawRect                      
00000267  drawString                    
20000468  errno                         
0000127b  escribir                      
20000425  estado                        
20000426  estado_anterior               
00000fb9  fillCircle                    
00000f1b  fillRect                      
20000432  flag_retraso                  
000049d8  font_11x16                    
00005676  font_5x7                      
00005202  font_8x12                     
000045f5  frexp                         
000045f5  frexpl                        
000028e7  getAltura                     
00002895  getColumna                    
00002843  getLinea                      
0000283d  getOrientacion                
00002943  getScreenHeight               
0000292d  getScreenWidth                
00002dfd  halLcdClearLine               
00002c9b  halLcdClearScreen             
00002cbf  halLcdClearScreenBkg          
00002f71  halLcdDrawCircle              
00003079  halLcdDrawImageLut            
00002ec5  halLcdDrawLine                
00002e73  halLcdDrawPixel               
00002f19  halLcdDrawRect                
0000301d  halLcdFillCircle              
00002fc1  halLcdFillRect                
00002c8f  halLcdInit                    
00002cdf  halLcdPrintLine               
00002d5f  halLcdPrintLineCol            
2000042c  hora                          
20000430  hora_alarma                   
0000140f  imprimir_temps                
000014f9  incrementar_alarma            
00001479  incrementar_hora              
00002ab9  initLCD                       
0000125b  init_LCD                      
00001291  init_botons                   
000011c1  init_clock                    
00001131  init_interrupciones           
00003a11  init_spi_lcd_tactil           
00001199  init_timer                    
000011f3  init_uart                     
000044a5  init_ucs_16MHz                
000044dd  init_ucs_24MHz                
00000000  interruptVectors              
00003f2d  ldexp                         
00003f2d  ldexpl                        
20000424  linea                         
000046af  ltoa                          
000019a9  main                          
00004913  memccpy                       
000041eb  memcpy                        
00004431  memset                        
20000422  min                           
2000042f  min_alarma                    
2000042e  modifica_alarma               
2000042d  modifica_hora                 
000017c7  mov_left                      
00001795  mov_right                     
20000437  no                            
20000428  retraso                       
2000044a  saludo                        
00003f2d  scalbn                        
00003f2d  scalbnl                       
20000423  seg                           
20000431  seg_alarma                    
000017f9  sentit_dades_rx               
00001805  sentit_dades_tx               
00002959  setArea                       
00000103  setBackgroundColor            
000000e5  setColor                      
00002bff  setOrientation                
20000436  si                            
0000482d  sprintf                       
00004947  strchr                        
00004971  strlen                        
20000434  velocitat                     
00004985  wcslen                        
00003b0f  writeCommand                  
00003ae9  writeData                     


GLOBAL SYMBOLS: SORTED BY Symbol Address 

address   name                          
-------   ----                          
00000000  __TI_static_base__            
00000000  interruptVectors              
000000e5  setColor                      
00000103  setBackgroundColor            
00000121  clearScreen                   
000001af  clearScreenBkg                
00000200  __STACK_SIZE                  
00000237  drawPixel                     
00000267  drawString                    
000003a1  drawCharSm                    
00000447  drawCharSmBkg                 
00000521  drawCharLg                    
000005c9  drawCharLgBkg                 
000006ad  drawCharMd                    
0000075b  drawCharMdBkg                 
000008bd  drawImage                     
000008d5  drawImageLut                  
000009e3  drawImageMono                 
00000a01  drawLogicLine                 
00000b41  drawLine                      
00000d37  drawRect                      
00000d9b  drawCircle                    
00000f1b  fillRect                      
00000fb9  fillCircle                    
00001131  init_interrupciones           
00001199  init_timer                    
000011c1  init_clock                    
000011f3  init_uart                     
0000125b  init_LCD                      
00001267  borrar                        
0000127b  escribir                      
00001291  init_botons                   
000013af  delay_t                       
000013dd  comprobar_alarma              
0000140f  imprimir_temps                
00001479  incrementar_hora              
0000149d  decrementar_hora              
000014f9  incrementar_alarma            
00001555  decrementar_alarma            
00001591  config_P7_LEDS                
000015c5  PORT3_IRQHandler              
000015c5  PORT3_IRQHandler              
00001629  PORT4_IRQHandler              
00001629  PORT4_IRQHandler              
000016ad  PORT5_IRQHandler              
000016ad  PORT5_IRQHandler              
00001705  TA0_0_IRQHandler              
00001705  TA0_0_IRQHandler              
0000172d  TA1_0_IRQHandler              
0000172d  TA1_0_IRQHandler              
00001755  EUSCIA2_IRQHandler            
00001755  EUSCIA2_IRQHandler            
00001795  mov_right                     
000017c7  mov_left                      
000017f9  sentit_dades_rx               
00001805  sentit_dades_tx               
00001811  TxUAC2                        
00001845  TxPacket                      
0000194d  ApagarRGB_Launchpad           
000019a9  main                          
00001ddd  __TI_printfi                  
0000283b  __aeabi_idiv0                 
0000283b  __aeabi_ldiv0                 
0000283d  getOrientacion                
00002843  getLinea                      
00002895  getColumna                    
000028e7  getAltura                     
0000292d  getScreenWidth                
00002943  getScreenHeight               
00002959  setArea                       
00002ab9  initLCD                       
00002bff  setOrientation                
00002c6d  cambiar_orientacion           
00002c8f  halLcdInit                    
00002c9b  halLcdClearScreen             
00002cbf  halLcdClearScreenBkg          
00002cdf  halLcdPrintLine               
00002d5f  halLcdPrintLineCol            
00002dfd  halLcdClearLine               
00002e73  halLcdDrawPixel               
00002ec5  halLcdDrawLine                
00002f19  halLcdDrawRect                
00002f71  halLcdDrawCircle              
00002fc1  halLcdFillRect                
0000301d  halLcdFillCircle              
00003079  halLcdDrawImageLut            
000030e5  SystemCoreClockUpdate         
0000335d  SystemInit                    
00003859  __aeabi_dsub                  
00003863  __aeabi_dadd                  
00003a11  init_spi_lcd_tactil           
00003ae9  writeData                     
00003b0f  writeCommand                  
00003b35  delay                         
00003cd5  __aeabi_ddiv                  
00003f2d  ldexp                         
00003f2d  ldexpl                        
00003f2d  scalbn                        
00003f2d  scalbnl                       
0000403d  __aeabi_dmul                  
000041eb  __aeabi_memcpy                
000041eb  __aeabi_memcpy4               
000041eb  __aeabi_memcpy8               
000041eb  memcpy                        
00004287  __aeabi_uldivmod              
0000431d  __aeabi_cdcmpeq               
0000431d  __aeabi_cdcmple               
000043a3  __aeabi_cdrcmple              
00004429  __aeabi_memclr                
00004429  __aeabi_memclr4               
00004429  __aeabi_memclr8               
0000442b  __aeabi_memset                
0000442b  __aeabi_memset4               
0000442b  __aeabi_memset8               
00004431  memset                        
000044a5  init_ucs_16MHz                
000044dd  init_ucs_24MHz                
0000458b  __TI_decompress_lzss          
000045f5  frexp                         
000045f5  frexpl                        
000046af  ltoa                          
00004755  atoi                          
000047a1  __aeabi_d2iz                  
000047e9  __TI_auto_init_nobinit_nopinit
0000482d  sprintf                       
000048ad  _c_int00_noargs               
000048e5  __aeabi_i2d                   
00004913  memccpy                       
00004947  strchr                        
0000495d  copysign                      
0000495d  copysignl                     
00004971  strlen                        
00004985  wcslen                        
00004997  __TI_decompress_none          
000049a5  Reset_Handler                 
000049b1  ADC14_IRQHandler              
000049b1  AES256_IRQHandler             
000049b1  BusFault_Handler              
000049b1  COMP_E0_IRQHandler            
000049b1  COMP_E1_IRQHandler            
000049b1  CS_IRQHandler                 
000049b1  DMA_ERR_IRQHandler            
000049b1  DMA_INT0_IRQHandler           
000049b1  DMA_INT1_IRQHandler           
000049b1  DMA_INT2_IRQHandler           
000049b1  DMA_INT3_IRQHandler           
000049b1  DebugMon_Handler              
000049b1  Default_Handler               
000049b1  EUSCIA0_IRQHandler            
000049b1  EUSCIA1_IRQHandler            
000049b1  EUSCIA3_IRQHandler            
000049b1  EUSCIB0_IRQHandler            
000049b1  EUSCIB1_IRQHandler            
000049b1  EUSCIB2_IRQHandler            
000049b1  EUSCIB3_IRQHandler            
000049b1  FLCTL_IRQHandler              
000049b1  FPU_IRQHandler                
000049b1  HardFault_Handler             
000049b1  MemManage_Handler             
000049b1  NMI_Handler                   
000049b1  PCM_IRQHandler                
000049b1  PORT1_IRQHandler              
000049b1  PORT2_IRQHandler              
000049b1  PORT6_IRQHandler              
000049b1  PSS_IRQHandler                
000049b1  PendSV_Handler                
000049b1  RTC_C_IRQHandler              
000049b1  SVC_Handler                   
000049b1  SysTick_Handler               
000049b1  T32_INT1_IRQHandler           
000049b1  T32_INT2_IRQHandler           
000049b1  T32_INTC_IRQHandler           
000049b1  TA0_N_IRQHandler              
000049b1  TA1_N_IRQHandler              
000049b1  TA2_0_IRQHandler              
000049b1  TA2_N_IRQHandler              
000049b1  TA3_0_IRQHandler              
000049b1  TA3_N_IRQHandler              
000049b1  UsageFault_Handler            
000049b1  WDT_A_IRQHandler              
000049b3  __TI_zero_init                
000049c9  __aeabi_errno_addr            
000049d1  _system_pre_init              
000049d5  C$$EXIT                       
000049d5  abort                         
000049d8  font_11x16                    
00005202  font_8x12                     
00005676  font_5x7                      
00005856  _ctypes_                      
000059b8  __TI_Handler_Table_Base       
000059c4  __TI_Handler_Table_Limit      
000059d0  __TI_CINIT_Base               
000059e0  __TI_CINIT_Limit              
20000400  Parametros                    
20000410  cadena                        
20000420  count_ms                      
20000422  min                           
20000423  seg                           
20000424  linea                         
20000425  estado                        
20000426  estado_anterior               
20000428  retraso                       
2000042c  hora                          
2000042d  modifica_hora                 
2000042e  modifica_alarma               
2000042f  min_alarma                    
20000430  hora_alarma                   
20000431  seg_alarma                    
20000432  flag_retraso                  
20000433  cambio_estado                 
20000434  velocitat                     
20000435  direccio_LED                  
20000436  si                            
20000437  no                            
20000438  DatoLeido_UART                
20000439  Byte_Recibido                 
2000043a  borrado                       
2000044a  saludo                        
2000045a  _orientation                  
2000045b  Fuente                        
2000045c  Color_Fondo                   
2000045e  Color_Texto                   
20000460  Color_Fondo_Inv               
20000462  Color_Texto_Inv               
20000464  colorLowByte                  
20000465  colorHighByte                 
20000466  bgColorLowByte                
20000467  bgColorHighByte               
20000468  errno                         
2000046c  SystemCoreClock               
2000fe00  __stack                       
20010000  __STACK_END                   
4000480c  WDTCTL_SYM                    
ffffffff  __TI_pprof_out_hndl           
ffffffff  __TI_prof_data_size           
ffffffff  __TI_prof_data_start          
ffffffff  __binit__                     
ffffffff  __c_args__                    
ffffffff  binit                         
UNDEFED   __mpu_init                    
UNDEFED   _system_post_cinit            

[241 symbols]
