******************************************************************************
                  TI ARM Linker PC v18.1.2                     
******************************************************************************
>> Linked Thu Mar 14 09:41:38 2019

OUTPUT FILE NAME:   <PAE3.out>
ENTRY POINT SYMBOL: "_c_int00_noargs"  address: 000046e5


MEMORY CONFIGURATION

         name            origin    length      used     unused   attr    fill
----------------------  --------  ---------  --------  --------  ----  --------
  MAIN                  00000000   00040000  00005847  0003a7b9  R  X
  INFO                  00200000   00004000  00000000  00004000  R  X
  SRAM_CODE             01000000   00010000  0000066b  0000f995  RW X
  SRAM_DATA             20000000   00010000  0000066b  0000f995  RW  


SEGMENT ALLOCATION MAP

run origin  load origin   length   init length attrs members
----------  ----------- ---------- ----------- ----- -------
00000000    00000000    00005848   00005848    r-x
  00000000    00000000    000000e4   000000e4    r-- .intvecs
  000000e4    000000e4    00004764   00004764    r-x .text
  00004848    00004848    00000f9f   00000f9f    r-- .const
  000057e8    000057e8    00000060   00000060    r-- .cinit
20000000    20000000    0000046c   00000000    rw-
  20000000    20000000    00000417   00000000    rw- .bss
  20000418    20000418    00000054   00000000    rw- .data
2000fe00    2000fe00    00000200   00000000    rw-
  2000fe00    2000fe00    00000200   00000000    rw- .stack


SECTION ALLOCATION MAP

 output                                  attributes/
section   page    origin      length       input sections
--------  ----  ----------  ----------   ----------------
.intvecs   0    00000000    000000e4     
                  00000000    000000e4     startup_msp432p401r_ccs.obj (.intvecs:retain)

.text      0    000000e4    00004764     
                  000000e4    0000104c     lib_PAE2.lib : graphics.obj (.text)
                  00001130    00000ae4     Practica_02 PAE_Alumnes.obj (.text)
                  00001c14    00000a5e     rtsv7M4_T_le_v4SPD16_eabi.lib : _printfi.c.obj (.text:__TI_printfi)
                  00002672    00000002                                   : div0.asm.obj (.text)
                  00002674    000008a8     lib_PAE2.lib : lcd.obj (.text)
                  00002f1c    00000334     system_msp432p401r.obj (.text)
                  00003250    00000270     rtsv7M4_T_le_v4SPD16_eabi.lib : _printfi.c.obj (.text:_pconv_a)
                  000034c0    000001d0                                   : _printfi.c.obj (.text:_pconv_g)
                  00003690    000001b6                                   : fd_add_t2.asm.obj (.text)
                  00003846    00000002     --HOLE-- [fill = 0]
                  00003848    00000188     lib_PAE2.lib : msp_LCD.obj (.text)
                  000039d0    0000013c     rtsv7M4_T_le_v4SPD16_eabi.lib : _printfi.c.obj (.text:_pconv_e)
                  00003b0c    00000136                                   : fd_div_t2.asm.obj (.text)
                  00003c42    00000002     --HOLE-- [fill = 0]
                  00003c44    00000120                                   : _printfi.c.obj (.text:fcvt)
                  00003d64    00000110                                   : s_scalbn.c.obj (.text:scalbn)
                  00003e74    000000fc                                   : fd_mul_t2.asm.obj (.text)
                  00003f70    000000b1                                   : _printfi.c.obj (.text:_ltostr)
                  00004021    00000001     --HOLE-- [fill = 0]
                  00004022    0000009c                                   : memcpy_t2.asm.obj (.text)
                  000040be    00000096                                   : ull_div_t2.asm.obj (.text)
                  00004154    00000086                                   : fd_cmp_t2.asm.obj (.text:__aeabi_cdcmple)
                  000041da    00000086                                   : fd_cmp_t2.asm.obj (.text:__aeabi_cdrcmple)
                  00004260    0000007a                                   : memset_t2.asm.obj (.text)
                  000042da    00000002     --HOLE-- [fill = 0]
                  000042dc    00000078     lib_PAE2.lib : Inicializacion.obj (.text)
                  00004354    0000006e     rtsv7M4_T_le_v4SPD16_eabi.lib : _printfi.c.obj (.text:_mcpy)
                  000043c2    00000068                                   : copy_decompress_lzss.c.obj (.text:decompress:lzss:__TI_decompress_lzss)
                  0000442a    00000002     --HOLE-- [fill = 0]
                  0000442c    00000064                                   : s_frexp.c.obj (.text:frexp)
                  00004490    00000056                                   : _printfi.c.obj (.text:_pconv_f)
                  000044e6    00000054                                   : ltoa.c.obj (.text:ltoa)
                  0000453a    00000052                                   : _printfi.c.obj (.text:_ecpy)
                  0000458c    0000004c                                   : atoi.c.obj (.text:atoi)
                  000045d8    00000048                                   : fd_toi_t2.asm.obj (.text)
                  00004620    00000044                                   : autoinit.c.obj (.text:__TI_auto_init_nobinit_nopinit:__TI_auto_init_nobinit_nopinit)
                  00004664    00000040                                   : sprintf.c.obj (.text:sprintf)
                  000046a4    0000003e                                   : _printfi.c.obj (.text:_fcpy)
                  000046e2    00000002     --HOLE-- [fill = 0]
                  000046e4    00000038                                   : boot_cortex_m.c.obj (.text:_c_int00_noargs:_c_int00_noargs)
                  0000471c    00000038                                   : fs_tod_t2.asm.obj (.text)
                  00004754    0000002e                                   : i_tofd_t2.asm.obj (.text)
                  00004782    0000001c                                   : memccpy.c.obj (.text:memccpy)
                  0000479e    00000018                                   : sprintf.c.obj (.text:_outs)
                  000047b6    00000016                                   : strchr.c.obj (.text:strchr)
                  000047cc    00000014                                   : s_copysign.c.obj (.text:copysign)
                  000047e0    00000014                                   : strlen.c.obj (.text:strlen)
                  000047f4    00000012                                   : wcslen.c.obj (.text:wcslen)
                  00004806    0000000e                                   : copy_decompress_none.c.obj (.text:decompress:none:__TI_decompress_none)
                  00004814    0000000e     startup_msp432p401r_ccs.obj (.text)
                  00004822    0000000c     rtsv7M4_T_le_v4SPD16_eabi.lib : copy_zero_init.c.obj (.text:decompress:ZI:__TI_zero_init)
                  0000482e    0000000a                                   : sprintf.c.obj (.text:_outc)
                  00004838    00000008                                   : errno.c.obj (.text:__aeabi_errno_addr)
                  00004840    00000004                                   : pre_init.c.obj (.text:_system_pre_init)
                  00004844    00000004                                   : exit.c.obj (.text:abort:abort)

.const     0    00004848    00000f9f     
                  00004848    0000082a     lib_PAE2.lib : graphics.obj (.const:font_11x16)
                  00005072    00000474                  : graphics.obj (.const:font_8x12)
                  000054e6    000001e0                  : graphics.obj (.const:font_5x7)
                  000056c6    00000101     rtsv7M4_T_le_v4SPD16_eabi.lib : ctype.c.obj (.const:.string:_ctypes_)
                  000057c7    00000010     lib_PAE2.lib : lcd.obj (.const:.string:$P$T0$1)
                  000057d7    00000010                  : lcd.obj (.const:.string:$P$T1$2)

.cinit     0    000057e8    00000060     
                  000057e8    0000003c     (.cinit..data.load) [load image, compression = lzss]
                  00005824    0000000c     (__TI_handler_table)
                  00005830    00000008     (.cinit..bss.load) [load image, compression = zero_init]
                  00005838    00000010     (__TI_cinit_table)

.init_array 
*          0    00000000    00000000     UNINITIALIZED

.binit     0    00000000    00000000     

.bss       0    20000000    00000417     UNINITIALIZED
                  20000000    00000400     lib_PAE2.lib : graphics.obj (.bss:g_pulConvertedPalette)
                  20000400    00000010     (.common:cadena)
                  20000410    00000002     (.common:count_ms)
                  20000412    00000001     (.common:alarma_ho)
                  20000413    00000001     (.common:min)
                  20000414    00000001     (.common:pos_actual)
                  20000415    00000001     (.common:seg)
                  20000416    00000001     (.common:selec_alarma_ho)

.data      0    20000418    00000054     UNINITIALIZED
                  20000418    0000001e     Practica_02 PAE_Alumnes.obj (.data)
                  20000436    00000010     Practica_02 PAE_Alumnes.obj (.data:borrado)
                  20000446    00000010     Practica_02 PAE_Alumnes.obj (.data:saludo)
                  20000456    0000000a     lib_PAE2.lib : lcd.obj (.data)
                  20000460    00000004                  : graphics.obj (.data)
                  20000464    00000004     rtsv7M4_T_le_v4SPD16_eabi.lib : errno.c.obj (.data)
                  20000468    00000004     system_msp432p401r.obj (.data)

.stack     0    2000fe00    00000200     UNINITIALIZED
                  2000fe00    00000004     rtsv7M4_T_le_v4SPD16_eabi.lib : boot_cortex_m.c.obj (.stack)
                  2000fe04    000001fc     --HOLE--

MODULE SUMMARY

       Module                        code    ro data   rw data
       ------                        ----    -------   -------
    .\
       Practica_02 PAE_Alumnes.obj   2788    0         170    
       system_msp432p401r.obj        820     0         8      
       startup_msp432p401r_ccs.obj   14      228       0      
    +--+-----------------------------+-------+---------+---------+
       Total:                        3622    228       178    
                                                              
    ../lib_PAE2.lib
       graphics.obj                  4172    3710      2056   
       lcd.obj                       2216    32        20     
       msp_LCD.obj                   392     0         0      
       Inicializacion.obj            120     0         0      
    +--+-----------------------------+-------+---------+---------+
       Total:                        6900    3742      2076   
                                                              
    C:\ti\ccsv8\tools\compiler\ti-cgt-arm_18.1.2.LTS\lib\rtsv7M4_T_le_v4SPD16_eabi.lib
       _printfi.c.obj                4863    0         0      
       fd_add_t2.asm.obj             438     0         0      
       fd_div_t2.asm.obj             310     0         0      
       s_scalbn.c.obj                272     0         0      
       fd_cmp_t2.asm.obj             268     0         0      
       ctype.c.obj                   0       257       0      
       fd_mul_t2.asm.obj             252     0         0      
       memcpy_t2.asm.obj             156     0         0      
       ull_div_t2.asm.obj            150     0         0      
       memset_t2.asm.obj             122     0         0      
       copy_decompress_lzss.c.obj    104     0         0      
       s_frexp.c.obj                 100     0         0      
       sprintf.c.obj                 98      0         0      
       ltoa.c.obj                    84      0         0      
       atoi.c.obj                    76      0         0      
       fd_toi_t2.asm.obj             72      0         0      
       autoinit.c.obj                68      0         0      
       boot_cortex_m.c.obj           56      0         0      
       fs_tod_t2.asm.obj             56      0         0      
       i_tofd_t2.asm.obj             46      0         0      
       memccpy.c.obj                 28      0         0      
       strchr.c.obj                  22      0         0      
       s_copysign.c.obj              20      0         0      
       strlen.c.obj                  20      0         0      
       wcslen.c.obj                  18      0         0      
       errno.c.obj                   8       0         8      
       copy_decompress_none.c.obj    14      0         0      
       copy_zero_init.c.obj          12      0         0      
       exit.c.obj                    4       0         0      
       pre_init.c.obj                4       0         0      
       div0.asm.obj                  2       0         0      
    +--+-----------------------------+-------+---------+---------+
       Total:                        7743    257       8      
                                                              
       Stack:                        0       0         1024   
       Linker Generated:             0       96        0      
    +--+-----------------------------+-------+---------+---------+
       Grand Total:                  18265   4323      3286   


LINKER GENERATED COPY TABLES

__TI_cinit_table @ 00005838 records: 2, size/record: 8, table size: 16
	.data: load addr=000057e8, load size=0000003c bytes, run addr=20000418, run size=00000054 bytes, compression=lzss
	.bss: load addr=00005830, load size=00000008 bytes, run addr=20000000, run size=00000417 bytes, compression=zero_init


LINKER GENERATED HANDLER TABLE

__TI_handler_table @ 00005824 records: 3, size/record: 4, table size: 12
	index: 0, handler: __TI_decompress_lzss
	index: 1, handler: __TI_decompress_none
	index: 2, handler: __TI_zero_init


GLOBAL SYMBOLS: SORTED ALPHABETICALLY BY Name 

address   name                          
-------   ----                          
00004821  ADC14_IRQHandler              
00004821  AES256_IRQHandler             
0000173f  ApagarRGB_Launchpad           
00004821  BusFault_Handler              
00004845  C$$EXIT                       
00004821  COMP_E0_IRQHandler            
00004821  COMP_E1_IRQHandler            
00004821  CS_IRQHandler                 
20000458  Color_Fondo                   
2000045c  Color_Fondo_Inv               
2000045a  Color_Texto                   
2000045e  Color_Texto_Inv               
00004821  DMA_ERR_IRQHandler            
00004821  DMA_INT0_IRQHandler           
00004821  DMA_INT1_IRQHandler           
00004821  DMA_INT2_IRQHandler           
00004821  DMA_INT3_IRQHandler           
00004821  DebugMon_Handler              
00004821  Default_Handler               
00004821  EUSCIA0_IRQHandler            
00004821  EUSCIA1_IRQHandler            
00004821  EUSCIA2_IRQHandler            
00004821  EUSCIA3_IRQHandler            
00004821  EUSCIB0_IRQHandler            
00004821  EUSCIB1_IRQHandler            
00004821  EUSCIB2_IRQHandler            
00004821  EUSCIB3_IRQHandler            
00004821  FLCTL_IRQHandler              
00004821  FPU_IRQHandler                
20000457  Fuente                        
00004821  HardFault_Handler             
00004821  MemManage_Handler             
00004821  NMI_Handler                   
00004821  PCM_IRQHandler                
00004821  PORT1_IRQHandler              
00004821  PORT2_IRQHandler              
00001515  PORT3_IRQHandler              
00001515  PORT3_IRQHandler              
00001565  PORT4_IRQHandler              
00001565  PORT4_IRQHandler              
000015d1  PORT5_IRQHandler              
000015d1  PORT5_IRQHandler              
00004821  PORT6_IRQHandler              
00004821  PSS_IRQHandler                
00004821  PendSV_Handler                
00004821  RTC_C_IRQHandler              
00004815  Reset_Handler                 
00004821  SVC_Handler                   
00004821  SysTick_Handler               
20000468  SystemCoreClock               
00002f1d  SystemCoreClockUpdate         
00003195  SystemInit                    
00004821  T32_INT1_IRQHandler           
00004821  T32_INT2_IRQHandler           
00004821  T32_INTC_IRQHandler           
00001645  TA0_0_IRQHandler              
00001645  TA0_0_IRQHandler              
00001685  TA0_1_IRQHandler              
00004821  TA0_N_IRQHandler              
00004821  TA1_0_IRQHandler              
00004821  TA1_N_IRQHandler              
00004821  TA2_0_IRQHandler              
00004821  TA2_N_IRQHandler              
00004821  TA3_0_IRQHandler              
00004821  TA3_N_IRQHandler              
00004821  UsageFault_Handler            
4000480c  WDTCTL_SYM                    
00004821  WDT_A_IRQHandler              
20010000  __STACK_END                   
00000200  __STACK_SIZE                  
00005838  __TI_CINIT_Base               
00005848  __TI_CINIT_Limit              
00005824  __TI_Handler_Table_Base       
00005830  __TI_Handler_Table_Limit      
00004621  __TI_auto_init_nobinit_nopinit
000043c3  __TI_decompress_lzss          
00004807  __TI_decompress_none          
ffffffff  __TI_pprof_out_hndl           
00001c15  __TI_printfi                  
ffffffff  __TI_prof_data_size           
ffffffff  __TI_prof_data_start          
00000000  __TI_static_base__            
00004823  __TI_zero_init                
00004155  __aeabi_cdcmpeq               
00004155  __aeabi_cdcmple               
000041db  __aeabi_cdrcmple              
000045d9  __aeabi_d2iz                  
0000369b  __aeabi_dadd                  
00003b0d  __aeabi_ddiv                  
00003e75  __aeabi_dmul                  
00003691  __aeabi_dsub                  
00004839  __aeabi_errno_addr            
0000471d  __aeabi_f2d                   
00004755  __aeabi_i2d                   
00002673  __aeabi_idiv0                 
00002673  __aeabi_ldiv0                 
00004261  __aeabi_memclr                
00004261  __aeabi_memclr4               
00004261  __aeabi_memclr8               
00004023  __aeabi_memcpy                
00004023  __aeabi_memcpy4               
00004023  __aeabi_memcpy8               
00004263  __aeabi_memset                
00004263  __aeabi_memset4               
00004263  __aeabi_memset8               
000040bf  __aeabi_uldivmod              
ffffffff  __binit__                     
ffffffff  __c_args__                    
UNDEFED   __mpu_init                    
2000fe00  __stack                       
000046e5  _c_int00_noargs               
000056c6  _ctypes_                      
20000456  _orientation                  
UNDEFED   _system_post_cinit            
00004841  _system_pre_init              
00004845  abort                         
20000412  alarma_ho                     
20000425  alarma_min                    
0000458d  atoi                          
20000463  bgColorHighByte               
20000462  bgColorLowByte                
ffffffff  binit                         
20000436  borrado                       
0000117d  borrar                        
20000400  cadena                        
00002aa5  cambiar_orientacion           
000013a1  cambio                        
00000121  clearScreen                   
000001af  clearScreenBkg                
20000461  colorHighByte                 
20000460  colorLowByte                  
000014cd  config_P7_LEDS                
000047cd  copysign                      
000047cd  copysignl                     
20000410  count_ms                      
0000396d  delay                         
000012c5  delay_t                       
20000435  direccio_LED                  
00000521  drawCharLg                    
000005c9  drawCharLgBkg                 
000006ad  drawCharMd                    
0000075b  drawCharMdBkg                 
000003a1  drawCharSm                    
00000447  drawCharSmBkg                 
00000d9b  drawCircle                    
000008bd  drawImage                     
000008d5  drawImageLut                  
000009e3  drawImageMono                 
00000b41  drawLine                      
00000a01  drawLogicLine                 
00000237  drawPixel                     
00000d37  drawRect                      
00000267  drawString                    
20000464  errno                         
00001191  escribir                      
20000419  estado                        
20000428  estado_alarma                 
2000041a  estado_anterior               
00000fb9  fillCircle                    
00000f1b  fillRect                      
00004848  font_11x16                    
000054e6  font_5x7                      
00005072  font_8x12                     
2000042c  freq                          
0000442d  frexp                         
0000442d  frexpl                        
0000271f  getAltura                     
000026cd  getColumna                    
0000267b  getLinea                      
00002675  getOrientacion                
0000277b  getScreenHeight               
00002765  getScreenWidth                
00002c35  halLcdClearLine               
00002ad3  halLcdClearScreen             
00002af7  halLcdClearScreenBkg          
00002da9  halLcdDrawCircle              
00002eb1  halLcdDrawImageLut            
00002cfd  halLcdDrawLine                
00002cab  halLcdDrawPixel               
00002d51  halLcdDrawRect                
00002e55  halLcdFillCircle              
00002df9  halLcdFillRect                
00002ac7  halLcdInit                    
00002b17  halLcdPrintLine               
00002b97  halLcdPrintLineCol            
20000424  hora                          
000028f1  initLCD                       
00001171  init_LCD                      
000011a7  init_botons                   
00001131  init_interrupciones           
00003849  init_spi_lcd_tactil           
000042dd  init_ucs_16MHz                
00004315  init_ucs_24MHz                
00000000  interruptVectors              
00003d65  ldexp                         
00003d65  ldexpl                        
20000418  linea                         
000044e7  ltoa                          
000017ad  main                          
00004783  memccpy                       
00004023  memcpy                        
00004269  memset                        
20000413  min                           
2000042a  modo_robot                    
00001425  mostrar_modo                  
00001709  mov_left                      
000016d9  mov_right                     
20000414  pos_actual                    
20000427  pos_alarma                    
000012f9  reloj                         
20000430  retras_sumat                  
2000041c  retraso                       
20000446  saludo                        
00003d65  scalbn                        
00003d65  scalbnl                       
20000415  seg                           
20000416  selec_alarma_ho               
20000426  selec_alarma_min              
0000146d  seleccio_alarma               
00002791  setArea                       
00000103  setBackgroundColor            
000000e5  setColor                      
00002a37  setOrientation                
00004665  sprintf                       
000047b7  strchr                        
000047e1  strlen                        
20000429  suena_alarma                  
20000420  tiempo                        
20000434  velocitat                     
000047f5  wcslen                        
00003947  writeCommand                  
00003921  writeData                     


GLOBAL SYMBOLS: SORTED BY Symbol Address 

address   name                          
-------   ----                          
00000000  __TI_static_base__            
00000000  interruptVectors              
000000e5  setColor                      
00000103  setBackgroundColor            
00000121  clearScreen                   
000001af  clearScreenBkg                
00000200  __STACK_SIZE                  
00000237  drawPixel                     
00000267  drawString                    
000003a1  drawCharSm                    
00000447  drawCharSmBkg                 
00000521  drawCharLg                    
000005c9  drawCharLgBkg                 
000006ad  drawCharMd                    
0000075b  drawCharMdBkg                 
000008bd  drawImage                     
000008d5  drawImageLut                  
000009e3  drawImageMono                 
00000a01  drawLogicLine                 
00000b41  drawLine                      
00000d37  drawRect                      
00000d9b  drawCircle                    
00000f1b  fillRect                      
00000fb9  fillCircle                    
00001131  init_interrupciones           
00001171  init_LCD                      
0000117d  borrar                        
00001191  escribir                      
000011a7  init_botons                   
000012c5  delay_t                       
000012f9  reloj                         
000013a1  cambio                        
00001425  mostrar_modo                  
0000146d  seleccio_alarma               
000014cd  config_P7_LEDS                
00001515  PORT3_IRQHandler              
00001515  PORT3_IRQHandler              
00001565  PORT4_IRQHandler              
00001565  PORT4_IRQHandler              
000015d1  PORT5_IRQHandler              
000015d1  PORT5_IRQHandler              
00001645  TA0_0_IRQHandler              
00001645  TA0_0_IRQHandler              
00001685  TA0_1_IRQHandler              
000016d9  mov_right                     
00001709  mov_left                      
0000173f  ApagarRGB_Launchpad           
000017ad  main                          
00001c15  __TI_printfi                  
00002673  __aeabi_idiv0                 
00002673  __aeabi_ldiv0                 
00002675  getOrientacion                
0000267b  getLinea                      
000026cd  getColumna                    
0000271f  getAltura                     
00002765  getScreenWidth                
0000277b  getScreenHeight               
00002791  setArea                       
000028f1  initLCD                       
00002a37  setOrientation                
00002aa5  cambiar_orientacion           
00002ac7  halLcdInit                    
00002ad3  halLcdClearScreen             
00002af7  halLcdClearScreenBkg          
00002b17  halLcdPrintLine               
00002b97  halLcdPrintLineCol            
00002c35  halLcdClearLine               
00002cab  halLcdDrawPixel               
00002cfd  halLcdDrawLine                
00002d51  halLcdDrawRect                
00002da9  halLcdDrawCircle              
00002df9  halLcdFillRect                
00002e55  halLcdFillCircle              
00002eb1  halLcdDrawImageLut            
00002f1d  SystemCoreClockUpdate         
00003195  SystemInit                    
00003691  __aeabi_dsub                  
0000369b  __aeabi_dadd                  
00003849  init_spi_lcd_tactil           
00003921  writeData                     
00003947  writeCommand                  
0000396d  delay                         
00003b0d  __aeabi_ddiv                  
00003d65  ldexp                         
00003d65  ldexpl                        
00003d65  scalbn                        
00003d65  scalbnl                       
00003e75  __aeabi_dmul                  
00004023  __aeabi_memcpy                
00004023  __aeabi_memcpy4               
00004023  __aeabi_memcpy8               
00004023  memcpy                        
000040bf  __aeabi_uldivmod              
00004155  __aeabi_cdcmpeq               
00004155  __aeabi_cdcmple               
000041db  __aeabi_cdrcmple              
00004261  __aeabi_memclr                
00004261  __aeabi_memclr4               
00004261  __aeabi_memclr8               
00004263  __aeabi_memset                
00004263  __aeabi_memset4               
00004263  __aeabi_memset8               
00004269  memset                        
000042dd  init_ucs_16MHz                
00004315  init_ucs_24MHz                
000043c3  __TI_decompress_lzss          
0000442d  frexp                         
0000442d  frexpl                        
000044e7  ltoa                          
0000458d  atoi                          
000045d9  __aeabi_d2iz                  
00004621  __TI_auto_init_nobinit_nopinit
00004665  sprintf                       
000046e5  _c_int00_noargs               
0000471d  __aeabi_f2d                   
00004755  __aeabi_i2d                   
00004783  memccpy                       
000047b7  strchr                        
000047cd  copysign                      
000047cd  copysignl                     
000047e1  strlen                        
000047f5  wcslen                        
00004807  __TI_decompress_none          
00004815  Reset_Handler                 
00004821  ADC14_IRQHandler              
00004821  AES256_IRQHandler             
00004821  BusFault_Handler              
00004821  COMP_E0_IRQHandler            
00004821  COMP_E1_IRQHandler            
00004821  CS_IRQHandler                 
00004821  DMA_ERR_IRQHandler            
00004821  DMA_INT0_IRQHandler           
00004821  DMA_INT1_IRQHandler           
00004821  DMA_INT2_IRQHandler           
00004821  DMA_INT3_IRQHandler           
00004821  DebugMon_Handler              
00004821  Default_Handler               
00004821  EUSCIA0_IRQHandler            
00004821  EUSCIA1_IRQHandler            
00004821  EUSCIA2_IRQHandler            
00004821  EUSCIA3_IRQHandler            
00004821  EUSCIB0_IRQHandler            
00004821  EUSCIB1_IRQHandler            
00004821  EUSCIB2_IRQHandler            
00004821  EUSCIB3_IRQHandler            
00004821  FLCTL_IRQHandler              
00004821  FPU_IRQHandler                
00004821  HardFault_Handler             
00004821  MemManage_Handler             
00004821  NMI_Handler                   
00004821  PCM_IRQHandler                
00004821  PORT1_IRQHandler              
00004821  PORT2_IRQHandler              
00004821  PORT6_IRQHandler              
00004821  PSS_IRQHandler                
00004821  PendSV_Handler                
00004821  RTC_C_IRQHandler              
00004821  SVC_Handler                   
00004821  SysTick_Handler               
00004821  T32_INT1_IRQHandler           
00004821  T32_INT2_IRQHandler           
00004821  T32_INTC_IRQHandler           
00004821  TA0_N_IRQHandler              
00004821  TA1_0_IRQHandler              
00004821  TA1_N_IRQHandler              
00004821  TA2_0_IRQHandler              
00004821  TA2_N_IRQHandler              
00004821  TA3_0_IRQHandler              
00004821  TA3_N_IRQHandler              
00004821  UsageFault_Handler            
00004821  WDT_A_IRQHandler              
00004823  __TI_zero_init                
00004839  __aeabi_errno_addr            
00004841  _system_pre_init              
00004845  C$$EXIT                       
00004845  abort                         
00004848  font_11x16                    
00005072  font_8x12                     
000054e6  font_5x7                      
000056c6  _ctypes_                      
00005824  __TI_Handler_Table_Base       
00005830  __TI_Handler_Table_Limit      
00005838  __TI_CINIT_Base               
00005848  __TI_CINIT_Limit              
20000400  cadena                        
20000410  count_ms                      
20000412  alarma_ho                     
20000413  min                           
20000414  pos_actual                    
20000415  seg                           
20000416  selec_alarma_ho               
20000418  linea                         
20000419  estado                        
2000041a  estado_anterior               
2000041c  retraso                       
20000420  tiempo                        
20000424  hora                          
20000425  alarma_min                    
20000426  selec_alarma_min              
20000427  pos_alarma                    
20000428  estado_alarma                 
20000429  suena_alarma                  
2000042a  modo_robot                    
2000042c  freq                          
20000430  retras_sumat                  
20000434  velocitat                     
20000435  direccio_LED                  
20000436  borrado                       
20000446  saludo                        
20000456  _orientation                  
20000457  Fuente                        
20000458  Color_Fondo                   
2000045a  Color_Texto                   
2000045c  Color_Fondo_Inv               
2000045e  Color_Texto_Inv               
20000460  colorLowByte                  
20000461  colorHighByte                 
20000462  bgColorLowByte                
20000463  bgColorHighByte               
20000464  errno                         
20000468  SystemCoreClock               
2000fe00  __stack                       
20010000  __STACK_END                   
4000480c  WDTCTL_SYM                    
ffffffff  __TI_pprof_out_hndl           
ffffffff  __TI_prof_data_size           
ffffffff  __TI_prof_data_start          
ffffffff  __binit__                     
ffffffff  __c_args__                    
ffffffff  binit                         
UNDEFED   __mpu_init                    
UNDEFED   _system_post_cinit            

[232 symbols]
