<?xml version="1.0" encoding="ISO-8859-1" ?>
<link_info>
   <banner>TI ARM Linker PC v18.1.2.LTS</banner>
   <copyright>Copyright (c) 1996-2017 Texas Instruments Incorporated</copyright>
   <link_time>0x5c8a13c2</link_time>
   <link_errors>0x0</link_errors>
   <output_file>PAE3.out</output_file>
   <entry_point>
      <name>_c_int00_noargs</name>
      <address>0x46e5</address>
   </entry_point>
   <input_file_list>
      <input_file id="fl-2">
         <path>.\</path>
         <kind>object</kind>
         <file>Practica_02 PAE_Alumnes.obj</file>
         <name>Practica_02 PAE_Alumnes.obj</name>
      </input_file>
      <input_file id="fl-3">
         <path>.\</path>
         <kind>object</kind>
         <file>startup_msp432p401r_ccs.obj</file>
         <name>startup_msp432p401r_ccs.obj</name>
      </input_file>
      <input_file id="fl-4">
         <path>.\</path>
         <kind>object</kind>
         <file>system_msp432p401r.obj</file>
         <name>system_msp432p401r.obj</name>
      </input_file>
      <input_file id="fl-9">
         <kind>object</kind>
         <file>&lt;internal&gt;</file>
         <name>&lt;internal&gt;</name>
      </input_file>
      <input_file id="fl-a">
         <path>..\</path>
         <kind>archive</kind>
         <file>lib_PAE2.lib</file>
         <name>Inicializacion.obj</name>
      </input_file>
      <input_file id="fl-b">
         <path>..\</path>
         <kind>archive</kind>
         <file>lib_PAE2.lib</file>
         <name>lcd.obj</name>
      </input_file>
      <input_file id="fl-c">
         <path>..\</path>
         <kind>archive</kind>
         <file>lib_PAE2.lib</file>
         <name>msp_LCD.obj</name>
      </input_file>
      <input_file id="fl-d">
         <path>..\</path>
         <kind>archive</kind>
         <file>lib_PAE2.lib</file>
         <name>graphics.obj</name>
      </input_file>
      <input_file id="fl-c3">
         <path>C:\ti\ccsv8\tools\compiler\ti-cgt-arm_18.1.2.LTS\lib\</path>
         <kind>archive</kind>
         <file>rtsv7M4_T_le_v4SPD16_eabi.lib</file>
         <name>fs_tod_t2.asm.obj</name>
      </input_file>
      <input_file id="fl-c4">
         <path>C:\ti\ccsv8\tools\compiler\ti-cgt-arm_18.1.2.LTS\lib\</path>
         <kind>archive</kind>
         <file>rtsv7M4_T_le_v4SPD16_eabi.lib</file>
         <name>memcpy_t2.asm.obj</name>
      </input_file>
      <input_file id="fl-c5">
         <path>C:\ti\ccsv8\tools\compiler\ti-cgt-arm_18.1.2.LTS\lib\</path>
         <kind>archive</kind>
         <file>rtsv7M4_T_le_v4SPD16_eabi.lib</file>
         <name>copy_zero_init.c.obj</name>
      </input_file>
      <input_file id="fl-c6">
         <path>C:\ti\ccsv8\tools\compiler\ti-cgt-arm_18.1.2.LTS\lib\</path>
         <kind>archive</kind>
         <file>rtsv7M4_T_le_v4SPD16_eabi.lib</file>
         <name>copy_decompress_none.c.obj</name>
      </input_file>
      <input_file id="fl-c7">
         <path>C:\ti\ccsv8\tools\compiler\ti-cgt-arm_18.1.2.LTS\lib\</path>
         <kind>archive</kind>
         <file>rtsv7M4_T_le_v4SPD16_eabi.lib</file>
         <name>copy_decompress_lzss.c.obj</name>
      </input_file>
      <input_file id="fl-c8">
         <path>C:\ti\ccsv8\tools\compiler\ti-cgt-arm_18.1.2.LTS\lib\</path>
         <kind>archive</kind>
         <file>rtsv7M4_T_le_v4SPD16_eabi.lib</file>
         <name>boot_cortex_m.c.obj</name>
      </input_file>
      <input_file id="fl-c9">
         <path>C:\ti\ccsv8\tools\compiler\ti-cgt-arm_18.1.2.LTS\lib\</path>
         <kind>archive</kind>
         <file>rtsv7M4_T_le_v4SPD16_eabi.lib</file>
         <name>exit.c.obj</name>
      </input_file>
      <input_file id="fl-ca">
         <path>C:\ti\ccsv8\tools\compiler\ti-cgt-arm_18.1.2.LTS\lib\</path>
         <kind>archive</kind>
         <file>rtsv7M4_T_le_v4SPD16_eabi.lib</file>
         <name>_lock.c.obj</name>
      </input_file>
      <input_file id="fl-cb">
         <path>C:\ti\ccsv8\tools\compiler\ti-cgt-arm_18.1.2.LTS\lib\</path>
         <kind>archive</kind>
         <file>rtsv7M4_T_le_v4SPD16_eabi.lib</file>
         <name>args_main.c.obj</name>
      </input_file>
      <input_file id="fl-cc">
         <path>C:\ti\ccsv8\tools\compiler\ti-cgt-arm_18.1.2.LTS\lib\</path>
         <kind>archive</kind>
         <file>rtsv7M4_T_le_v4SPD16_eabi.lib</file>
         <name>sprintf.c.obj</name>
      </input_file>
      <input_file id="fl-cd">
         <path>C:\ti\ccsv8\tools\compiler\ti-cgt-arm_18.1.2.LTS\lib\</path>
         <kind>archive</kind>
         <file>rtsv7M4_T_le_v4SPD16_eabi.lib</file>
         <name>memset_t2.asm.obj</name>
      </input_file>
      <input_file id="fl-ce">
         <path>C:\ti\ccsv8\tools\compiler\ti-cgt-arm_18.1.2.LTS\lib\</path>
         <kind>archive</kind>
         <file>rtsv7M4_T_le_v4SPD16_eabi.lib</file>
         <name>autoinit.c.obj</name>
      </input_file>
      <input_file id="fl-cf">
         <path>C:\ti\ccsv8\tools\compiler\ti-cgt-arm_18.1.2.LTS\lib\</path>
         <kind>archive</kind>
         <file>rtsv7M4_T_le_v4SPD16_eabi.lib</file>
         <name>pre_init.c.obj</name>
      </input_file>
      <input_file id="fl-d0">
         <path>C:\ti\ccsv8\tools\compiler\ti-cgt-arm_18.1.2.LTS\lib\</path>
         <kind>archive</kind>
         <file>rtsv7M4_T_le_v4SPD16_eabi.lib</file>
         <name>cpy_tbl.c.obj</name>
      </input_file>
      <input_file id="fl-d1">
         <path>C:\ti\ccsv8\tools\compiler\ti-cgt-arm_18.1.2.LTS\lib\</path>
         <kind>archive</kind>
         <file>rtsv7M4_T_le_v4SPD16_eabi.lib</file>
         <name>_printfi.c.obj</name>
      </input_file>
      <input_file id="fl-d2">
         <path>C:\ti\ccsv8\tools\compiler\ti-cgt-arm_18.1.2.LTS\lib\</path>
         <kind>archive</kind>
         <file>rtsv7M4_T_le_v4SPD16_eabi.lib</file>
         <name>atoi.c.obj</name>
      </input_file>
      <input_file id="fl-d3">
         <path>C:\ti\ccsv8\tools\compiler\ti-cgt-arm_18.1.2.LTS\lib\</path>
         <kind>archive</kind>
         <file>rtsv7M4_T_le_v4SPD16_eabi.lib</file>
         <name>ctype.c.obj</name>
      </input_file>
      <input_file id="fl-d4">
         <path>C:\ti\ccsv8\tools\compiler\ti-cgt-arm_18.1.2.LTS\lib\</path>
         <kind>archive</kind>
         <file>rtsv7M4_T_le_v4SPD16_eabi.lib</file>
         <name>ltoa.c.obj</name>
      </input_file>
      <input_file id="fl-d5">
         <path>C:\ti\ccsv8\tools\compiler\ti-cgt-arm_18.1.2.LTS\lib\</path>
         <kind>archive</kind>
         <file>rtsv7M4_T_le_v4SPD16_eabi.lib</file>
         <name>memccpy.c.obj</name>
      </input_file>
      <input_file id="fl-d6">
         <path>C:\ti\ccsv8\tools\compiler\ti-cgt-arm_18.1.2.LTS\lib\</path>
         <kind>archive</kind>
         <file>rtsv7M4_T_le_v4SPD16_eabi.lib</file>
         <name>strchr.c.obj</name>
      </input_file>
      <input_file id="fl-d7">
         <path>C:\ti\ccsv8\tools\compiler\ti-cgt-arm_18.1.2.LTS\lib\</path>
         <kind>archive</kind>
         <file>rtsv7M4_T_le_v4SPD16_eabi.lib</file>
         <name>strlen.c.obj</name>
      </input_file>
      <input_file id="fl-d8">
         <path>C:\ti\ccsv8\tools\compiler\ti-cgt-arm_18.1.2.LTS\lib\</path>
         <kind>archive</kind>
         <file>rtsv7M4_T_le_v4SPD16_eabi.lib</file>
         <name>s_frexp.c.obj</name>
      </input_file>
      <input_file id="fl-d9">
         <path>C:\ti\ccsv8\tools\compiler\ti-cgt-arm_18.1.2.LTS\lib\</path>
         <kind>archive</kind>
         <file>rtsv7M4_T_le_v4SPD16_eabi.lib</file>
         <name>s_scalbn.c.obj</name>
      </input_file>
      <input_file id="fl-da">
         <path>C:\ti\ccsv8\tools\compiler\ti-cgt-arm_18.1.2.LTS\lib\</path>
         <kind>archive</kind>
         <file>rtsv7M4_T_le_v4SPD16_eabi.lib</file>
         <name>s_copysign.c.obj</name>
      </input_file>
      <input_file id="fl-db">
         <path>C:\ti\ccsv8\tools\compiler\ti-cgt-arm_18.1.2.LTS\lib\</path>
         <kind>archive</kind>
         <file>rtsv7M4_T_le_v4SPD16_eabi.lib</file>
         <name>wcslen.c.obj</name>
      </input_file>
      <input_file id="fl-dc">
         <path>C:\ti\ccsv8\tools\compiler\ti-cgt-arm_18.1.2.LTS\lib\</path>
         <kind>archive</kind>
         <file>rtsv7M4_T_le_v4SPD16_eabi.lib</file>
         <name>fd_add_t2.asm.obj</name>
      </input_file>
      <input_file id="fl-dd">
         <path>C:\ti\ccsv8\tools\compiler\ti-cgt-arm_18.1.2.LTS\lib\</path>
         <kind>archive</kind>
         <file>rtsv7M4_T_le_v4SPD16_eabi.lib</file>
         <name>fd_cmp_t2.asm.obj</name>
      </input_file>
      <input_file id="fl-de">
         <path>C:\ti\ccsv8\tools\compiler\ti-cgt-arm_18.1.2.LTS\lib\</path>
         <kind>archive</kind>
         <file>rtsv7M4_T_le_v4SPD16_eabi.lib</file>
         <name>fd_div_t2.asm.obj</name>
      </input_file>
      <input_file id="fl-df">
         <path>C:\ti\ccsv8\tools\compiler\ti-cgt-arm_18.1.2.LTS\lib\</path>
         <kind>archive</kind>
         <file>rtsv7M4_T_le_v4SPD16_eabi.lib</file>
         <name>fd_mul_t2.asm.obj</name>
      </input_file>
      <input_file id="fl-e0">
         <path>C:\ti\ccsv8\tools\compiler\ti-cgt-arm_18.1.2.LTS\lib\</path>
         <kind>archive</kind>
         <file>rtsv7M4_T_le_v4SPD16_eabi.lib</file>
         <name>fd_toi_t2.asm.obj</name>
      </input_file>
      <input_file id="fl-e1">
         <path>C:\ti\ccsv8\tools\compiler\ti-cgt-arm_18.1.2.LTS\lib\</path>
         <kind>archive</kind>
         <file>rtsv7M4_T_le_v4SPD16_eabi.lib</file>
         <name>i_tofd_t2.asm.obj</name>
      </input_file>
      <input_file id="fl-e2">
         <path>C:\ti\ccsv8\tools\compiler\ti-cgt-arm_18.1.2.LTS\lib\</path>
         <kind>archive</kind>
         <file>rtsv7M4_T_le_v4SPD16_eabi.lib</file>
         <name>ull_div_t2.asm.obj</name>
      </input_file>
      <input_file id="fl-e3">
         <path>C:\ti\ccsv8\tools\compiler\ti-cgt-arm_18.1.2.LTS\lib\</path>
         <kind>archive</kind>
         <file>rtsv7M4_T_le_v4SPD16_eabi.lib</file>
         <name>errno.c.obj</name>
      </input_file>
      <input_file id="fl-e4">
         <path>C:\ti\ccsv8\tools\compiler\ti-cgt-arm_18.1.2.LTS\lib\</path>
         <kind>archive</kind>
         <file>rtsv7M4_T_le_v4SPD16_eabi.lib</file>
         <name>div0.asm.obj</name>
      </input_file>
   </input_file_list>
   <object_component_list>
      <object_component id="oc-23">
         <name>.intvecs:retain</name>
         <load_address>0x0</load_address>
         <run_address>0x0</run_address>
         <size>0xe4</size>
         <input_file_ref idref="fl-3"/>
      </object_component>
      <object_component id="oc-13a">
         <name>.text</name>
         <load_address>0xe4</load_address>
         <run_address>0xe4</run_address>
         <size>0x104c</size>
         <input_file_ref idref="fl-d"/>
      </object_component>
      <object_component id="oc-6a">
         <name>.text</name>
         <load_address>0x1130</load_address>
         <run_address>0x1130</run_address>
         <size>0xae4</size>
         <input_file_ref idref="fl-2"/>
      </object_component>
      <object_component id="oc-14d">
         <name>.text:__TI_printfi</name>
         <load_address>0x1c14</load_address>
         <run_address>0x1c14</run_address>
         <size>0xa5e</size>
         <input_file_ref idref="fl-d1"/>
      </object_component>
      <object_component id="oc-2e0">
         <name>.text</name>
         <load_address>0x2672</load_address>
         <run_address>0x2672</run_address>
         <size>0x2</size>
         <input_file_ref idref="fl-e4"/>
      </object_component>
      <object_component id="oc-a9">
         <name>.text</name>
         <load_address>0x2674</load_address>
         <run_address>0x2674</run_address>
         <size>0x8a8</size>
         <input_file_ref idref="fl-b"/>
      </object_component>
      <object_component id="oc-a2">
         <name>.text</name>
         <load_address>0x2f1c</load_address>
         <run_address>0x2f1c</run_address>
         <size>0x334</size>
         <input_file_ref idref="fl-4"/>
      </object_component>
      <object_component id="oc-1ee">
         <name>.text:_pconv_a</name>
         <load_address>0x3250</load_address>
         <run_address>0x3250</run_address>
         <size>0x270</size>
         <input_file_ref idref="fl-d1"/>
      </object_component>
      <object_component id="oc-1dc">
         <name>.text:_pconv_g</name>
         <load_address>0x34c0</load_address>
         <run_address>0x34c0</run_address>
         <size>0x1d0</size>
         <input_file_ref idref="fl-d1"/>
      </object_component>
      <object_component id="oc-271">
         <name>.text</name>
         <load_address>0x3690</load_address>
         <run_address>0x3690</run_address>
         <size>0x1b6</size>
         <input_file_ref idref="fl-dc"/>
      </object_component>
      <object_component id="oc-131">
         <name>.text</name>
         <load_address>0x3848</load_address>
         <run_address>0x3848</run_address>
         <size>0x188</size>
         <input_file_ref idref="fl-c"/>
      </object_component>
      <object_component id="oc-1e8">
         <name>.text:_pconv_e</name>
         <load_address>0x39d0</load_address>
         <run_address>0x39d0</run_address>
         <size>0x13c</size>
         <input_file_ref idref="fl-d1"/>
      </object_component>
      <object_component id="oc-257">
         <name>.text</name>
         <load_address>0x3b0c</load_address>
         <run_address>0x3b0c</run_address>
         <size>0x136</size>
         <input_file_ref idref="fl-de"/>
      </object_component>
      <object_component id="oc-283">
         <name>.text:fcvt</name>
         <load_address>0x3c44</load_address>
         <run_address>0x3c44</run_address>
         <size>0x120</size>
         <input_file_ref idref="fl-d1"/>
      </object_component>
      <object_component id="oc-297">
         <name>.text:scalbn</name>
         <load_address>0x3d64</load_address>
         <run_address>0x3d64</run_address>
         <size>0x110</size>
         <input_file_ref idref="fl-d9"/>
      </object_component>
      <object_component id="oc-252">
         <name>.text</name>
         <load_address>0x3e74</load_address>
         <run_address>0x3e74</run_address>
         <size>0xfc</size>
         <input_file_ref idref="fl-df"/>
      </object_component>
      <object_component id="oc-1d1">
         <name>.text:_ltostr</name>
         <load_address>0x3f70</load_address>
         <run_address>0x3f70</run_address>
         <size>0xb1</size>
         <input_file_ref idref="fl-d1"/>
      </object_component>
      <object_component id="oc-34">
         <name>.text</name>
         <load_address>0x4022</load_address>
         <run_address>0x4022</run_address>
         <size>0x9c</size>
         <input_file_ref idref="fl-c4"/>
      </object_component>
      <object_component id="oc-24b">
         <name>.text</name>
         <load_address>0x40be</load_address>
         <run_address>0x40be</run_address>
         <size>0x96</size>
         <input_file_ref idref="fl-e2"/>
      </object_component>
      <object_component id="oc-1d7">
         <name>.text:__aeabi_cdcmple</name>
         <load_address>0x4154</load_address>
         <run_address>0x4154</run_address>
         <size>0x86</size>
         <input_file_ref idref="fl-dd"/>
      </object_component>
      <object_component id="oc-25c">
         <name>.text:__aeabi_cdrcmple</name>
         <load_address>0x41da</load_address>
         <run_address>0x41da</run_address>
         <size>0x86</size>
         <input_file_ref idref="fl-dd"/>
      </object_component>
      <object_component id="oc-8a">
         <name>.text</name>
         <load_address>0x4260</load_address>
         <run_address>0x4260</run_address>
         <size>0x7a</size>
         <input_file_ref idref="fl-cd"/>
      </object_component>
      <object_component id="oc-c3">
         <name>.text</name>
         <load_address>0x42dc</load_address>
         <run_address>0x42dc</run_address>
         <size>0x78</size>
         <input_file_ref idref="fl-a"/>
      </object_component>
      <object_component id="oc-27c">
         <name>.text:_mcpy</name>
         <load_address>0x4354</load_address>
         <run_address>0x4354</run_address>
         <size>0x6e</size>
         <input_file_ref idref="fl-d1"/>
      </object_component>
      <object_component id="oc-14">
         <name>.text:decompress:lzss:__TI_decompress_lzss</name>
         <load_address>0x43c2</load_address>
         <run_address>0x43c2</run_address>
         <size>0x68</size>
         <input_file_ref idref="fl-c7"/>
      </object_component>
      <object_component id="oc-291">
         <name>.text:frexp</name>
         <load_address>0x442c</load_address>
         <run_address>0x442c</run_address>
         <size>0x64</size>
         <input_file_ref idref="fl-d8"/>
      </object_component>
      <object_component id="oc-1e2">
         <name>.text:_pconv_f</name>
         <load_address>0x4490</load_address>
         <run_address>0x4490</run_address>
         <size>0x56</size>
         <input_file_ref idref="fl-d1"/>
      </object_component>
      <object_component id="oc-266">
         <name>.text:ltoa</name>
         <load_address>0x44e6</load_address>
         <run_address>0x44e6</run_address>
         <size>0x54</size>
         <input_file_ref idref="fl-d4"/>
      </object_component>
      <object_component id="oc-276">
         <name>.text:_ecpy</name>
         <load_address>0x453a</load_address>
         <run_address>0x453a</run_address>
         <size>0x52</size>
         <input_file_ref idref="fl-d1"/>
      </object_component>
      <object_component id="oc-1cb">
         <name>.text:atoi</name>
         <load_address>0x458c</load_address>
         <run_address>0x458c</run_address>
         <size>0x4c</size>
         <input_file_ref idref="fl-d2"/>
      </object_component>
      <object_component id="oc-261">
         <name>.text</name>
         <load_address>0x45d8</load_address>
         <run_address>0x45d8</run_address>
         <size>0x48</size>
         <input_file_ref idref="fl-e0"/>
      </object_component>
      <object_component id="oc-fb">
         <name>.text:__TI_auto_init_nobinit_nopinit:__TI_auto_init_nobinit_nopinit</name>
         <load_address>0x4620</load_address>
         <run_address>0x4620</run_address>
         <size>0x44</size>
         <input_file_ref idref="fl-ce"/>
      </object_component>
      <object_component id="oc-af">
         <name>.text:sprintf</name>
         <load_address>0x4664</load_address>
         <run_address>0x4664</run_address>
         <size>0x40</size>
         <input_file_ref idref="fl-cc"/>
      </object_component>
      <object_component id="oc-289">
         <name>.text:_fcpy</name>
         <load_address>0x46a4</load_address>
         <run_address>0x46a4</run_address>
         <size>0x3e</size>
         <input_file_ref idref="fl-d1"/>
      </object_component>
      <object_component id="oc-52">
         <name>.text:_c_int00_noargs:_c_int00_noargs</name>
         <load_address>0x46e4</load_address>
         <run_address>0x46e4</run_address>
         <size>0x38</size>
         <input_file_ref idref="fl-c8"/>
      </object_component>
      <object_component id="oc-c9">
         <name>.text</name>
         <load_address>0x471c</load_address>
         <run_address>0x471c</run_address>
         <size>0x38</size>
         <input_file_ref idref="fl-c3"/>
      </object_component>
      <object_component id="oc-26c">
         <name>.text</name>
         <load_address>0x4754</load_address>
         <run_address>0x4754</run_address>
         <size>0x2e</size>
         <input_file_ref idref="fl-e1"/>
      </object_component>
      <object_component id="oc-1f4">
         <name>.text:memccpy</name>
         <load_address>0x4782</load_address>
         <run_address>0x4782</run_address>
         <size>0x1c</size>
         <input_file_ref idref="fl-d5"/>
      </object_component>
      <object_component id="oc-153">
         <name>.text:_outs</name>
         <load_address>0x479e</load_address>
         <run_address>0x479e</run_address>
         <size>0x18</size>
         <input_file_ref idref="fl-cc"/>
      </object_component>
      <object_component id="oc-29d">
         <name>.text:strchr</name>
         <load_address>0x47b6</load_address>
         <run_address>0x47b6</run_address>
         <size>0x16</size>
         <input_file_ref idref="fl-d6"/>
      </object_component>
      <object_component id="oc-2f9">
         <name>.text:copysign</name>
         <load_address>0x47cc</load_address>
         <run_address>0x47cc</run_address>
         <size>0x14</size>
         <input_file_ref idref="fl-da"/>
      </object_component>
      <object_component id="oc-1c5">
         <name>.text:strlen</name>
         <load_address>0x47e0</load_address>
         <run_address>0x47e0</run_address>
         <size>0x14</size>
         <input_file_ref idref="fl-d7"/>
      </object_component>
      <object_component id="oc-1fa">
         <name>.text:wcslen</name>
         <load_address>0x47f4</load_address>
         <run_address>0x47f4</run_address>
         <size>0x12</size>
         <input_file_ref idref="fl-db"/>
      </object_component>
      <object_component id="oc-1a">
         <name>.text:decompress:none:__TI_decompress_none</name>
         <load_address>0x4806</load_address>
         <run_address>0x4806</run_address>
         <size>0xe</size>
         <input_file_ref idref="fl-c6"/>
      </object_component>
      <object_component id="oc-64">
         <name>.text</name>
         <load_address>0x4814</load_address>
         <run_address>0x4814</run_address>
         <size>0xe</size>
         <input_file_ref idref="fl-3"/>
      </object_component>
      <object_component id="oc-46">
         <name>.text:decompress:ZI:__TI_zero_init</name>
         <load_address>0x4822</load_address>
         <run_address>0x4822</run_address>
         <size>0xc</size>
         <input_file_ref idref="fl-c5"/>
      </object_component>
      <object_component id="oc-159">
         <name>.text:_outc</name>
         <load_address>0x482e</load_address>
         <run_address>0x482e</run_address>
         <size>0xa</size>
         <input_file_ref idref="fl-cc"/>
      </object_component>
      <object_component id="oc-200">
         <name>.text:__aeabi_errno_addr</name>
         <load_address>0x4838</load_address>
         <run_address>0x4838</run_address>
         <size>0x8</size>
         <input_file_ref idref="fl-e3"/>
      </object_component>
      <object_component id="oc-90">
         <name>.text:_system_pre_init</name>
         <load_address>0x4840</load_address>
         <run_address>0x4840</run_address>
         <size>0x4</size>
         <input_file_ref idref="fl-cf"/>
      </object_component>
      <object_component id="oc-ef">
         <name>.text:abort:abort</name>
         <load_address>0x4844</load_address>
         <run_address>0x4844</run_address>
         <size>0x4</size>
         <input_file_ref idref="fl-c9"/>
      </object_component>
      <object_component id="oc-1aa">
         <name>.const:font_11x16</name>
         <load_address>0x4848</load_address>
         <run_address>0x4848</run_address>
         <size>0x82a</size>
         <input_file_ref idref="fl-d"/>
      </object_component>
      <object_component id="oc-1ad">
         <name>.const:font_8x12</name>
         <load_address>0x5072</load_address>
         <run_address>0x5072</run_address>
         <size>0x474</size>
         <input_file_ref idref="fl-d"/>
      </object_component>
      <object_component id="oc-1a7">
         <name>.const:font_5x7</name>
         <load_address>0x54e6</load_address>
         <run_address>0x54e6</run_address>
         <size>0x1e0</size>
         <input_file_ref idref="fl-d"/>
      </object_component>
      <object_component id="oc-246">
         <name>.const:.string:_ctypes_</name>
         <load_address>0x56c6</load_address>
         <run_address>0x56c6</run_address>
         <size>0x101</size>
         <input_file_ref idref="fl-d3"/>
      </object_component>
      <object_component id="oc-140">
         <name>.const:.string:$P$T0$1</name>
         <load_address>0x57c7</load_address>
         <run_address>0x57c7</run_address>
         <size>0x10</size>
         <input_file_ref idref="fl-b"/>
      </object_component>
      <object_component id="oc-143">
         <name>.const:.string:$P$T1$2</name>
         <load_address>0x57d7</load_address>
         <run_address>0x57d7</run_address>
         <size>0x10</size>
         <input_file_ref idref="fl-b"/>
      </object_component>
      <object_component id="oc-355">
         <name>.cinit..data.load</name>
         <load_address>0x57e8</load_address>
         <run_address>0x57e8</run_address>
         <size>0x3c</size>
      </object_component>
      <object_component id="oc-353">
         <name>__TI_handler_table</name>
         <load_address>0x5824</load_address>
         <run_address>0x5824</run_address>
         <size>0xc</size>
      </object_component>
      <object_component id="oc-356">
         <name>.cinit..bss.load</name>
         <load_address>0x5830</load_address>
         <run_address>0x5830</run_address>
         <size>0x8</size>
      </object_component>
      <object_component id="oc-354">
         <name>__TI_cinit_table</name>
         <load_address>0x5838</load_address>
         <run_address>0x5838</run_address>
         <size>0x10</size>
      </object_component>
      <object_component id="oc-328">
         <name>.binit</name>
         <load_address>0x0</load_address>
         <run_address>0x0</run_address>
         <size>0x0</size>
      </object_component>
      <object_component id="oc-ce">
         <name>.data:saludo</name>
         <load_address>0x20000446</load_address>
         <run_address>0x20000446</run_address>
         <size>0x10</size>
         <input_file_ref idref="fl-2"/>
      </object_component>
      <object_component id="oc-b5">
         <name>.data:borrado</name>
         <load_address>0x20000436</load_address>
         <run_address>0x20000436</run_address>
         <size>0x10</size>
         <input_file_ref idref="fl-2"/>
      </object_component>
      <object_component id="oc-bc">
         <name>.data</name>
         <load_address>0x20000418</load_address>
         <run_address>0x20000418</run_address>
         <size>0x1e</size>
         <input_file_ref idref="fl-2"/>
      </object_component>
      <object_component id="oc-12d">
         <name>.data</name>
         <load_address>0x20000468</load_address>
         <run_address>0x20000468</run_address>
         <size>0x4</size>
         <input_file_ref idref="fl-4"/>
      </object_component>
      <object_component id="oc-137">
         <name>.data</name>
         <load_address>0x20000456</load_address>
         <run_address>0x20000456</run_address>
         <size>0xa</size>
         <input_file_ref idref="fl-b"/>
      </object_component>
      <object_component id="oc-1a4">
         <name>.data</name>
         <load_address>0x20000460</load_address>
         <run_address>0x20000460</run_address>
         <size>0x4</size>
         <input_file_ref idref="fl-d"/>
      </object_component>
      <object_component id="oc-2ad">
         <name>.data</name>
         <load_address>0x20000464</load_address>
         <run_address>0x20000464</run_address>
         <size>0x4</size>
         <input_file_ref idref="fl-e3"/>
      </object_component>
      <object_component id="oc-1b0">
         <name>.bss:g_pulConvertedPalette</name>
         <uninitialized>true</uninitialized>
         <run_address>0x20000000</run_address>
         <size>0x400</size>
         <input_file_ref idref="fl-d"/>
      </object_component>
      <object_component id="oc-c0">
         <name>.common:cadena</name>
         <uninitialized>true</uninitialized>
         <run_address>0x20000400</run_address>
         <size>0x10</size>
      </object_component>
      <object_component id="oc-c2">
         <name>.common:count_ms</name>
         <uninitialized>true</uninitialized>
         <run_address>0x20000410</run_address>
         <size>0x2</size>
      </object_component>
      <object_component id="oc-b8">
         <name>.common:seg</name>
         <uninitialized>true</uninitialized>
         <run_address>0x20000415</run_address>
         <size>0x1</size>
      </object_component>
      <object_component id="oc-bb">
         <name>.common:min</name>
         <uninitialized>true</uninitialized>
         <run_address>0x20000413</run_address>
         <size>0x1</size>
      </object_component>
      <object_component id="oc-c1">
         <name>.common:alarma_ho</name>
         <uninitialized>true</uninitialized>
         <run_address>0x20000412</run_address>
         <size>0x1</size>
      </object_component>
      <object_component id="oc-bf">
         <name>.common:selec_alarma_ho</name>
         <uninitialized>true</uninitialized>
         <run_address>0x20000416</run_address>
         <size>0x1</size>
      </object_component>
      <object_component id="oc-d1">
         <name>.common:pos_actual</name>
         <uninitialized>true</uninitialized>
         <run_address>0x20000414</run_address>
         <size>0x1</size>
      </object_component>
      <object_component id="oc-26">
         <name>.stack</name>
         <uninitialized>true</uninitialized>
         <run_address>0x2000fe00</run_address>
         <size>0x4</size>
         <input_file_ref idref="fl-c8"/>
      </object_component>
      <object_component id="oc-357">
         <name>.stack</name>
         <uninitialized>true</uninitialized>
         <run_address>0x2000fe00</run_address>
         <size>0x0</size>
      </object_component>
      <object_component id="oc-b9">
         <name>.debug_info</name>
         <load_address>0x0</load_address>
         <run_address>0x0</run_address>
         <size>0x710</size>
         <input_file_ref idref="fl-2"/>
      </object_component>
      <object_component id="oc-cf">
         <name>.debug_info</name>
         <load_address>0x710</load_address>
         <run_address>0x710</run_address>
         <size>0xb9</size>
         <input_file_ref idref="fl-2"/>
      </object_component>
      <object_component id="oc-b6">
         <name>.debug_info</name>
         <load_address>0x7c9</load_address>
         <run_address>0x7c9</run_address>
         <size>0xbb</size>
         <input_file_ref idref="fl-2"/>
      </object_component>
      <object_component id="oc-bd">
         <name>.debug_info</name>
         <load_address>0x884</load_address>
         <run_address>0x884</run_address>
         <size>0x2da</size>
         <input_file_ref idref="fl-2"/>
      </object_component>
      <object_component id="oc-6b">
         <name>.debug_info</name>
         <load_address>0xb5e</load_address>
         <run_address>0xb5e</run_address>
         <size>0xecc</size>
         <input_file_ref idref="fl-2"/>
      </object_component>
      <object_component id="oc-16f">
         <name>.debug_info</name>
         <load_address>0x1a2a</load_address>
         <run_address>0x1a2a</run_address>
         <size>0x1055</size>
         <input_file_ref idref="fl-2"/>
      </object_component>
      <object_component id="oc-da">
         <name>.debug_info</name>
         <load_address>0x2a7f</load_address>
         <run_address>0x2a7f</run_address>
         <size>0x26b</size>
         <input_file_ref idref="fl-2"/>
      </object_component>
      <object_component id="oc-16a">
         <name>.debug_info</name>
         <load_address>0x2cea</load_address>
         <run_address>0x2cea</run_address>
         <size>0x37e2</size>
         <input_file_ref idref="fl-2"/>
      </object_component>
      <object_component id="oc-2f">
         <name>.debug_info</name>
         <load_address>0x64cc</load_address>
         <run_address>0x64cc</run_address>
         <size>0x84</size>
         <input_file_ref idref="fl-2"/>
      </object_component>
      <object_component id="oc-17a">
         <name>.debug_info</name>
         <load_address>0x6550</load_address>
         <run_address>0x6550</run_address>
         <size>0x297</size>
         <input_file_ref idref="fl-2"/>
      </object_component>
      <object_component id="oc-d3">
         <name>.debug_info</name>
         <load_address>0x67e7</load_address>
         <run_address>0x67e7</run_address>
         <size>0xbb</size>
         <input_file_ref idref="fl-2"/>
      </object_component>
      <object_component id="oc-161">
         <name>.debug_info</name>
         <load_address>0x68a2</load_address>
         <run_address>0x68a2</run_address>
         <size>0x2c</size>
         <input_file_ref idref="fl-2"/>
      </object_component>
      <object_component id="oc-72">
         <name>.debug_info</name>
         <load_address>0x68ce</load_address>
         <run_address>0x68ce</run_address>
         <size>0x2a1</size>
         <input_file_ref idref="fl-3"/>
      </object_component>
      <object_component id="oc-24">
         <name>.debug_info</name>
         <load_address>0x6b6f</load_address>
         <run_address>0x6b6f</run_address>
         <size>0xcd</size>
         <input_file_ref idref="fl-3"/>
      </object_component>
      <object_component id="oc-65">
         <name>.debug_info</name>
         <load_address>0x6c3c</load_address>
         <run_address>0x6c3c</run_address>
         <size>0x194</size>
         <input_file_ref idref="fl-3"/>
      </object_component>
      <object_component id="oc-12e">
         <name>.debug_info</name>
         <load_address>0x6dd0</load_address>
         <run_address>0x6dd0</run_address>
         <size>0xc6</size>
         <input_file_ref idref="fl-4"/>
      </object_component>
      <object_component id="oc-a3">
         <name>.debug_info</name>
         <load_address>0x6e96</load_address>
         <run_address>0x6e96</run_address>
         <size>0x238</size>
         <input_file_ref idref="fl-4"/>
      </object_component>
      <object_component id="oc-243">
         <name>.debug_info</name>
         <load_address>0x70ce</load_address>
         <run_address>0x70ce</run_address>
         <size>0x395</size>
         <input_file_ref idref="fl-a"/>
      </object_component>
      <object_component id="oc-c5">
         <name>.debug_info</name>
         <load_address>0x7463</load_address>
         <run_address>0x7463</run_address>
         <size>0x181</size>
         <input_file_ref idref="fl-a"/>
      </object_component>
      <object_component id="oc-2d4">
         <name>.debug_info</name>
         <load_address>0x75e4</load_address>
         <run_address>0x75e4</run_address>
         <size>0x37cd</size>
         <input_file_ref idref="fl-a"/>
      </object_component>
      <object_component id="oc-1c0">
         <name>.debug_info</name>
         <load_address>0xadb1</load_address>
         <run_address>0xadb1</run_address>
         <size>0x1055</size>
         <input_file_ref idref="fl-a"/>
      </object_component>
      <object_component id="oc-147">
         <name>.debug_info</name>
         <load_address>0xbe06</load_address>
         <run_address>0xbe06</run_address>
         <size>0x18b</size>
         <input_file_ref idref="fl-a"/>
      </object_component>
      <object_component id="oc-14c">
         <name>.debug_info</name>
         <load_address>0xbf91</load_address>
         <run_address>0xbf91</run_address>
         <size>0x689</size>
         <input_file_ref idref="fl-b"/>
      </object_component>
      <object_component id="oc-138">
         <name>.debug_info</name>
         <load_address>0xc61a</load_address>
         <run_address>0xc61a</run_address>
         <size>0x19a</size>
         <input_file_ref idref="fl-b"/>
      </object_component>
      <object_component id="oc-141">
         <name>.debug_info</name>
         <load_address>0xc7b4</load_address>
         <run_address>0xc7b4</run_address>
         <size>0xc6</size>
         <input_file_ref idref="fl-b"/>
      </object_component>
      <object_component id="oc-144">
         <name>.debug_info</name>
         <load_address>0xc87a</load_address>
         <run_address>0xc87a</run_address>
         <size>0xc6</size>
         <input_file_ref idref="fl-b"/>
      </object_component>
      <object_component id="oc-ab">
         <name>.debug_info</name>
         <load_address>0xc940</load_address>
         <run_address>0xc940</run_address>
         <size>0x1818</size>
         <input_file_ref idref="fl-b"/>
      </object_component>
      <object_component id="oc-1bb">
         <name>.debug_info</name>
         <load_address>0xe158</load_address>
         <run_address>0xe158</run_address>
         <size>0x37cd</size>
         <input_file_ref idref="fl-b"/>
      </object_component>
      <object_component id="oc-132">
         <name>.debug_info</name>
         <load_address>0x11925</load_address>
         <run_address>0x11925</run_address>
         <size>0x28b</size>
         <input_file_ref idref="fl-c"/>
      </object_component>
      <object_component id="oc-1b4">
         <name>.debug_info</name>
         <load_address>0x11bb0</load_address>
         <run_address>0x11bb0</run_address>
         <size>0x1f1</size>
         <input_file_ref idref="fl-d"/>
      </object_component>
      <object_component id="oc-1a8">
         <name>.debug_info</name>
         <load_address>0x11da1</load_address>
         <run_address>0x11da1</run_address>
         <size>0xce</size>
         <input_file_ref idref="fl-d"/>
      </object_component>
      <object_component id="oc-1ae">
         <name>.debug_info</name>
         <load_address>0x11e6f</load_address>
         <run_address>0x11e6f</run_address>
         <size>0xd0</size>
         <input_file_ref idref="fl-d"/>
      </object_component>
      <object_component id="oc-1ab">
         <name>.debug_info</name>
         <load_address>0x11f3f</load_address>
         <run_address>0x11f3f</run_address>
         <size>0xd2</size>
         <input_file_ref idref="fl-d"/>
      </object_component>
      <object_component id="oc-1a5">
         <name>.debug_info</name>
         <load_address>0x12011</load_address>
         <run_address>0x12011</run_address>
         <size>0x15d</size>
         <input_file_ref idref="fl-d"/>
      </object_component>
      <object_component id="oc-1b1">
         <name>.debug_info</name>
         <load_address>0x1216e</load_address>
         <run_address>0x1216e</run_address>
         <size>0xe7</size>
         <input_file_ref idref="fl-d"/>
      </object_component>
      <object_component id="oc-13b">
         <name>.debug_info</name>
         <load_address>0x12255</load_address>
         <run_address>0x12255</run_address>
         <size>0x1a6f</size>
         <input_file_ref idref="fl-d"/>
      </object_component>
      <object_component id="oc-ca">
         <name>.debug_info</name>
         <load_address>0x13cc4</load_address>
         <run_address>0x13cc4</run_address>
         <size>0x124</size>
         <input_file_ref idref="fl-c3"/>
      </object_component>
      <object_component id="oc-37">
         <name>.debug_info</name>
         <load_address>0x13de8</load_address>
         <run_address>0x13de8</run_address>
         <size>0x111</size>
         <input_file_ref idref="fl-c4"/>
      </object_component>
      <object_component id="oc-89">
         <name>.debug_info</name>
         <load_address>0x13ef9</load_address>
         <run_address>0x13ef9</run_address>
         <size>0x313</size>
         <input_file_ref idref="fl-c5"/>
      </object_component>
      <object_component id="oc-47">
         <name>.debug_info</name>
         <load_address>0x1420c</load_address>
         <run_address>0x1420c</run_address>
         <size>0x1aa</size>
         <input_file_ref idref="fl-c5"/>
      </object_component>
      <object_component id="oc-84">
         <name>.debug_info</name>
         <load_address>0x143b6</load_address>
         <run_address>0x143b6</run_address>
         <size>0x46</size>
         <input_file_ref idref="fl-c5"/>
      </object_component>
      <object_component id="oc-e6">
         <name>.debug_info</name>
         <load_address>0x143fc</load_address>
         <run_address>0x143fc</run_address>
         <size>0x2c</size>
         <input_file_ref idref="fl-c5"/>
      </object_component>
      <object_component id="oc-3f">
         <name>.debug_info</name>
         <load_address>0x14428</load_address>
         <run_address>0x14428</run_address>
         <size>0x29d</size>
         <input_file_ref idref="fl-c6"/>
      </object_component>
      <object_component id="oc-1b">
         <name>.debug_info</name>
         <load_address>0x146c5</load_address>
         <run_address>0x146c5</run_address>
         <size>0x1df</size>
         <input_file_ref idref="fl-c6"/>
      </object_component>
      <object_component id="oc-3a">
         <name>.debug_info</name>
         <load_address>0x148a4</load_address>
         <run_address>0x148a4</run_address>
         <size>0x46</size>
         <input_file_ref idref="fl-c6"/>
      </object_component>
      <object_component id="oc-7c">
         <name>.debug_info</name>
         <load_address>0x148ea</load_address>
         <run_address>0x148ea</run_address>
         <size>0x2c</size>
         <input_file_ref idref="fl-c6"/>
      </object_component>
      <object_component id="oc-7a">
         <name>.debug_info</name>
         <load_address>0x14916</load_address>
         <run_address>0x14916</run_address>
         <size>0x293</size>
         <input_file_ref idref="fl-c7"/>
      </object_component>
      <object_component id="oc-15">
         <name>.debug_info</name>
         <load_address>0x14ba9</load_address>
         <run_address>0x14ba9</run_address>
         <size>0x245</size>
         <input_file_ref idref="fl-c7"/>
      </object_component>
      <object_component id="oc-2a">
         <name>.debug_info</name>
         <load_address>0x14dee</load_address>
         <run_address>0x14dee</run_address>
         <size>0x60</size>
         <input_file_ref idref="fl-c7"/>
      </object_component>
      <object_component id="oc-df">
         <name>.debug_info</name>
         <load_address>0x14e4e</load_address>
         <run_address>0x14e4e</run_address>
         <size>0x46</size>
         <input_file_ref idref="fl-c7"/>
      </object_component>
      <object_component id="oc-75">
         <name>.debug_info</name>
         <load_address>0x14e94</load_address>
         <run_address>0x14e94</run_address>
         <size>0x39</size>
         <input_file_ref idref="fl-c7"/>
      </object_component>
      <object_component id="oc-27">
         <name>.debug_info</name>
         <load_address>0x14ecd</load_address>
         <run_address>0x14ecd</run_address>
         <size>0x100</size>
         <input_file_ref idref="fl-c8"/>
      </object_component>
      <object_component id="oc-53">
         <name>.debug_info</name>
         <load_address>0x14fcd</load_address>
         <run_address>0x14fcd</run_address>
         <size>0x1a4</size>
         <input_file_ref idref="fl-c8"/>
      </object_component>
      <object_component id="oc-f0">
         <name>.debug_info</name>
         <load_address>0x15171</load_address>
         <run_address>0x15171</run_address>
         <size>0x117</size>
         <input_file_ref idref="fl-c9"/>
      </object_component>
      <object_component id="oc-160">
         <name>.debug_info</name>
         <load_address>0x15288</load_address>
         <run_address>0x15288</run_address>
         <size>0x328</size>
         <input_file_ref idref="fl-cc"/>
      </object_component>
      <object_component id="oc-b0">
         <name>.debug_info</name>
         <load_address>0x155b0</load_address>
         <run_address>0x155b0</run_address>
         <size>0x1c6</size>
         <input_file_ref idref="fl-cc"/>
      </object_component>
      <object_component id="oc-154">
         <name>.debug_info</name>
         <load_address>0x15776</load_address>
         <run_address>0x15776</run_address>
         <size>0x182</size>
         <input_file_ref idref="fl-cc"/>
      </object_component>
      <object_component id="oc-15a">
         <name>.debug_info</name>
         <load_address>0x158f8</load_address>
         <run_address>0x158f8</run_address>
         <size>0x162</size>
         <input_file_ref idref="fl-cc"/>
      </object_component>
      <object_component id="oc-2b4">
         <name>.debug_info</name>
         <load_address>0x15a5a</load_address>
         <run_address>0x15a5a</run_address>
         <size>0x2c</size>
         <input_file_ref idref="fl-cc"/>
      </object_component>
      <object_component id="oc-8b">
         <name>.debug_info</name>
         <load_address>0x15a86</load_address>
         <run_address>0x15a86</run_address>
         <size>0x13f</size>
         <input_file_ref idref="fl-cd"/>
      </object_component>
      <object_component id="oc-18a">
         <name>.debug_info</name>
         <load_address>0x15bc5</load_address>
         <run_address>0x15bc5</run_address>
         <size>0x547</size>
         <input_file_ref idref="fl-ce"/>
      </object_component>
      <object_component id="oc-fc">
         <name>.debug_info</name>
         <load_address>0x1610c</load_address>
         <run_address>0x1610c</run_address>
         <size>0x19b</size>
         <input_file_ref idref="fl-ce"/>
      </object_component>
      <object_component id="oc-226">
         <name>.debug_info</name>
         <load_address>0x162a7</load_address>
         <run_address>0x162a7</run_address>
         <size>0x39</size>
         <input_file_ref idref="fl-ce"/>
      </object_component>
      <object_component id="oc-2c6">
         <name>.debug_info</name>
         <load_address>0x162e0</load_address>
         <run_address>0x162e0</run_address>
         <size>0x39</size>
         <input_file_ref idref="fl-ce"/>
      </object_component>
      <object_component id="oc-22b">
         <name>.debug_info</name>
         <load_address>0x16319</load_address>
         <run_address>0x16319</run_address>
         <size>0x39</size>
         <input_file_ref idref="fl-ce"/>
      </object_component>
      <object_component id="oc-230">
         <name>.debug_info</name>
         <load_address>0x16352</load_address>
         <run_address>0x16352</run_address>
         <size>0xcd</size>
         <input_file_ref idref="fl-ce"/>
      </object_component>
      <object_component id="oc-91">
         <name>.debug_info</name>
         <load_address>0x1641f</load_address>
         <run_address>0x1641f</run_address>
         <size>0x148</size>
         <input_file_ref idref="fl-cf"/>
      </object_component>
      <object_component id="oc-207">
         <name>.debug_info</name>
         <load_address>0x16567</load_address>
         <run_address>0x16567</run_address>
         <size>0x8a6</size>
         <input_file_ref idref="fl-d1"/>
      </object_component>
      <object_component id="oc-1d2">
         <name>.debug_info</name>
         <load_address>0x16e0d</load_address>
         <run_address>0x16e0d</run_address>
         <size>0x213</size>
         <input_file_ref idref="fl-d1"/>
      </object_component>
      <object_component id="oc-277">
         <name>.debug_info</name>
         <load_address>0x17020</load_address>
         <run_address>0x17020</run_address>
         <size>0x1a8</size>
         <input_file_ref idref="fl-d1"/>
      </object_component>
      <object_component id="oc-27d">
         <name>.debug_info</name>
         <load_address>0x171c8</load_address>
         <run_address>0x171c8</run_address>
         <size>0x210</size>
         <input_file_ref idref="fl-d1"/>
      </object_component>
      <object_component id="oc-1dd">
         <name>.debug_info</name>
         <load_address>0x173d8</load_address>
         <run_address>0x173d8</run_address>
         <size>0x3b0</size>
         <input_file_ref idref="fl-d1"/>
      </object_component>
      <object_component id="oc-284">
         <name>.debug_info</name>
         <load_address>0x17788</load_address>
         <run_address>0x17788</run_address>
         <size>0x2fa</size>
         <input_file_ref idref="fl-d1"/>
      </object_component>
      <object_component id="oc-28a">
         <name>.debug_info</name>
         <load_address>0x17a82</load_address>
         <run_address>0x17a82</run_address>
         <size>0x20a</size>
         <input_file_ref idref="fl-d1"/>
      </object_component>
      <object_component id="oc-1e3">
         <name>.debug_info</name>
         <load_address>0x17c8c</load_address>
         <run_address>0x17c8c</run_address>
         <size>0x20a</size>
         <input_file_ref idref="fl-d1"/>
      </object_component>
      <object_component id="oc-1e9">
         <name>.debug_info</name>
         <load_address>0x17e96</load_address>
         <run_address>0x17e96</run_address>
         <size>0x2f9</size>
         <input_file_ref idref="fl-d1"/>
      </object_component>
      <object_component id="oc-1ef">
         <name>.debug_info</name>
         <load_address>0x1818f</load_address>
         <run_address>0x1818f</run_address>
         <size>0x4a5</size>
         <input_file_ref idref="fl-d1"/>
      </object_component>
      <object_component id="oc-14e">
         <name>.debug_info</name>
         <load_address>0x18634</load_address>
         <run_address>0x18634</run_address>
         <size>0x5cd</size>
         <input_file_ref idref="fl-d1"/>
      </object_component>
      <object_component id="oc-208">
         <name>.debug_info</name>
         <load_address>0x18c01</load_address>
         <run_address>0x18c01</run_address>
         <size>0x86</size>
         <input_file_ref idref="fl-d1"/>
      </object_component>
      <object_component id="oc-2b9">
         <name>.debug_info</name>
         <load_address>0x18c87</load_address>
         <run_address>0x18c87</run_address>
         <size>0x39</size>
         <input_file_ref idref="fl-d1"/>
      </object_component>
      <object_component id="oc-310">
         <name>.debug_info</name>
         <load_address>0x18cc0</load_address>
         <run_address>0x18cc0</run_address>
         <size>0xb6</size>
         <input_file_ref idref="fl-d1"/>
      </object_component>
      <object_component id="oc-2be">
         <name>.debug_info</name>
         <load_address>0x18d76</load_address>
         <run_address>0x18d76</run_address>
         <size>0x46</size>
         <input_file_ref idref="fl-d1"/>
      </object_component>
      <object_component id="oc-20d">
         <name>.debug_info</name>
         <load_address>0x18dbc</load_address>
         <run_address>0x18dbc</run_address>
         <size>0x46</size>
         <input_file_ref idref="fl-d1"/>
      </object_component>
      <object_component id="oc-24a">
         <name>.debug_info</name>
         <load_address>0x18e02</load_address>
         <run_address>0x18e02</run_address>
         <size>0x2ae</size>
         <input_file_ref idref="fl-d2"/>
      </object_component>
      <object_component id="oc-1cc">
         <name>.debug_info</name>
         <load_address>0x190b0</load_address>
         <run_address>0x190b0</run_address>
         <size>0x171</size>
         <input_file_ref idref="fl-d2"/>
      </object_component>
      <object_component id="oc-2dd">
         <name>.debug_info</name>
         <load_address>0x19221</load_address>
         <run_address>0x19221</run_address>
         <size>0xee</size>
         <input_file_ref idref="fl-d3"/>
      </object_component>
      <object_component id="oc-247">
         <name>.debug_info</name>
         <load_address>0x1930f</load_address>
         <run_address>0x1930f</run_address>
         <size>0xfa</size>
         <input_file_ref idref="fl-d3"/>
      </object_component>
      <object_component id="oc-2eb">
         <name>.debug_info</name>
         <load_address>0x19409</load_address>
         <run_address>0x19409</run_address>
         <size>0x290</size>
         <input_file_ref idref="fl-d4"/>
      </object_component>
      <object_component id="oc-268">
         <name>.debug_info</name>
         <load_address>0x19699</load_address>
         <run_address>0x19699</run_address>
         <size>0x1c2</size>
         <input_file_ref idref="fl-d4"/>
      </object_component>
      <object_component id="oc-2a5">
         <name>.debug_info</name>
         <load_address>0x1985b</load_address>
         <run_address>0x1985b</run_address>
         <size>0x28b</size>
         <input_file_ref idref="fl-d5"/>
      </object_component>
      <object_component id="oc-1f6">
         <name>.debug_info</name>
         <load_address>0x19ae6</load_address>
         <run_address>0x19ae6</run_address>
         <size>0x1ab</size>
         <input_file_ref idref="fl-d5"/>
      </object_component>
      <object_component id="oc-302">
         <name>.debug_info</name>
         <load_address>0x19c91</load_address>
         <run_address>0x19c91</run_address>
         <size>0x28f</size>
         <input_file_ref idref="fl-d6"/>
      </object_component>
      <object_component id="oc-29e">
         <name>.debug_info</name>
         <load_address>0x19f20</load_address>
         <run_address>0x19f20</run_address>
         <size>0x247</size>
         <input_file_ref idref="fl-d6"/>
      </object_component>
      <object_component id="oc-245">
         <name>.debug_info</name>
         <load_address>0x1a167</load_address>
         <run_address>0x1a167</run_address>
         <size>0x284</size>
         <input_file_ref idref="fl-d7"/>
      </object_component>
      <object_component id="oc-1c6">
         <name>.debug_info</name>
         <load_address>0x1a3eb</load_address>
         <run_address>0x1a3eb</run_address>
         <size>0x22a</size>
         <input_file_ref idref="fl-d7"/>
      </object_component>
      <object_component id="oc-2f3">
         <name>.debug_info</name>
         <load_address>0x1a615</load_address>
         <run_address>0x1a615</run_address>
         <size>0x28f</size>
         <input_file_ref idref="fl-d8"/>
      </object_component>
      <object_component id="oc-292">
         <name>.debug_info</name>
         <load_address>0x1a8a4</load_address>
         <run_address>0x1a8a4</run_address>
         <size>0x18a</size>
         <input_file_ref idref="fl-d8"/>
      </object_component>
      <object_component id="oc-31c">
         <name>.debug_info</name>
         <load_address>0x1aa2e</load_address>
         <run_address>0x1aa2e</run_address>
         <size>0x39</size>
         <input_file_ref idref="fl-d8"/>
      </object_component>
      <object_component id="oc-2f4">
         <name>.debug_info</name>
         <load_address>0x1aa67</load_address>
         <run_address>0x1aa67</run_address>
         <size>0x2c</size>
         <input_file_ref idref="fl-d8"/>
      </object_component>
      <object_component id="oc-300">
         <name>.debug_info</name>
         <load_address>0x1aa93</load_address>
         <run_address>0x1aa93</run_address>
         <size>0x2f2</size>
         <input_file_ref idref="fl-d9"/>
      </object_component>
      <object_component id="oc-298">
         <name>.debug_info</name>
         <load_address>0x1ad85</load_address>
         <run_address>0x1ad85</run_address>
         <size>0x21a</size>
         <input_file_ref idref="fl-d9"/>
      </object_component>
      <object_component id="oc-2fa">
         <name>.debug_info</name>
         <load_address>0x1af9f</load_address>
         <run_address>0x1af9f</run_address>
         <size>0x156</size>
         <input_file_ref idref="fl-da"/>
      </object_component>
      <object_component id="oc-2ac">
         <name>.debug_info</name>
         <load_address>0x1b0f5</load_address>
         <run_address>0x1b0f5</run_address>
         <size>0x284</size>
         <input_file_ref idref="fl-db"/>
      </object_component>
      <object_component id="oc-1fd">
         <name>.debug_info</name>
         <load_address>0x1b379</load_address>
         <run_address>0x1b379</run_address>
         <size>0x14f</size>
         <input_file_ref idref="fl-db"/>
      </object_component>
      <object_component id="oc-305">
         <name>.debug_info</name>
         <load_address>0x1b4c8</load_address>
         <run_address>0x1b4c8</run_address>
         <size>0x46</size>
         <input_file_ref idref="fl-db"/>
      </object_component>
      <object_component id="oc-2a7">
         <name>.debug_info</name>
         <load_address>0x1b50e</load_address>
         <run_address>0x1b50e</run_address>
         <size>0x39</size>
         <input_file_ref idref="fl-db"/>
      </object_component>
      <object_component id="oc-272">
         <name>.debug_info</name>
         <load_address>0x1b547</load_address>
         <run_address>0x1b547</run_address>
         <size>0x144</size>
         <input_file_ref idref="fl-dc"/>
      </object_component>
      <object_component id="oc-1d9">
         <name>.debug_info</name>
         <load_address>0x1b68b</load_address>
         <run_address>0x1b68b</run_address>
         <size>0x120</size>
         <input_file_ref idref="fl-dd"/>
      </object_component>
      <object_component id="oc-25d">
         <name>.debug_info</name>
         <load_address>0x1b7ab</load_address>
         <run_address>0x1b7ab</run_address>
         <size>0x122</size>
         <input_file_ref idref="fl-dd"/>
      </object_component>
      <object_component id="oc-258">
         <name>.debug_info</name>
         <load_address>0x1b8cd</load_address>
         <run_address>0x1b8cd</run_address>
         <size>0x132</size>
         <input_file_ref idref="fl-de"/>
      </object_component>
      <object_component id="oc-255">
         <name>.debug_info</name>
         <load_address>0x1b9ff</load_address>
         <run_address>0x1b9ff</run_address>
         <size>0x132</size>
         <input_file_ref idref="fl-df"/>
      </object_component>
      <object_component id="oc-264">
         <name>.debug_info</name>
         <load_address>0x1bb31</load_address>
         <run_address>0x1bb31</run_address>
         <size>0x126</size>
         <input_file_ref idref="fl-e0"/>
      </object_component>
      <object_component id="oc-26f">
         <name>.debug_info</name>
         <load_address>0x1bc57</load_address>
         <run_address>0x1bc57</run_address>
         <size>0x124</size>
         <input_file_ref idref="fl-e1"/>
      </object_component>
      <object_component id="oc-24e">
         <name>.debug_info</name>
         <load_address>0x1bd7b</load_address>
         <run_address>0x1bd7b</run_address>
         <size>0x12c</size>
         <input_file_ref idref="fl-e2"/>
      </object_component>
      <object_component id="oc-2b1">
         <name>.debug_info</name>
         <load_address>0x1bea7</load_address>
         <run_address>0x1bea7</run_address>
         <size>0x27e</size>
         <input_file_ref idref="fl-e3"/>
      </object_component>
      <object_component id="oc-2ae">
         <name>.debug_info</name>
         <load_address>0x1c125</load_address>
         <run_address>0x1c125</run_address>
         <size>0x103</size>
         <input_file_ref idref="fl-e3"/>
      </object_component>
      <object_component id="oc-204">
         <name>.debug_info</name>
         <load_address>0x1c228</load_address>
         <run_address>0x1c228</run_address>
         <size>0x143</size>
         <input_file_ref idref="fl-e3"/>
      </object_component>
      <object_component id="oc-2e3">
         <name>.debug_info</name>
         <load_address>0x1c36b</load_address>
         <run_address>0x1c36b</run_address>
         <size>0x10d</size>
         <input_file_ref idref="fl-e4"/>
      </object_component>
      <object_component id="oc-358">
         <name>.debug_info</name>
         <load_address>0x1c478</load_address>
         <run_address>0x1c478</run_address>
         <size>0x7c</size>
      </object_component>
      <object_component id="oc-169">
         <name>.debug_line</name>
         <load_address>0x0</load_address>
         <run_address>0x0</run_address>
         <size>0x95</size>
         <input_file_ref idref="fl-2"/>
      </object_component>
      <object_component id="oc-179">
         <name>.debug_line</name>
         <load_address>0x95</load_address>
         <run_address>0x95</run_address>
         <size>0x40</size>
         <input_file_ref idref="fl-2"/>
      </object_component>
      <object_component id="oc-167">
         <name>.debug_line</name>
         <load_address>0xd5</load_address>
         <run_address>0xd5</run_address>
         <size>0x40</size>
         <input_file_ref idref="fl-2"/>
      </object_component>
      <object_component id="oc-175">
         <name>.debug_line</name>
         <load_address>0x115</load_address>
         <run_address>0x115</run_address>
         <size>0x40</size>
         <input_file_ref idref="fl-2"/>
      </object_component>
      <object_component id="oc-6e">
         <name>.debug_line</name>
         <load_address>0x155</load_address>
         <run_address>0x155</run_address>
         <size>0x5c2</size>
         <input_file_ref idref="fl-2"/>
      </object_component>
      <object_component id="oc-172">
         <name>.debug_line</name>
         <load_address>0x717</load_address>
         <run_address>0x717</run_address>
         <size>0x55</size>
         <input_file_ref idref="fl-2"/>
      </object_component>
      <object_component id="oc-dd">
         <name>.debug_line</name>
         <load_address>0x76c</load_address>
         <run_address>0x76c</run_address>
         <size>0x69</size>
         <input_file_ref idref="fl-2"/>
      </object_component>
      <object_component id="oc-16d">
         <name>.debug_line</name>
         <load_address>0x7d5</load_address>
         <run_address>0x7d5</run_address>
         <size>0x52</size>
         <input_file_ref idref="fl-2"/>
      </object_component>
      <object_component id="oc-32">
         <name>.debug_line</name>
         <load_address>0x827</load_address>
         <run_address>0x827</run_address>
         <size>0x20</size>
         <input_file_ref idref="fl-2"/>
      </object_component>
      <object_component id="oc-17d">
         <name>.debug_line</name>
         <load_address>0x847</load_address>
         <run_address>0x847</run_address>
         <size>0x6d</size>
         <input_file_ref idref="fl-2"/>
      </object_component>
      <object_component id="oc-d6">
         <name>.debug_line</name>
         <load_address>0x8b4</load_address>
         <run_address>0x8b4</run_address>
         <size>0x6a</size>
         <input_file_ref idref="fl-2"/>
      </object_component>
      <object_component id="oc-164">
         <name>.debug_line</name>
         <load_address>0x91e</load_address>
         <run_address>0x91e</run_address>
         <size>0x65</size>
         <input_file_ref idref="fl-2"/>
      </object_component>
      <object_component id="oc-d9">
         <name>.debug_line</name>
         <load_address>0x983</load_address>
         <run_address>0x983</run_address>
         <size>0x40</size>
         <input_file_ref idref="fl-3"/>
      </object_component>
      <object_component id="oc-71">
         <name>.debug_line</name>
         <load_address>0x9c3</load_address>
         <run_address>0x9c3</run_address>
         <size>0x40</size>
         <input_file_ref idref="fl-3"/>
      </object_component>
      <object_component id="oc-68">
         <name>.debug_line</name>
         <load_address>0xa03</load_address>
         <run_address>0xa03</run_address>
         <size>0x71</size>
         <input_file_ref idref="fl-3"/>
      </object_component>
      <object_component id="oc-1a0">
         <name>.debug_line</name>
         <load_address>0xa74</load_address>
         <run_address>0xa74</run_address>
         <size>0x3b</size>
         <input_file_ref idref="fl-4"/>
      </object_component>
      <object_component id="oc-a6">
         <name>.debug_line</name>
         <load_address>0xaaf</load_address>
         <run_address>0xaaf</run_address>
         <size>0x159</size>
         <input_file_ref idref="fl-4"/>
      </object_component>
      <object_component id="oc-2d3">
         <name>.debug_line</name>
         <load_address>0xc08</load_address>
         <run_address>0xc08</run_address>
         <size>0x20</size>
         <input_file_ref idref="fl-a"/>
      </object_component>
      <object_component id="oc-c4">
         <name>.debug_line</name>
         <load_address>0xc28</load_address>
         <run_address>0xc28</run_address>
         <size>0x75</size>
         <input_file_ref idref="fl-a"/>
      </object_component>
      <object_component id="oc-2d7">
         <name>.debug_line</name>
         <load_address>0xc9d</load_address>
         <run_address>0xc9d</run_address>
         <size>0x52</size>
         <input_file_ref idref="fl-a"/>
      </object_component>
      <object_component id="oc-1c3">
         <name>.debug_line</name>
         <load_address>0xcef</load_address>
         <run_address>0xcef</run_address>
         <size>0x55</size>
         <input_file_ref idref="fl-a"/>
      </object_component>
      <object_component id="oc-14a">
         <name>.debug_line</name>
         <load_address>0xd44</load_address>
         <run_address>0xd44</run_address>
         <size>0x65</size>
         <input_file_ref idref="fl-a"/>
      </object_component>
      <object_component id="oc-1ba">
         <name>.debug_line</name>
         <load_address>0xda9</load_address>
         <run_address>0xda9</run_address>
         <size>0x41</size>
         <input_file_ref idref="fl-b"/>
      </object_component>
      <object_component id="oc-1a3">
         <name>.debug_line</name>
         <load_address>0xdea</load_address>
         <run_address>0xdea</run_address>
         <size>0x2c</size>
         <input_file_ref idref="fl-b"/>
      </object_component>
      <object_component id="oc-1b6">
         <name>.debug_line</name>
         <load_address>0xe16</load_address>
         <run_address>0xe16</run_address>
         <size>0x2c</size>
         <input_file_ref idref="fl-b"/>
      </object_component>
      <object_component id="oc-1b8">
         <name>.debug_line</name>
         <load_address>0xe42</load_address>
         <run_address>0xe42</run_address>
         <size>0x2c</size>
         <input_file_ref idref="fl-b"/>
      </object_component>
      <object_component id="oc-ae">
         <name>.debug_line</name>
         <load_address>0xe6e</load_address>
         <run_address>0xe6e</run_address>
         <size>0x3fd</size>
         <input_file_ref idref="fl-b"/>
      </object_component>
      <object_component id="oc-1be">
         <name>.debug_line</name>
         <load_address>0x126b</load_address>
         <run_address>0x126b</run_address>
         <size>0x52</size>
         <input_file_ref idref="fl-b"/>
      </object_component>
      <object_component id="oc-136">
         <name>.debug_line</name>
         <load_address>0x12bd</load_address>
         <run_address>0x12bd</run_address>
         <size>0xb5</size>
         <input_file_ref idref="fl-c"/>
      </object_component>
      <object_component id="oc-242">
         <name>.debug_line</name>
         <load_address>0x1372</load_address>
         <run_address>0x1372</run_address>
         <size>0x41</size>
         <input_file_ref idref="fl-d"/>
      </object_component>
      <object_component id="oc-23a">
         <name>.debug_line</name>
         <load_address>0x13b3</load_address>
         <run_address>0x13b3</run_address>
         <size>0x2e</size>
         <input_file_ref idref="fl-d"/>
      </object_component>
      <object_component id="oc-23e">
         <name>.debug_line</name>
         <load_address>0x13e1</load_address>
         <run_address>0x13e1</run_address>
         <size>0x2e</size>
         <input_file_ref idref="fl-d"/>
      </object_component>
      <object_component id="oc-23c">
         <name>.debug_line</name>
         <load_address>0x140f</load_address>
         <run_address>0x140f</run_address>
         <size>0x2e</size>
         <input_file_ref idref="fl-d"/>
      </object_component>
      <object_component id="oc-238">
         <name>.debug_line</name>
         <load_address>0x143d</load_address>
         <run_address>0x143d</run_address>
         <size>0x31</size>
         <input_file_ref idref="fl-d"/>
      </object_component>
      <object_component id="oc-240">
         <name>.debug_line</name>
         <load_address>0x146e</load_address>
         <run_address>0x146e</run_address>
         <size>0x31</size>
         <input_file_ref idref="fl-d"/>
      </object_component>
      <object_component id="oc-13e">
         <name>.debug_line</name>
         <load_address>0x149f</load_address>
         <run_address>0x149f</run_address>
         <size>0x629</size>
         <input_file_ref idref="fl-d"/>
      </object_component>
      <object_component id="oc-cd">
         <name>.debug_line</name>
         <load_address>0x1ac8</load_address>
         <run_address>0x1ac8</run_address>
         <size>0x57</size>
         <input_file_ref idref="fl-c3"/>
      </object_component>
      <object_component id="oc-36">
         <name>.debug_line</name>
         <load_address>0x1b1f</load_address>
         <run_address>0x1b1f</run_address>
         <size>0x88</size>
         <input_file_ref idref="fl-c4"/>
      </object_component>
      <object_component id="oc-ec">
         <name>.debug_line</name>
         <load_address>0x1ba7</load_address>
         <run_address>0x1ba7</run_address>
         <size>0x9e</size>
         <input_file_ref idref="fl-c5"/>
      </object_component>
      <object_component id="oc-4a">
         <name>.debug_line</name>
         <load_address>0x1c45</load_address>
         <run_address>0x1c45</run_address>
         <size>0x4f</size>
         <input_file_ref idref="fl-c5"/>
      </object_component>
      <object_component id="oc-87">
         <name>.debug_line</name>
         <load_address>0x1c94</load_address>
         <run_address>0x1c94</run_address>
         <size>0x34</size>
         <input_file_ref idref="fl-c5"/>
      </object_component>
      <object_component id="oc-e9">
         <name>.debug_line</name>
         <load_address>0x1cc8</load_address>
         <run_address>0x1cc8</run_address>
         <size>0x8a</size>
         <input_file_ref idref="fl-c5"/>
      </object_component>
      <object_component id="oc-82">
         <name>.debug_line</name>
         <load_address>0x1d52</load_address>
         <run_address>0x1d52</run_address>
         <size>0x20</size>
         <input_file_ref idref="fl-c6"/>
      </object_component>
      <object_component id="oc-1e">
         <name>.debug_line</name>
         <load_address>0x1d72</load_address>
         <run_address>0x1d72</run_address>
         <size>0x55</size>
         <input_file_ref idref="fl-c6"/>
      </object_component>
      <object_component id="oc-3d">
         <name>.debug_line</name>
         <load_address>0x1dc7</load_address>
         <run_address>0x1dc7</run_address>
         <size>0x3a</size>
         <input_file_ref idref="fl-c6"/>
      </object_component>
      <object_component id="oc-7f">
         <name>.debug_line</name>
         <load_address>0x1e01</load_address>
         <run_address>0x1e01</run_address>
         <size>0x8a</size>
         <input_file_ref idref="fl-c6"/>
      </object_component>
      <object_component id="oc-e5">
         <name>.debug_line</name>
         <load_address>0x1e8b</load_address>
         <run_address>0x1e8b</run_address>
         <size>0x20</size>
         <input_file_ref idref="fl-c7"/>
      </object_component>
      <object_component id="oc-18">
         <name>.debug_line</name>
         <load_address>0x1eab</load_address>
         <run_address>0x1eab</run_address>
         <size>0xa9</size>
         <input_file_ref idref="fl-c7"/>
      </object_component>
      <object_component id="oc-2d">
         <name>.debug_line</name>
         <load_address>0x1f54</load_address>
         <run_address>0x1f54</run_address>
         <size>0x3a</size>
         <input_file_ref idref="fl-c7"/>
      </object_component>
      <object_component id="oc-e2">
         <name>.debug_line</name>
         <load_address>0x1f8e</load_address>
         <run_address>0x1f8e</run_address>
         <size>0x92</size>
         <input_file_ref idref="fl-c7"/>
      </object_component>
      <object_component id="oc-78">
         <name>.debug_line</name>
         <load_address>0x2020</load_address>
         <run_address>0x2020</run_address>
         <size>0x8e</size>
         <input_file_ref idref="fl-c7"/>
      </object_component>
      <object_component id="oc-74">
         <name>.debug_line</name>
         <load_address>0x20ae</load_address>
         <run_address>0x20ae</run_address>
         <size>0x33</size>
         <input_file_ref idref="fl-c8"/>
      </object_component>
      <object_component id="oc-56">
         <name>.debug_line</name>
         <load_address>0x20e1</load_address>
         <run_address>0x20e1</run_address>
         <size>0x56</size>
         <input_file_ref idref="fl-c8"/>
      </object_component>
      <object_component id="oc-f3">
         <name>.debug_line</name>
         <load_address>0x2137</load_address>
         <run_address>0x2137</run_address>
         <size>0x3c</size>
         <input_file_ref idref="fl-c9"/>
      </object_component>
      <object_component id="oc-215">
         <name>.debug_line</name>
         <load_address>0x2173</load_address>
         <run_address>0x2173</run_address>
         <size>0x2d</size>
         <input_file_ref idref="fl-cc"/>
      </object_component>
      <object_component id="oc-b3">
         <name>.debug_line</name>
         <load_address>0x21a0</load_address>
         <run_address>0x21a0</run_address>
         <size>0x4b</size>
         <input_file_ref idref="fl-cc"/>
      </object_component>
      <object_component id="oc-157">
         <name>.debug_line</name>
         <load_address>0x21eb</load_address>
         <run_address>0x21eb</run_address>
         <size>0x4b</size>
         <input_file_ref idref="fl-cc"/>
      </object_component>
      <object_component id="oc-15d">
         <name>.debug_line</name>
         <load_address>0x2236</load_address>
         <run_address>0x2236</run_address>
         <size>0x3f</size>
         <input_file_ref idref="fl-cc"/>
      </object_component>
      <object_component id="oc-2b7">
         <name>.debug_line</name>
         <load_address>0x2275</load_address>
         <run_address>0x2275</run_address>
         <size>0x89</size>
         <input_file_ref idref="fl-cc"/>
      </object_component>
      <object_component id="oc-8e">
         <name>.debug_line</name>
         <load_address>0x22fe</load_address>
         <run_address>0x22fe</run_address>
         <size>0x79</size>
         <input_file_ref idref="fl-cd"/>
      </object_component>
      <object_component id="oc-225">
         <name>.debug_line</name>
         <load_address>0x2377</load_address>
         <run_address>0x2377</run_address>
         <size>0xb7</size>
         <input_file_ref idref="fl-ce"/>
      </object_component>
      <object_component id="oc-ff">
         <name>.debug_line</name>
         <load_address>0x242e</load_address>
         <run_address>0x242e</run_address>
         <size>0x6c</size>
         <input_file_ref idref="fl-ce"/>
      </object_component>
      <object_component id="oc-229">
         <name>.debug_line</name>
         <load_address>0x249a</load_address>
         <run_address>0x249a</run_address>
         <size>0x2e</size>
         <input_file_ref idref="fl-ce"/>
      </object_component>
      <object_component id="oc-2c9">
         <name>.debug_line</name>
         <load_address>0x24c8</load_address>
         <run_address>0x24c8</run_address>
         <size>0x92</size>
         <input_file_ref idref="fl-ce"/>
      </object_component>
      <object_component id="oc-22e">
         <name>.debug_line</name>
         <load_address>0x255a</load_address>
         <run_address>0x255a</run_address>
         <size>0x8f</size>
         <input_file_ref idref="fl-ce"/>
      </object_component>
      <object_component id="oc-233">
         <name>.debug_line</name>
         <load_address>0x25e9</load_address>
         <run_address>0x25e9</run_address>
         <size>0x8b</size>
         <input_file_ref idref="fl-ce"/>
      </object_component>
      <object_component id="oc-94">
         <name>.debug_line</name>
         <load_address>0x2674</load_address>
         <run_address>0x2674</run_address>
         <size>0x40</size>
         <input_file_ref idref="fl-cf"/>
      </object_component>
      <object_component id="oc-2b3">
         <name>.debug_line</name>
         <load_address>0x26b4</load_address>
         <run_address>0x26b4</run_address>
         <size>0x30e</size>
         <input_file_ref idref="fl-d1"/>
      </object_component>
      <object_component id="oc-1d5">
         <name>.debug_line</name>
         <load_address>0x29c2</load_address>
         <run_address>0x29c2</run_address>
         <size>0x7a</size>
         <input_file_ref idref="fl-d1"/>
      </object_component>
      <object_component id="oc-27a">
         <name>.debug_line</name>
         <load_address>0x2a3c</load_address>
         <run_address>0x2a3c</run_address>
         <size>0x51</size>
         <input_file_ref idref="fl-d1"/>
      </object_component>
      <object_component id="oc-280">
         <name>.debug_line</name>
         <load_address>0x2a8d</load_address>
         <run_address>0x2a8d</run_address>
         <size>0x88</size>
         <input_file_ref idref="fl-d1"/>
      </object_component>
      <object_component id="oc-1e0">
[...]
      </symbol>
      <symbol id="sm-285">
         <name>initLCD</name>
         <value>0x28f1</value>
         <object_component_ref idref="oc-a9"/>
      </symbol>
      <symbol id="sm-2a4">
         <name>writeData</name>
         <value>0x3921</value>
         <object_component_ref idref="oc-131"/>
      </symbol>
      <symbol id="sm-2a5">
         <name>writeCommand</name>
         <value>0x3947</value>
         <object_component_ref idref="oc-131"/>
      </symbol>
      <symbol id="sm-2a6">
         <name>delay</name>
         <value>0x396d</value>
         <object_component_ref idref="oc-131"/>
      </symbol>
      <symbol id="sm-2a7">
         <name>init_spi_lcd_tactil</name>
         <value>0x3849</value>
         <object_component_ref idref="oc-131"/>
      </symbol>
      <symbol id="sm-372">
         <name>drawCharLgBkg</name>
         <value>0x5c9</value>
         <object_component_ref idref="oc-13a"/>
      </symbol>
      <symbol id="sm-373">
         <name>drawPixel</name>
         <value>0x237</value>
         <object_component_ref idref="oc-13a"/>
      </symbol>
      <symbol id="sm-374">
         <name>drawImageMono</name>
         <value>0x9e3</value>
         <object_component_ref idref="oc-13a"/>
      </symbol>
      <symbol id="sm-375">
         <name>setColor</name>
         <value>0xe5</value>
         <object_component_ref idref="oc-13a"/>
      </symbol>
      <symbol id="sm-376">
         <name>bgColorHighByte</name>
         <value>0x20000463</value>
         <object_component_ref idref="oc-1a4"/>
      </symbol>
      <symbol id="sm-377">
         <name>drawCircle</name>
         <value>0xd9b</value>
         <object_component_ref idref="oc-13a"/>
      </symbol>
      <symbol id="sm-378">
         <name>drawImageLut</name>
         <value>0x8d5</value>
         <object_component_ref idref="oc-13a"/>
      </symbol>
      <symbol id="sm-379">
         <name>drawImage</name>
         <value>0x8bd</value>
         <object_component_ref idref="oc-13a"/>
      </symbol>
      <symbol id="sm-37a">
         <name>font_11x16</name>
         <value>0x4848</value>
         <object_component_ref idref="oc-1aa"/>
      </symbol>
      <symbol id="sm-37b">
         <name>drawLine</name>
         <value>0xb41</value>
         <object_component_ref idref="oc-13a"/>
      </symbol>
      <symbol id="sm-37c">
         <name>font_8x12</name>
         <value>0x5072</value>
         <object_component_ref idref="oc-1ad"/>
      </symbol>
      <symbol id="sm-37d">
         <name>drawCharMd</name>
         <value>0x6ad</value>
         <object_component_ref idref="oc-13a"/>
      </symbol>
      <symbol id="sm-37e">
         <name>drawCharSmBkg</name>
         <value>0x447</value>
         <object_component_ref idref="oc-13a"/>
      </symbol>
      <symbol id="sm-37f">
         <name>drawCharLg</name>
         <value>0x521</value>
         <object_component_ref idref="oc-13a"/>
      </symbol>
      <symbol id="sm-380">
         <name>drawCharSm</name>
         <value>0x3a1</value>
         <object_component_ref idref="oc-13a"/>
      </symbol>
      <symbol id="sm-381">
         <name>drawLogicLine</name>
         <value>0xa01</value>
         <object_component_ref idref="oc-13a"/>
      </symbol>
      <symbol id="sm-382">
         <name>setBackgroundColor</name>
         <value>0x103</value>
         <object_component_ref idref="oc-13a"/>
      </symbol>
      <symbol id="sm-383">
         <name>clearScreenBkg</name>
         <value>0x1af</value>
         <object_component_ref idref="oc-13a"/>
      </symbol>
      <symbol id="sm-384">
         <name>fillCircle</name>
         <value>0xfb9</value>
         <object_component_ref idref="oc-13a"/>
      </symbol>
      <symbol id="sm-385">
         <name>fillRect</name>
         <value>0xf1b</value>
         <object_component_ref idref="oc-13a"/>
      </symbol>
      <symbol id="sm-386">
         <name>drawString</name>
         <value>0x267</value>
         <object_component_ref idref="oc-13a"/>
      </symbol>
      <symbol id="sm-387">
         <name>clearScreen</name>
         <value>0x121</value>
         <object_component_ref idref="oc-13a"/>
      </symbol>
      <symbol id="sm-388">
         <name>colorLowByte</name>
         <value>0x20000460</value>
         <object_component_ref idref="oc-1a4"/>
      </symbol>
      <symbol id="sm-389">
         <name>drawCharMdBkg</name>
         <value>0x75b</value>
         <object_component_ref idref="oc-13a"/>
      </symbol>
      <symbol id="sm-38a">
         <name>font_5x7</name>
         <value>0x54e6</value>
         <object_component_ref idref="oc-1a7"/>
      </symbol>
      <symbol id="sm-38b">
         <name>drawRect</name>
         <value>0xd37</value>
         <object_component_ref idref="oc-13a"/>
      </symbol>
      <symbol id="sm-38c">
         <name>colorHighByte</name>
         <value>0x20000461</value>
         <object_component_ref idref="oc-1a4"/>
      </symbol>
      <symbol id="sm-38d">
         <name>bgColorLowByte</name>
         <value>0x20000462</value>
         <object_component_ref idref="oc-1a4"/>
      </symbol>
      <symbol id="sm-398">
         <name>__aeabi_f2d</name>
         <value>0x471d</value>
         <object_component_ref idref="oc-c9"/>
      </symbol>
      <symbol id="sm-3b3">
         <name>memcpy</name>
         <value>0x4023</value>
         <object_component_ref idref="oc-34"/>
      </symbol>
      <symbol id="sm-3b4">
         <name>__aeabi_memcpy</name>
         <value>0x4023</value>
         <object_component_ref idref="oc-34"/>
      </symbol>
      <symbol id="sm-3b5">
         <name>__aeabi_memcpy8</name>
         <value>0x4023</value>
         <object_component_ref idref="oc-34"/>
      </symbol>
      <symbol id="sm-3b6">
         <name>__aeabi_memcpy4</name>
         <value>0x4023</value>
         <object_component_ref idref="oc-34"/>
      </symbol>
      <symbol id="sm-3cd">
         <name>__TI_zero_init</name>
         <value>0x4823</value>
         <object_component_ref idref="oc-46"/>
      </symbol>
      <symbol id="sm-3e4">
         <name>__TI_decompress_none</name>
         <value>0x4807</value>
         <object_component_ref idref="oc-1a"/>
      </symbol>
      <symbol id="sm-407">
         <name>__TI_decompress_lzss</name>
         <value>0x43c3</value>
         <object_component_ref idref="oc-14"/>
      </symbol>
      <symbol id="sm-41a">
         <name>__stack</name>
         <value>0x2000fe00</value>
         <object_component_ref idref="oc-26"/>
      </symbol>
      <symbol id="sm-41b">
         <name>_c_int00_noargs</name>
         <value>0x46e5</value>
         <object_component_ref idref="oc-52"/>
      </symbol>
      <symbol id="sm-426">
         <name>C$$EXIT</name>
         <value>0x4845</value>
         <object_component_ref idref="oc-ef"/>
      </symbol>
      <symbol id="sm-427">
         <name>abort</name>
         <value>0x4845</value>
         <object_component_ref idref="oc-ef"/>
      </symbol>
      <symbol id="sm-450">
         <name>sprintf</name>
         <value>0x4665</value>
         <object_component_ref idref="oc-af"/>
      </symbol>
      <symbol id="sm-45f">
         <name>__aeabi_memset</name>
         <value>0x4263</value>
         <object_component_ref idref="oc-8a"/>
      </symbol>
      <symbol id="sm-460">
         <name>memset</name>
         <value>0x4269</value>
         <object_component_ref idref="oc-8a"/>
      </symbol>
      <symbol id="sm-461">
         <name>__aeabi_memset8</name>
         <value>0x4263</value>
         <object_component_ref idref="oc-8a"/>
      </symbol>
      <symbol id="sm-462">
         <name>__aeabi_memset4</name>
         <value>0x4263</value>
         <object_component_ref idref="oc-8a"/>
      </symbol>
      <symbol id="sm-463">
         <name>__aeabi_memclr8</name>
         <value>0x4261</value>
         <object_component_ref idref="oc-8a"/>
      </symbol>
      <symbol id="sm-464">
         <name>__aeabi_memclr4</name>
         <value>0x4261</value>
         <object_component_ref idref="oc-8a"/>
      </symbol>
      <symbol id="sm-465">
         <name>__aeabi_memclr</name>
         <value>0x4261</value>
         <object_component_ref idref="oc-8a"/>
      </symbol>
      <symbol id="sm-48d">
         <name>__TI_auto_init_nobinit_nopinit</name>
         <value>0x4621</value>
         <object_component_ref idref="oc-fb"/>
      </symbol>
      <symbol id="sm-497">
         <name>_system_pre_init</name>
         <value>0x4841</value>
         <object_component_ref idref="oc-90"/>
      </symbol>
      <symbol id="sm-5fd">
         <name>__TI_printfi</name>
         <value>0x1c15</value>
         <object_component_ref idref="oc-14d"/>
      </symbol>
      <symbol id="sm-613">
         <name>atoi</name>
         <value>0x458d</value>
         <object_component_ref idref="oc-1cb"/>
      </symbol>
      <symbol id="sm-61e">
         <name>_ctypes_</name>
         <value>0x56c6</value>
         <object_component_ref idref="oc-246"/>
      </symbol>
      <symbol id="sm-62d">
         <name>ltoa</name>
         <value>0x44e7</value>
         <object_component_ref idref="oc-266"/>
      </symbol>
      <symbol id="sm-63d">
         <name>memccpy</name>
         <value>0x4783</value>
         <object_component_ref idref="oc-1f4"/>
      </symbol>
      <symbol id="sm-64d">
         <name>strchr</name>
         <value>0x47b7</value>
         <object_component_ref idref="oc-29d"/>
      </symbol>
      <symbol id="sm-65b">
         <name>strlen</name>
         <value>0x47e1</value>
         <object_component_ref idref="oc-1c5"/>
      </symbol>
      <symbol id="sm-67b">
         <name>frexpl</name>
         <value>0x442d</value>
         <object_component_ref idref="oc-291"/>
      </symbol>
      <symbol id="sm-67c">
         <name>frexp</name>
         <value>0x442d</value>
         <object_component_ref idref="oc-291"/>
      </symbol>
      <symbol id="sm-699">
         <name>scalbn</name>
         <value>0x3d65</value>
         <object_component_ref idref="oc-297"/>
      </symbol>
      <symbol id="sm-69a">
         <name>scalbnl</name>
         <value>0x3d65</value>
         <object_component_ref idref="oc-297"/>
      </symbol>
      <symbol id="sm-69b">
         <name>ldexpl</name>
         <value>0x3d65</value>
         <object_component_ref idref="oc-297"/>
      </symbol>
      <symbol id="sm-69c">
         <name>ldexp</name>
         <value>0x3d65</value>
         <object_component_ref idref="oc-297"/>
      </symbol>
      <symbol id="sm-6a6">
         <name>copysign</name>
         <value>0x47cd</value>
         <object_component_ref idref="oc-2f9"/>
      </symbol>
      <symbol id="sm-6a7">
         <name>copysignl</name>
         <value>0x47cd</value>
         <object_component_ref idref="oc-2f9"/>
      </symbol>
      <symbol id="sm-6c0">
         <name>wcslen</name>
         <value>0x47f5</value>
         <object_component_ref idref="oc-1fa"/>
      </symbol>
      <symbol id="sm-6d7">
         <name>__aeabi_dsub</name>
         <value>0x3691</value>
         <object_component_ref idref="oc-271"/>
      </symbol>
      <symbol id="sm-6d8">
         <name>__aeabi_dadd</name>
         <value>0x369b</value>
         <object_component_ref idref="oc-271"/>
      </symbol>
      <symbol id="sm-6fa">
         <name>__aeabi_cdcmpeq</name>
         <value>0x4155</value>
         <object_component_ref idref="oc-1d7"/>
      </symbol>
      <symbol id="sm-6fb">
         <name>__aeabi_cdcmple</name>
         <value>0x4155</value>
         <object_component_ref idref="oc-1d7"/>
      </symbol>
      <symbol id="sm-6fc">
         <name>__aeabi_cdrcmple</name>
         <value>0x41db</value>
         <object_component_ref idref="oc-25c"/>
      </symbol>
      <symbol id="sm-710">
         <name>__aeabi_ddiv</name>
         <value>0x3b0d</value>
         <object_component_ref idref="oc-257"/>
      </symbol>
      <symbol id="sm-71b">
         <name>__aeabi_dmul</name>
         <value>0x3e75</value>
         <object_component_ref idref="oc-252"/>
      </symbol>
      <symbol id="sm-725">
         <name>__aeabi_d2iz</name>
         <value>0x45d9</value>
         <object_component_ref idref="oc-261"/>
      </symbol>
      <symbol id="sm-72f">
         <name>__aeabi_i2d</name>
         <value>0x4755</value>
         <object_component_ref idref="oc-26c"/>
      </symbol>
      <symbol id="sm-73c">
         <name>__aeabi_uldivmod</name>
         <value>0x40bf</value>
         <object_component_ref idref="oc-24b"/>
      </symbol>
      <symbol id="sm-752">
         <name>__aeabi_errno_addr</name>
         <value>0x4839</value>
         <object_component_ref idref="oc-200"/>
      </symbol>
      <symbol id="sm-753">
         <name>errno</name>
         <value>0x20000464</value>
         <object_component_ref idref="oc-2ad"/>
      </symbol>
      <symbol id="sm-75d">
         <name>__aeabi_idiv0</name>
         <value>0x2673</value>
         <object_component_ref idref="oc-2e0"/>
      </symbol>
      <symbol id="sm-75e">
         <name>__aeabi_ldiv0</name>
         <value>0x2673</value>
         <object_component_ref idref="oc-2e0"/>
      </symbol>
      <symbol id="sm-75f">
         <name>__TI_static_base__</name>
         <value>0x0</value>
      </symbol>
      <symbol id="sm-762">
         <name>__mpu_init</name>
         <value>0x0</value>
      </symbol>
      <symbol id="sm-763">
         <name>_system_post_cinit</name>
         <value>0x0</value>
      </symbol>
      <symbol id="sm-764">
         <name>NMI_Handler</name>
         <value>0x4821</value>
      </symbol>
      <symbol id="sm-765">
         <name>HardFault_Handler</name>
         <value>0x4821</value>
      </symbol>
      <symbol id="sm-766">
         <name>MemManage_Handler</name>
         <value>0x4821</value>
      </symbol>
      <symbol id="sm-767">
         <name>BusFault_Handler</name>
         <value>0x4821</value>
      </symbol>
      <symbol id="sm-768">
         <name>UsageFault_Handler</name>
         <value>0x4821</value>
      </symbol>
      <symbol id="sm-769">
         <name>SVC_Handler</name>
         <value>0x4821</value>
      </symbol>
      <symbol id="sm-76a">
         <name>DebugMon_Handler</name>
         <value>0x4821</value>
      </symbol>
      <symbol id="sm-76b">
         <name>PendSV_Handler</name>
         <value>0x4821</value>
      </symbol>
      <symbol id="sm-76c">
         <name>SysTick_Handler</name>
         <value>0x4821</value>
      </symbol>
      <symbol id="sm-76d">
         <name>PSS_IRQHandler</name>
         <value>0x4821</value>
      </symbol>
      <symbol id="sm-76e">
         <name>CS_IRQHandler</name>
         <value>0x4821</value>
      </symbol>
      <symbol id="sm-76f">
         <name>PCM_IRQHandler</name>
         <value>0x4821</value>
      </symbol>
      <symbol id="sm-770">
         <name>WDT_A_IRQHandler</name>
         <value>0x4821</value>
      </symbol>
      <symbol id="sm-771">
         <name>FPU_IRQHandler</name>
         <value>0x4821</value>
      </symbol>
      <symbol id="sm-772">
         <name>FLCTL_IRQHandler</name>
         <value>0x4821</value>
      </symbol>
      <symbol id="sm-773">
         <name>COMP_E0_IRQHandler</name>
         <value>0x4821</value>
      </symbol>
      <symbol id="sm-774">
         <name>COMP_E1_IRQHandler</name>
         <value>0x4821</value>
      </symbol>
      <symbol id="sm-775">
         <name>TA0_0_IRQHandler</name>
         <value>0x1645</value>
      </symbol>
      <symbol id="sm-776">
         <name>TA0_N_IRQHandler</name>
         <value>0x4821</value>
      </symbol>
      <symbol id="sm-777">
         <name>TA1_0_IRQHandler</name>
         <value>0x4821</value>
      </symbol>
      <symbol id="sm-778">
         <name>TA1_N_IRQHandler</name>
         <value>0x4821</value>
      </symbol>
      <symbol id="sm-779">
         <name>TA2_0_IRQHandler</name>
         <value>0x4821</value>
      </symbol>
      <symbol id="sm-77a">
         <name>TA2_N_IRQHandler</name>
         <value>0x4821</value>
      </symbol>
      <symbol id="sm-77b">
         <name>TA3_0_IRQHandler</name>
         <value>0x4821</value>
      </symbol>
      <symbol id="sm-77c">
         <name>TA3_N_IRQHandler</name>
         <value>0x4821</value>
      </symbol>
      <symbol id="sm-77d">
         <name>EUSCIA0_IRQHandler</name>
         <value>0x4821</value>
      </symbol>
      <symbol id="sm-77e">
         <name>EUSCIA1_IRQHandler</name>
         <value>0x4821</value>
      </symbol>
      <symbol id="sm-77f">
         <name>EUSCIA2_IRQHandler</name>
         <value>0x4821</value>
      </symbol>
      <symbol id="sm-780">
         <name>EUSCIA3_IRQHandler</name>
         <value>0x4821</value>
      </symbol>
      <symbol id="sm-781">
         <name>EUSCIB0_IRQHandler</name>
         <value>0x4821</value>
      </symbol>
      <symbol id="sm-782">
         <name>EUSCIB1_IRQHandler</name>
         <value>0x4821</value>
      </symbol>
      <symbol id="sm-783">
         <name>EUSCIB2_IRQHandler</name>
         <value>0x4821</value>
      </symbol>
      <symbol id="sm-784">
         <name>EUSCIB3_IRQHandler</name>
         <value>0x4821</value>
      </symbol>
      <symbol id="sm-785">
         <name>ADC14_IRQHandler</name>
         <value>0x4821</value>
      </symbol>
      <symbol id="sm-786">
         <name>T32_INT1_IRQHandler</name>
         <value>0x4821</value>
      </symbol>
      <symbol id="sm-787">
         <name>T32_INT2_IRQHandler</name>
         <value>0x4821</value>
      </symbol>
      <symbol id="sm-788">
         <name>T32_INTC_IRQHandler</name>
         <value>0x4821</value>
      </symbol>
      <symbol id="sm-789">
         <name>AES256_IRQHandler</name>
         <value>0x4821</value>
      </symbol>
      <symbol id="sm-78a">
         <name>RTC_C_IRQHandler</name>
         <value>0x4821</value>
      </symbol>
      <symbol id="sm-78b">
         <name>DMA_ERR_IRQHandler</name>
         <value>0x4821</value>
      </symbol>
      <symbol id="sm-78c">
         <name>DMA_INT3_IRQHandler</name>
         <value>0x4821</value>
      </symbol>
      <symbol id="sm-78d">
         <name>DMA_INT2_IRQHandler</name>
         <value>0x4821</value>
      </symbol>
      <symbol id="sm-78e">
         <name>DMA_INT1_IRQHandler</name>
         <value>0x4821</value>
      </symbol>
      <symbol id="sm-78f">
         <name>DMA_INT0_IRQHandler</name>
         <value>0x4821</value>
      </symbol>
      <symbol id="sm-790">
         <name>PORT1_IRQHandler</name>
         <value>0x4821</value>
      </symbol>
      <symbol id="sm-791">
         <name>PORT2_IRQHandler</name>
         <value>0x4821</value>
      </symbol>
      <symbol id="sm-792">
         <name>PORT3_IRQHandler</name>
         <value>0x1515</value>
      </symbol>
      <symbol id="sm-793">
         <name>PORT4_IRQHandler</name>
         <value>0x1565</value>
      </symbol>
      <symbol id="sm-794">
         <name>PORT5_IRQHandler</name>
         <value>0x15d1</value>
      </symbol>
      <symbol id="sm-795">
         <name>PORT6_IRQHandler</name>
         <value>0x4821</value>
      </symbol>
   </symbol_table>
   <title>Link successful</title>
</link_info>
