******************************************************************************
                  TI ARM Linker PC v18.1.2                     
******************************************************************************
>> Linked Tue Mar 19 10:26:17 2019

OUTPUT FILE NAME:   <DDay.out>
ENTRY POINT SYMBOL: "_c_int00_noargs"  address: 00004691


MEMORY CONFIGURATION

         name            origin    length      used     unused   attr    fill
----------------------  --------  ---------  --------  --------  ----  --------
  MAIN                  00000000   00040000  000057bb  0003a845  R  X
  INFO                  00200000   00004000  00000000  00004000  R  X
  SRAM_CODE             01000000   00010000  0000065c  0000f9a4  RW X
  SRAM_DATA             20000000   00010000  0000065c  0000f9a4  RW  


SEGMENT ALLOCATION MAP

run origin  load origin   length   init length attrs members
----------  ----------- ---------- ----------- ----- -------
00000000    00000000    000057c0   000057c0    r-x
  00000000    00000000    000000e4   000000e4    r-- .intvecs
  000000e4    000000e4    000046d8   000046d8    r-x .text
  000047bc    000047bc    00000f9f   00000f9f    r-- .const
  00005760    00005760    00000060   00000060    r-- .cinit
20000000    20000000    0000045c   00000000    rw-
  20000000    20000000    00000414   00000000    rw- .bss
  20000414    20000414    00000048   00000000    rw- .data
2000fe00    2000fe00    00000200   00000000    rw-
  2000fe00    2000fe00    00000200   00000000    rw- .stack


SECTION ALLOCATION MAP

 output                                  attributes/
section   page    origin      length       input sections
--------  ----  ----------  ----------   ----------------
.intvecs   0    00000000    000000e4     
                  00000000    000000e4     startup_msp432p401r_ccs.obj (.intvecs:retain)

.text      0    000000e4    000046d8     
                  000000e4    0000104c     lib_PAE2.lib : graphics.obj (.text)
                  00001130    00000a90     Practica_02 PAE_Alumnes.obj (.text)
                  00001bc0    00000a5e     rtsv7M4_T_le_v4SPD16_eabi.lib : _printfi.c.obj (.text:__TI_printfi)
                  0000261e    00000002                                   : div0.asm.obj (.text)
                  00002620    000008a8     lib_PAE2.lib : lcd.obj (.text)
                  00002ec8    00000334     system_msp432p401r.obj (.text)
                  000031fc    00000270     rtsv7M4_T_le_v4SPD16_eabi.lib : _printfi.c.obj (.text:_pconv_a)
                  0000346c    000001d0                                   : _printfi.c.obj (.text:_pconv_g)
                  0000363c    000001b6                                   : fd_add_t2.asm.obj (.text)
                  000037f2    00000002     --HOLE-- [fill = 0]
                  000037f4    00000188     lib_PAE2.lib : msp_LCD.obj (.text)
                  0000397c    0000013c     rtsv7M4_T_le_v4SPD16_eabi.lib : _printfi.c.obj (.text:_pconv_e)
                  00003ab8    00000136                                   : fd_div_t2.asm.obj (.text)
                  00003bee    00000002     --HOLE-- [fill = 0]
                  00003bf0    00000120                                   : _printfi.c.obj (.text:fcvt)
                  00003d10    00000110                                   : s_scalbn.c.obj (.text:scalbn)
                  00003e20    000000fc                                   : fd_mul_t2.asm.obj (.text)
                  00003f1c    000000b1                                   : _printfi.c.obj (.text:_ltostr)
                  00003fcd    00000001     --HOLE-- [fill = 0]
                  00003fce    0000009c                                   : memcpy_t2.asm.obj (.text)
                  0000406a    00000096                                   : ull_div_t2.asm.obj (.text)
                  00004100    00000086                                   : fd_cmp_t2.asm.obj (.text:__aeabi_cdcmple)
                  00004186    00000086                                   : fd_cmp_t2.asm.obj (.text:__aeabi_cdrcmple)
                  0000420c    0000007a                                   : memset_t2.asm.obj (.text)
                  00004286    00000002     --HOLE-- [fill = 0]
                  00004288    00000078     lib_PAE2.lib : Inicializacion.obj (.text)
                  00004300    0000006e     rtsv7M4_T_le_v4SPD16_eabi.lib : _printfi.c.obj (.text:_mcpy)
                  0000436e    00000068                                   : copy_decompress_lzss.c.obj (.text:decompress:lzss:__TI_decompress_lzss)
                  000043d6    00000002     --HOLE-- [fill = 0]
                  000043d8    00000064                                   : s_frexp.c.obj (.text:frexp)
                  0000443c    00000056                                   : _printfi.c.obj (.text:_pconv_f)
                  00004492    00000054                                   : ltoa.c.obj (.text:ltoa)
                  000044e6    00000052                                   : _printfi.c.obj (.text:_ecpy)
                  00004538    0000004c                                   : atoi.c.obj (.text:atoi)
                  00004584    00000048                                   : fd_toi_t2.asm.obj (.text)
                  000045cc    00000044                                   : autoinit.c.obj (.text:__TI_auto_init_nobinit_nopinit:__TI_auto_init_nobinit_nopinit)
                  00004610    00000040                                   : sprintf.c.obj (.text:sprintf)
                  00004650    0000003e                                   : _printfi.c.obj (.text:_fcpy)
                  0000468e    00000002     --HOLE-- [fill = 0]
                  00004690    00000038                                   : boot_cortex_m.c.obj (.text:_c_int00_noargs:_c_int00_noargs)
                  000046c8    0000002e                                   : i_tofd_t2.asm.obj (.text)
                  000046f6    0000001c                                   : memccpy.c.obj (.text:memccpy)
                  00004712    00000018                                   : sprintf.c.obj (.text:_outs)
                  0000472a    00000016                                   : strchr.c.obj (.text:strchr)
                  00004740    00000014                                   : s_copysign.c.obj (.text:copysign)
                  00004754    00000014                                   : strlen.c.obj (.text:strlen)
                  00004768    00000012                                   : wcslen.c.obj (.text:wcslen)
                  0000477a    0000000e                                   : copy_decompress_none.c.obj (.text:decompress:none:__TI_decompress_none)
                  00004788    0000000e     startup_msp432p401r_ccs.obj (.text)
                  00004796    0000000c     rtsv7M4_T_le_v4SPD16_eabi.lib : copy_zero_init.c.obj (.text:decompress:ZI:__TI_zero_init)
                  000047a2    0000000a                                   : sprintf.c.obj (.text:_outc)
                  000047ac    00000008                                   : errno.c.obj (.text:__aeabi_errno_addr)
                  000047b4    00000004                                   : pre_init.c.obj (.text:_system_pre_init)
                  000047b8    00000004                                   : exit.c.obj (.text:abort:abort)

.const     0    000047bc    00000f9f     
                  000047bc    0000082a     lib_PAE2.lib : graphics.obj (.const:font_11x16)
                  00004fe6    00000474                  : graphics.obj (.const:font_8x12)
                  0000545a    000001e0                  : graphics.obj (.const:font_5x7)
                  0000563a    00000101     rtsv7M4_T_le_v4SPD16_eabi.lib : ctype.c.obj (.const:.string:_ctypes_)
                  0000573b    00000010     lib_PAE2.lib : lcd.obj (.const:.string:$P$T0$1)
                  0000574b    00000010                  : lcd.obj (.const:.string:$P$T1$2)

.cinit     0    00005760    00000060     
                  00005760    0000003c     (.cinit..data.load) [load image, compression = lzss]
                  0000579c    0000000c     (__TI_handler_table)
                  000057a8    00000008     (.cinit..bss.load) [load image, compression = zero_init]
                  000057b0    00000010     (__TI_cinit_table)

.init_array 
*          0    00000000    00000000     UNINITIALIZED

.binit     0    00000000    00000000     

.bss       0    20000000    00000414     UNINITIALIZED
                  20000000    00000400     lib_PAE2.lib : graphics.obj (.bss:g_pulConvertedPalette)
                  20000400    00000010     (.common:cadena)
                  20000410    00000002     (.common:count_ms)
                  20000412    00000001     (.common:min)
                  20000413    00000001     (.common:seg)

.data      0    20000414    00000048     UNINITIALIZED
                  20000414    00000012     Practica_02 PAE_Alumnes.obj (.data)
                  20000426    00000010     Practica_02 PAE_Alumnes.obj (.data:borrado)
                  20000436    00000010     Practica_02 PAE_Alumnes.obj (.data:saludo)
                  20000446    0000000a     lib_PAE2.lib : lcd.obj (.data)
                  20000450    00000004                  : graphics.obj (.data)
                  20000454    00000004     rtsv7M4_T_le_v4SPD16_eabi.lib : errno.c.obj (.data)
                  20000458    00000004     system_msp432p401r.obj (.data)

.stack     0    2000fe00    00000200     UNINITIALIZED
                  2000fe00    00000004     rtsv7M4_T_le_v4SPD16_eabi.lib : boot_cortex_m.c.obj (.stack)
                  2000fe04    000001fc     --HOLE--

MODULE SUMMARY

       Module                        code    ro data   rw data
       ------                        ----    -------   -------
    .\
       Practica_02 PAE_Alumnes.obj   2704    0         140    
       system_msp432p401r.obj        820     0         8      
       startup_msp432p401r_ccs.obj   14      228       0      
    +--+-----------------------------+-------+---------+---------+
       Total:                        3538    228       148    
                                                              
    ../lib_PAE2.lib
       graphics.obj                  4172    3710      2056   
       lcd.obj                       2216    32        20     
       msp_LCD.obj                   392     0         0      
       Inicializacion.obj            120     0         0      
    +--+-----------------------------+-------+---------+---------+
       Total:                        6900    3742      2076   
                                                              
    C:\ti\ccsv8\tools\compiler\ti-cgt-arm_18.1.2.LTS\lib\rtsv7M4_T_le_v4SPD16_eabi.lib
       _printfi.c.obj                4863    0         0      
       fd_add_t2.asm.obj             438     0         0      
       fd_div_t2.asm.obj             310     0         0      
       s_scalbn.c.obj                272     0         0      
       fd_cmp_t2.asm.obj             268     0         0      
       ctype.c.obj                   0       257       0      
       fd_mul_t2.asm.obj             252     0         0      
       memcpy_t2.asm.obj             156     0         0      
       ull_div_t2.asm.obj            150     0         0      
       memset_t2.asm.obj             122     0         0      
       copy_decompress_lzss.c.obj    104     0         0      
       s_frexp.c.obj                 100     0         0      
       sprintf.c.obj                 98      0         0      
       ltoa.c.obj                    84      0         0      
       atoi.c.obj                    76      0         0      
       fd_toi_t2.asm.obj             72      0         0      
       autoinit.c.obj                68      0         0      
       boot_cortex_m.c.obj           56      0         0      
       i_tofd_t2.asm.obj             46      0         0      
       memccpy.c.obj                 28      0         0      
       strchr.c.obj                  22      0         0      
       s_copysign.c.obj              20      0         0      
       strlen.c.obj                  20      0         0      
       wcslen.c.obj                  18      0         0      
       errno.c.obj                   8       0         8      
       copy_decompress_none.c.obj    14      0         0      
       copy_zero_init.c.obj          12      0         0      
       exit.c.obj                    4       0         0      
       pre_init.c.obj                4       0         0      
       div0.asm.obj                  2       0         0      
    +--+-----------------------------+-------+---------+---------+
       Total:                        7687    257       8      
                                                              
       Stack:                        0       0         1024   
       Linker Generated:             0       96        0      
    +--+-----------------------------+-------+---------+---------+
       Grand Total:                  18125   4323      3256   


LINKER GENERATED COPY TABLES

__TI_cinit_table @ 000057b0 records: 2, size/record: 8, table size: 16
	.data: load addr=00005760, load size=0000003c bytes, run addr=20000414, run size=00000048 bytes, compression=lzss
	.bss: load addr=000057a8, load size=00000008 bytes, run addr=20000000, run size=00000414 bytes, compression=zero_init


LINKER GENERATED HANDLER TABLE

__TI_handler_table @ 0000579c records: 3, size/record: 4, table size: 12
	index: 0, handler: __TI_decompress_lzss
	index: 1, handler: __TI_decompress_none
	index: 2, handler: __TI_zero_init


GLOBAL SYMBOLS: SORTED ALPHABETICALLY BY Name 

address   name                          
-------   ----                          
00004795  ADC14_IRQHandler              
00004795  AES256_IRQHandler             
00001757  ApagarRGB_Launchpad           
00004795  BusFault_Handler              
000047b9  C$$EXIT                       
00004795  COMP_E0_IRQHandler            
00004795  COMP_E1_IRQHandler            
00004795  CS_IRQHandler                 
20000448  Color_Fondo                   
2000044c  Color_Fondo_Inv               
2000044a  Color_Texto                   
2000044e  Color_Texto_Inv               
00004795  DMA_ERR_IRQHandler            
00004795  DMA_INT0_IRQHandler           
00004795  DMA_INT1_IRQHandler           
00004795  DMA_INT2_IRQHandler           
00004795  DMA_INT3_IRQHandler           
00004795  DebugMon_Handler              
00004795  Default_Handler               
00004795  EUSCIA0_IRQHandler            
00004795  EUSCIA1_IRQHandler            
00004795  EUSCIA2_IRQHandler            
00004795  EUSCIA3_IRQHandler            
00004795  EUSCIB0_IRQHandler            
00004795  EUSCIB1_IRQHandler            
00004795  EUSCIB2_IRQHandler            
00004795  EUSCIB3_IRQHandler            
00004795  FLCTL_IRQHandler              
00004795  FPU_IRQHandler                
20000447  Fuente                        
00004795  HardFault_Handler             
00004795  MemManage_Handler             
00004795  NMI_Handler                   
00004795  PCM_IRQHandler                
00004795  PORT1_IRQHandler              
00004795  PORT2_IRQHandler              
0000153d  PORT3_IRQHandler              
0000153d  PORT3_IRQHandler              
000015b1  PORT4_IRQHandler              
000015b1  PORT4_IRQHandler              
00001625  PORT5_IRQHandler              
00001625  PORT5_IRQHandler              
00004795  PORT6_IRQHandler              
00004795  PSS_IRQHandler                
00004795  PendSV_Handler                
00004795  RTC_C_IRQHandler              
00004789  Reset_Handler                 
00004795  SVC_Handler                   
00004795  SysTick_Handler               
20000458  SystemCoreClock               
00002ec9  SystemCoreClockUpdate         
00003141  SystemInit                    
00004795  T32_INT1_IRQHandler           
00004795  T32_INT2_IRQHandler           
00004795  T32_INTC_IRQHandler           
0000168d  TA0_0_IRQHandler              
0000168d  TA0_0_IRQHandler              
00004795  TA0_N_IRQHandler              
000016b5  TA1_0_IRQHandler              
000016b5  TA1_0_IRQHandler              
00004795  TA1_N_IRQHandler              
00004795  TA2_0_IRQHandler              
00004795  TA2_N_IRQHandler              
00004795  TA3_0_IRQHandler              
00004795  TA3_N_IRQHandler              
00004795  UsageFault_Handler            
4000480c  WDTCTL_SYM                    
00004795  WDT_A_IRQHandler              
20010000  __STACK_END                   
00000200  __STACK_SIZE                  
000057b0  __TI_CINIT_Base               
000057c0  __TI_CINIT_Limit              
0000579c  __TI_Handler_Table_Base       
000057a8  __TI_Handler_Table_Limit      
000045cd  __TI_auto_init_nobinit_nopinit
0000436f  __TI_decompress_lzss          
0000477b  __TI_decompress_none          
ffffffff  __TI_pprof_out_hndl           
00001bc1  __TI_printfi                  
ffffffff  __TI_prof_data_size           
ffffffff  __TI_prof_data_start          
00000000  __TI_static_base__            
00004797  __TI_zero_init                
00004101  __aeabi_cdcmpeq               
00004101  __aeabi_cdcmple               
00004187  __aeabi_cdrcmple              
00004585  __aeabi_d2iz                  
00003647  __aeabi_dadd                  
00003ab9  __aeabi_ddiv                  
00003e21  __aeabi_dmul                  
0000363d  __aeabi_dsub                  
000047ad  __aeabi_errno_addr            
000046c9  __aeabi_i2d                   
0000261f  __aeabi_idiv0                 
0000261f  __aeabi_ldiv0                 
0000420d  __aeabi_memclr                
0000420d  __aeabi_memclr4               
0000420d  __aeabi_memclr8               
00003fcf  __aeabi_memcpy                
00003fcf  __aeabi_memcpy4               
00003fcf  __aeabi_memcpy8               
0000420f  __aeabi_memset                
0000420f  __aeabi_memset4               
0000420f  __aeabi_memset8               
0000406b  __aeabi_uldivmod              
ffffffff  __binit__                     
ffffffff  __c_args__                    
UNDEFED   __mpu_init                    
2000fe00  __stack                       
00004691  _c_int00_noargs               
0000563a  _ctypes_                      
20000446  _orientation                  
UNDEFED   _system_post_cinit            
000047b5  _system_pre_init              
000047b9  abort                         
00004539  atoi                          
20000453  bgColorHighByte               
20000452  bgColorLowByte                
ffffffff  binit                         
20000426  borrado                       
000011ff  borrar                        
20000400  cadena                        
00002a51  cambiar_orientacion           
20000423  cambio_estado                 
00000121  clearScreen                   
000001af  clearScreenBkg                
20000451  colorHighByte                 
20000450  colorLowByte                  
00001375  comprobar_alarma              
00001501  config_P7_LEDS                
00004741  copysign                      
00004741  copysignl                     
20000410  count_ms                      
000014d1  decrementar_alarma            
0000142d  decrementar_hora              
00003919  delay                         
00001347  delay_t                       
20000425  direccio_LED                  
00000521  drawCharLg                    
000005c9  drawCharLgBkg                 
000006ad  drawCharMd                    
0000075b  drawCharMdBkg                 
000003a1  drawCharSm                    
00000447  drawCharSmBkg                 
00000d9b  drawCircle                    
000008bd  drawImage                     
000008d5  drawImageLut                  
000009e3  drawImageMono                 
00000b41  drawLine                      
00000a01  drawLogicLine                 
00000237  drawPixel                     
00000d37  drawRect                      
00000267  drawString                    
20000454  errno                         
00001213  escribir                      
20000415  estado                        
20000416  estado_anterior               
00000fb9  fillCircle                    
00000f1b  fillRect                      
20000422  flag_retraso                  
000047bc  font_11x16                    
0000545a  font_5x7                      
00004fe6  font_8x12                     
000043d9  frexp                         
000043d9  frexpl                        
000026cb  getAltura                     
00002679  getColumna                    
00002627  getLinea                      
00002621  getOrientacion                
00002727  getScreenHeight               
00002711  getScreenWidth                
00002be1  halLcdClearLine               
00002a7f  halLcdClearScreen             
00002aa3  halLcdClearScreenBkg          
00002d55  halLcdDrawCircle              
00002e5d  halLcdDrawImageLut            
00002ca9  halLcdDrawLine                
00002c57  halLcdDrawPixel               
00002cfd  halLcdDrawRect                
00002e01  halLcdFillCircle              
00002da5  halLcdFillRect                
00002a73  halLcdInit                    
00002ac3  halLcdPrintLine               
00002b43  halLcdPrintLineCol            
2000041c  hora                          
20000420  hora_alarma                   
000013a7  imprimir_temps                
0000146d  incrementar_alarma            
0000140d  incrementar_hora              
0000289d  initLCD                       
000011f3  init_LCD                      
00001229  init_botons                   
000011c1  init_clock                    
00001131  init_interrupciones           
000037f5  init_spi_lcd_tactil           
00001199  init_timer                    
00004289  init_ucs_16MHz                
000042c1  init_ucs_24MHz                
00000000  interruptVectors              
00003d11  ldexp                         
00003d11  ldexpl                        
20000414  linea                         
00004493  ltoa                          
000017a1  main                          
000046f7  memccpy                       
00003fcf  memcpy                        
00004215  memset                        
20000412  min                           
2000041f  min_alarma                    
2000041e  modifica_alarma               
2000041d  modifica_hora                 
00001725  mov_left                      
000016ef  mov_right                     
20000418  retraso                       
20000436  saludo                        
00003d11  scalbn                        
00003d11  scalbnl                       
20000413  seg                           
20000421  seg_alarma                    
0000273d  setArea                       
00000103  setBackgroundColor            
000000e5  setColor                      
000029e3  setOrientation                
00004611  sprintf                       
0000472b  strchr                        
00004755  strlen                        
20000424  velocitat                     
00004769  wcslen                        
000038f3  writeCommand                  
000038cd  writeData                     


GLOBAL SYMBOLS: SORTED BY Symbol Address 

address   name                          
-------   ----                          
00000000  __TI_static_base__            
00000000  interruptVectors              
000000e5  setColor                      
00000103  setBackgroundColor            
00000121  clearScreen                   
000001af  clearScreenBkg                
00000200  __STACK_SIZE                  
00000237  drawPixel                     
00000267  drawString                    
000003a1  drawCharSm                    
00000447  drawCharSmBkg                 
00000521  drawCharLg                    
000005c9  drawCharLgBkg                 
000006ad  drawCharMd                    
0000075b  drawCharMdBkg                 
000008bd  drawImage                     
000008d5  drawImageLut                  
000009e3  drawImageMono                 
00000a01  drawLogicLine                 
00000b41  drawLine                      
00000d37  drawRect                      
00000d9b  drawCircle                    
00000f1b  fillRect                      
00000fb9  fillCircle                    
00001131  init_interrupciones           
00001199  init_timer                    
000011c1  init_clock                    
000011f3  init_LCD                      
000011ff  borrar                        
00001213  escribir                      
00001229  init_botons                   
00001347  delay_t                       
00001375  comprobar_alarma              
000013a7  imprimir_temps                
0000140d  incrementar_hora              
0000142d  decrementar_hora              
0000146d  incrementar_alarma            
000014d1  decrementar_alarma            
00001501  config_P7_LEDS                
0000153d  PORT3_IRQHandler              
0000153d  PORT3_IRQHandler              
000015b1  PORT4_IRQHandler              
000015b1  PORT4_IRQHandler              
00001625  PORT5_IRQHandler              
00001625  PORT5_IRQHandler              
0000168d  TA0_0_IRQHandler              
0000168d  TA0_0_IRQHandler              
000016b5  TA1_0_IRQHandler              
000016b5  TA1_0_IRQHandler              
000016ef  mov_right                     
00001725  mov_left                      
00001757  ApagarRGB_Launchpad           
000017a1  main                          
00001bc1  __TI_printfi                  
0000261f  __aeabi_idiv0                 
0000261f  __aeabi_ldiv0                 
00002621  getOrientacion                
00002627  getLinea                      
00002679  getColumna                    
000026cb  getAltura                     
00002711  getScreenWidth                
00002727  getScreenHeight               
0000273d  setArea                       
0000289d  initLCD                       
000029e3  setOrientation                
00002a51  cambiar_orientacion           
00002a73  halLcdInit                    
00002a7f  halLcdClearScreen             
00002aa3  halLcdClearScreenBkg          
00002ac3  halLcdPrintLine               
00002b43  halLcdPrintLineCol            
00002be1  halLcdClearLine               
00002c57  halLcdDrawPixel               
00002ca9  halLcdDrawLine                
00002cfd  halLcdDrawRect                
00002d55  halLcdDrawCircle              
00002da5  halLcdFillRect                
00002e01  halLcdFillCircle              
00002e5d  halLcdDrawImageLut            
00002ec9  SystemCoreClockUpdate         
00003141  SystemInit                    
0000363d  __aeabi_dsub                  
00003647  __aeabi_dadd                  
000037f5  init_spi_lcd_tactil           
000038cd  writeData                     
000038f3  writeCommand                  
00003919  delay                         
00003ab9  __aeabi_ddiv                  
00003d11  ldexp                         
00003d11  ldexpl                        
00003d11  scalbn                        
00003d11  scalbnl                       
00003e21  __aeabi_dmul                  
00003fcf  __aeabi_memcpy                
00003fcf  __aeabi_memcpy4               
00003fcf  __aeabi_memcpy8               
00003fcf  memcpy                        
0000406b  __aeabi_uldivmod              
00004101  __aeabi_cdcmpeq               
00004101  __aeabi_cdcmple               
00004187  __aeabi_cdrcmple              
0000420d  __aeabi_memclr                
0000420d  __aeabi_memclr4               
0000420d  __aeabi_memclr8               
0000420f  __aeabi_memset                
0000420f  __aeabi_memset4               
0000420f  __aeabi_memset8               
00004215  memset                        
00004289  init_ucs_16MHz                
000042c1  init_ucs_24MHz                
0000436f  __TI_decompress_lzss          
000043d9  frexp                         
000043d9  frexpl                        
00004493  ltoa                          
00004539  atoi                          
00004585  __aeabi_d2iz                  
000045cd  __TI_auto_init_nobinit_nopinit
00004611  sprintf                       
00004691  _c_int00_noargs               
000046c9  __aeabi_i2d                   
000046f7  memccpy                       
0000472b  strchr                        
00004741  copysign                      
00004741  copysignl                     
00004755  strlen                        
00004769  wcslen                        
0000477b  __TI_decompress_none          
00004789  Reset_Handler                 
00004795  ADC14_IRQHandler              
00004795  AES256_IRQHandler             
00004795  BusFault_Handler              
00004795  COMP_E0_IRQHandler            
00004795  COMP_E1_IRQHandler            
00004795  CS_IRQHandler                 
00004795  DMA_ERR_IRQHandler            
00004795  DMA_INT0_IRQHandler           
00004795  DMA_INT1_IRQHandler           
00004795  DMA_INT2_IRQHandler           
00004795  DMA_INT3_IRQHandler           
00004795  DebugMon_Handler              
00004795  Default_Handler               
00004795  EUSCIA0_IRQHandler            
00004795  EUSCIA1_IRQHandler            
00004795  EUSCIA2_IRQHandler            
00004795  EUSCIA3_IRQHandler            
00004795  EUSCIB0_IRQHandler            
00004795  EUSCIB1_IRQHandler            
00004795  EUSCIB2_IRQHandler            
00004795  EUSCIB3_IRQHandler            
00004795  FLCTL_IRQHandler              
00004795  FPU_IRQHandler                
00004795  HardFault_Handler             
00004795  MemManage_Handler             
00004795  NMI_Handler                   
00004795  PCM_IRQHandler                
00004795  PORT1_IRQHandler              
00004795  PORT2_IRQHandler              
00004795  PORT6_IRQHandler              
00004795  PSS_IRQHandler                
00004795  PendSV_Handler                
00004795  RTC_C_IRQHandler              
00004795  SVC_Handler                   
00004795  SysTick_Handler               
00004795  T32_INT1_IRQHandler           
00004795  T32_INT2_IRQHandler           
00004795  T32_INTC_IRQHandler           
00004795  TA0_N_IRQHandler              
00004795  TA1_N_IRQHandler              
00004795  TA2_0_IRQHandler              
00004795  TA2_N_IRQHandler              
00004795  TA3_0_IRQHandler              
00004795  TA3_N_IRQHandler              
00004795  UsageFault_Handler            
00004795  WDT_A_IRQHandler              
00004797  __TI_zero_init                
000047ad  __aeabi_errno_addr            
000047b5  _system_pre_init              
000047b9  C$$EXIT                       
000047b9  abort                         
000047bc  font_11x16                    
00004fe6  font_8x12                     
0000545a  font_5x7                      
0000563a  _ctypes_                      
0000579c  __TI_Handler_Table_Base       
000057a8  __TI_Handler_Table_Limit      
000057b0  __TI_CINIT_Base               
000057c0  __TI_CINIT_Limit              
20000400  cadena                        
20000410  count_ms                      
20000412  min                           
20000413  seg                           
20000414  linea                         
20000415  estado                        
20000416  estado_anterior               
20000418  retraso                       
2000041c  hora                          
2000041d  modifica_hora                 
2000041e  modifica_alarma               
2000041f  min_alarma                    
20000420  hora_alarma                   
20000421  seg_alarma                    
20000422  flag_retraso                  
20000423  cambio_estado                 
20000424  velocitat                     
20000425  direccio_LED                  
20000426  borrado                       
20000436  saludo                        
20000446  _orientation                  
20000447  Fuente                        
20000448  Color_Fondo                   
2000044a  Color_Texto                   
2000044c  Color_Fondo_Inv               
2000044e  Color_Texto_Inv               
20000450  colorLowByte                  
20000451  colorHighByte                 
20000452  bgColorLowByte                
20000453  bgColorHighByte               
20000454  errno                         
20000458  SystemCoreClock               
2000fe00  __stack                       
20010000  __STACK_END                   
4000480c  WDTCTL_SYM                    
ffffffff  __TI_pprof_out_hndl           
ffffffff  __TI_prof_data_size           
ffffffff  __TI_prof_data_start          
ffffffff  __binit__                     
ffffffff  __c_args__                    
ffffffff  binit                         
UNDEFED   __mpu_init                    
UNDEFED   _system_post_cinit            

[230 symbols]
